2026-09-06T15:23:17.3829661Z Current runner version: '2.337.0'
2026-09-06T15:23:17.3867485Z ##[group]Runner Image Provisioner
2026-09-06T15:23:17.3868689Z Hosted Compute Agent
2026-09-06T15:23:17.3869732Z Version: 20260828.587
2026-09-06T15:23:17.3871031Z Commit: abac92662cab4cc7352de4f9f9d2e2419aad9c29
2026-09-06T15:23:17.3872330Z Build Date: 2026-08-28T16:44:25Z
2026-09-06T15:23:17.3873404Z Worker ID: {f0a78fc9-e901-47eb-9c8b-3e858e88ac02}
2026-09-06T15:23:17.3874489Z Azure Region: eastus2
2026-09-06T15:23:17.3875556Z ##[endgroup]
2026-09-06T15:23:17.3878345Z ##[group]Operating System
2026-09-06T15:23:17.3879460Z Ubuntu
2026-09-06T15:23:17.3880522Z 24.04.4
2026-09-06T15:23:17.3881397Z LTS
2026-09-06T15:23:17.3882222Z ##[endgroup]
2026-09-06T15:23:17.3883116Z ##[group]Runner Image
2026-09-06T15:23:17.3884229Z Image: ubuntu-24.04
2026-09-06T15:23:17.3885108Z Version: 20260831.293.1
2026-09-06T15:23:17.3887231Z Included Software: https://github.com/actions/runner-images/blob/ubuntu24/20260831.293/images/ubuntu/Ubuntu2404-Readme.md
2026-09-06T15:23:17.3889947Z Image Release: https://github.com/actions/runner-images/releases/tag/ubuntu24%2F20260831.293
2026-09-06T15:23:17.3891761Z ##[endgroup]
2026-09-06T15:23:17.3893845Z ##[group]GITHUB_TOKEN Permissions
2026-09-06T15:23:17.3896935Z Actions: read
2026-09-06T15:23:17.3897978Z Contents: read
2026-09-06T15:23:17.3898822Z Metadata: read
2026-09-06T15:23:17.3899707Z Packages: read
2026-09-06T15:23:17.3900775Z ##[endgroup]
2026-09-06T15:23:17.3903716Z Secret source: Actions
2026-09-06T15:23:17.3906088Z Prepare workflow directory
2026-09-06T15:23:17.4470627Z Prepare all required actions
2026-09-06T15:23:17.4541449Z Getting action download info
2026-09-06T15:23:17.6257589Z Download action repository 'actions/checkout@11bd71901bbe5b1630ceea73d27597364c9af683' (SHA:11bd71901bbe5b1630ceea73d27597364c9af683)
2026-09-06T15:23:17.7489093Z Download action repository 'actions/setup-python@a26af69be951a213d495a4c3e4e4022e16d87065' (SHA:a26af69be951a213d495a4c3e4e4022e16d87065)
2026-09-06T15:23:17.8295889Z Download action repository 'actions/download-artifact@d3f86a106a0bac45b974a628896c90dbdf5c8093' (SHA:d3f86a106a0bac45b974a628896c90dbdf5c8093)
2026-09-06T15:23:18.0466629Z Download action repository 'actions/upload-artifact@ea165f8d65b6e75b540449e92b4886f43607fa02' (SHA:ea165f8d65b6e75b540449e92b4886f43607fa02)
2026-09-06T15:23:18.3265479Z Complete job name: observe
2026-09-06T15:23:18.4263963Z Node 20 is being deprecated. This workflow is running with Node 24 by default. If you need to temporarily use Node 20, you can set the ACTIONS_ALLOW_USE_UNSECURE_NODE_VERSION=true environment variable. For more information see: https://github.blog/changelog/2025-09-19-deprecation-of-node-20-on-github-actions-runners/
2026-09-06T15:23:18.4275126Z ##[group]Run actions/checkout@11bd71901bbe5b1630ceea73d27597364c9af683
2026-09-06T15:23:18.4276605Z with:
2026-09-06T15:23:18.4277456Z   ref: b0a3033d83584541f4d6f306ecee27e318d29a59
2026-09-06T15:23:18.4278537Z   path: audit-src
2026-09-06T15:23:18.4279338Z   fetch-depth: 1
2026-09-06T15:23:18.4280152Z   filter: blob:none
2026-09-06T15:23:18.4281376Z   persist-credentials: false
2026-09-06T15:23:18.4283030Z   sparse-checkout: backtester/champion_economic_prefix_audit.py
research/champion-economic-integrity

2026-09-06T15:23:18.4284817Z   repository: flabber1835/stocker
2026-09-06T15:23:18.4293905Z   token: ***
2026-09-06T15:23:18.4294759Z   ssh-strict: true
2026-09-06T15:23:18.4295562Z   ssh-user: git
2026-09-06T15:23:18.4296323Z   clean: true
2026-09-06T15:23:18.4297151Z   sparse-checkout-cone-mode: true
2026-09-06T15:23:18.4298108Z   fetch-tags: false
2026-09-06T15:23:18.4298910Z   show-progress: true
2026-09-06T15:23:18.4299722Z   lfs: false
2026-09-06T15:23:18.4300665Z   submodules: false
2026-09-06T15:23:18.4301491Z   set-safe-directory: true
2026-09-06T15:23:18.4302767Z env:
2026-09-06T15:23:18.4303519Z   PYTHONUNBUFFERED: 1
2026-09-06T15:23:18.4304419Z   PIT_OFFICIAL_BACKTEST: 0
2026-09-06T15:23:18.4305334Z   RESEARCH_REPLAY_MODE: fullpit
2026-09-06T15:23:18.4306307Z   CERTIFICATION_WARMUP_START: 2006-01-03
2026-09-06T15:23:18.4307707Z   CERTIFICATION_MEASUREMENT_START: 2006-07-31
2026-09-06T15:23:18.4308824Z   CERTIFICATION_END_SESSION: 2026-07-31
2026-09-06T15:23:18.4309799Z ##[endgroup]
2026-09-06T15:23:18.5385461Z Syncing repository: flabber1835/stocker
2026-09-06T15:23:18.5388562Z ##[group]Getting Git version info
2026-09-06T15:23:18.5390125Z Working directory is '/home/runner/work/stocker/stocker/audit-src'
2026-09-06T15:23:18.5392611Z [command]/usr/bin/git version
2026-09-06T15:23:18.5437283Z git version 2.55.0
2026-09-06T15:23:18.5458977Z ##[endgroup]
2026-09-06T15:23:18.5475406Z Temporarily overriding HOME='/home/runner/work/_temp/02e1c59d-3abd-455e-83ca-0f53d55fabe6' before making global git config changes
2026-09-06T15:23:18.5479436Z Adding repository directory to the temporary git global config as a safe directory
2026-09-06T15:23:18.5482793Z [command]/usr/bin/git config --global --add safe.directory /home/runner/work/stocker/stocker/audit-src
2026-09-06T15:23:18.5543431Z ##[group]Initializing the repository
2026-09-06T15:23:18.5548623Z [command]/usr/bin/git init /home/runner/work/stocker/stocker/audit-src
2026-09-06T15:23:18.5650185Z hint: Using 'master' as the name for the initial branch. This default branch name
2026-09-06T15:23:18.5652697Z hint: will change to "main" in Git 3.0. To configure the initial branch name
2026-09-06T15:23:18.5654801Z hint: to use in all of your new repositories, which will suppress this warning,
2026-09-06T15:23:18.5656360Z hint: call:
2026-09-06T15:23:18.5657190Z hint:
2026-09-06T15:23:18.5658234Z hint: 	git config --global init.defaultBranch <name>
2026-09-06T15:23:18.5659545Z hint:
2026-09-06T15:23:18.5661117Z hint: Names commonly chosen instead of 'master' are 'main', 'trunk' and
2026-09-06T15:23:18.5663054Z hint: 'development'. The just-created branch can be renamed via this command:
2026-09-06T15:23:18.5664454Z hint:
2026-09-06T15:23:18.5665226Z hint: 	git branch -m <name>
2026-09-06T15:23:18.5666129Z hint:
2026-09-06T15:23:18.5667294Z hint: Disable this message with "git config set advice.defaultBranchName false"
2026-09-06T15:23:18.5674725Z Initialized empty Git repository in /home/runner/work/stocker/stocker/audit-src/.git/
2026-09-06T15:23:18.5686583Z [command]/usr/bin/git remote add origin https://github.com/flabber1835/stocker
2026-09-06T15:23:18.5734178Z ##[endgroup]
2026-09-06T15:23:18.5736701Z ##[group]Disabling automatic garbage collection
2026-09-06T15:23:18.5738596Z [command]/usr/bin/git config --local gc.auto 0
2026-09-06T15:23:18.5776866Z ##[endgroup]
2026-09-06T15:23:18.5778875Z ##[group]Setting up auth
2026-09-06T15:23:18.5783325Z [command]/usr/bin/git config --local --name-only --get-regexp core\.sshCommand
2026-09-06T15:23:18.5822365Z [command]/usr/bin/git submodule foreach --recursive sh -c "git config --local --name-only --get-regexp 'core\.sshCommand' && git config --local --unset-all 'core.sshCommand' || :"
2026-09-06T15:23:18.6210085Z [command]/usr/bin/git config --local --name-only --get-regexp http\.https\:\/\/github\.com\/\.extraheader
2026-09-06T15:23:18.6255383Z [command]/usr/bin/git submodule foreach --recursive sh -c "git config --local --name-only --get-regexp 'http\.https\:\/\/github\.com\/\.extraheader' && git config --local --unset-all 'http.https://github.com/.extraheader' || :"
2026-09-06T15:23:18.6502310Z [command]/usr/bin/git config --local http.https://github.com/.extraheader AUTHORIZATION: basic ***
2026-09-06T15:23:18.6544358Z ##[endgroup]
2026-09-06T15:23:18.6545793Z ##[group]Fetching the repository
2026-09-06T15:23:18.6554993Z [command]/usr/bin/git -c protocol.version=2 fetch --no-tags --prune --no-recurse-submodules --filter=blob:none --depth=1 origin b0a3033d83584541f4d6f306ecee27e318d29a59
2026-09-06T15:23:18.9978504Z From https://github.com/flabber1835/stocker
2026-09-06T15:23:18.9979379Z  * branch            b0a3033d83584541f4d6f306ecee27e318d29a59 -> FETCH_HEAD
2026-09-06T15:23:18.9983407Z ##[endgroup]
2026-09-06T15:23:18.9984342Z ##[group]Determining the checkout info
2026-09-06T15:23:18.9986122Z ##[endgroup]
2026-09-06T15:23:18.9986957Z ##[group]Setting up sparse checkout
2026-09-06T15:23:18.9993098Z [command]/usr/bin/git sparse-checkout set backtester/champion_economic_prefix_audit.py research/champion-economic-integrity
2026-09-06T15:23:19.0043333Z ##[endgroup]
2026-09-06T15:23:19.0044208Z ##[group]Checking out the ref
2026-09-06T15:23:19.0047971Z [command]/usr/bin/git checkout --progress --force b0a3033d83584541f4d6f306ecee27e318d29a59
2026-09-06T15:23:19.2943392Z Note: switching to 'b0a3033d83584541f4d6f306ecee27e318d29a59'.
2026-09-06T15:23:19.2943891Z 
2026-09-06T15:23:19.2944208Z You are in 'detached HEAD' state. You can look around, make experimental
2026-09-06T15:23:19.2944892Z changes and commit them, and you can discard any commits you make in this
2026-09-06T15:23:19.2945526Z state without impacting any branches by switching back to a branch.
2026-09-06T15:23:19.2945978Z 
2026-09-06T15:23:19.2946334Z If you want to create a new branch to retain commits you create, you may
2026-09-06T15:23:19.2947067Z do so (now or later) by using -c with the switch command. Example:
2026-09-06T15:23:19.2947509Z 
2026-09-06T15:23:19.2947764Z   git switch -c <new-branch-name>
2026-09-06T15:23:19.2948107Z 
2026-09-06T15:23:19.2948357Z Or undo this operation with:
2026-09-06T15:23:19.2948682Z 
2026-09-06T15:23:19.2948898Z   git switch -
2026-09-06T15:23:19.2949207Z 
2026-09-06T15:23:19.2949620Z Turn off this advice by setting config variable advice.detachedHead to false
2026-09-06T15:23:19.2950111Z 
2026-09-06T15:23:19.2950913Z HEAD is now at b0a3033 audit: run preregistered bounded controls against pinned corpus and retained baselines
2026-09-06T15:23:19.2953986Z ##[endgroup]
2026-09-06T15:23:19.3011742Z [command]/usr/bin/git log -1 --format=%H
2026-09-06T15:23:19.3047801Z b0a3033d83584541f4d6f306ecee27e318d29a59
2026-09-06T15:23:19.3069823Z ##[group]Removing auth
2026-09-06T15:23:19.3078978Z [command]/usr/bin/git config --local --name-only --get-regexp core\.sshCommand
2026-09-06T15:23:19.3120216Z [command]/usr/bin/git submodule foreach --recursive sh -c "git config --local --name-only --get-regexp 'core\.sshCommand' && git config --local --unset-all 'core.sshCommand' || :"
2026-09-06T15:23:19.3396137Z [command]/usr/bin/git config --local --name-only --get-regexp http\.https\:\/\/github\.com\/\.extraheader
2026-09-06T15:23:19.3430053Z http.https://github.com/.extraheader
2026-09-06T15:23:19.3437791Z [command]/usr/bin/git config --local --unset-all http.https://github.com/.extraheader
2026-09-06T15:23:19.3478968Z [command]/usr/bin/git submodule foreach --recursive sh -c "git config --local --name-only --get-regexp 'http\.https\:\/\/github\.com\/\.extraheader' && git config --local --unset-all 'http.https://github.com/.extraheader' || :"
2026-09-06T15:23:19.3726267Z ##[endgroup]
2026-09-06T15:23:19.4038307Z Node 20 is being deprecated. This workflow is running with Node 24 by default. If you need to temporarily use Node 20, you can set the ACTIONS_ALLOW_USE_UNSECURE_NODE_VERSION=true environment variable. For more information see: https://github.blog/changelog/2025-09-19-deprecation-of-node-20-on-github-actions-runners/
2026-09-06T15:23:19.4040756Z ##[group]Run actions/checkout@11bd71901bbe5b1630ceea73d27597364c9af683
2026-09-06T15:23:19.4041311Z with:
2026-09-06T15:23:19.4041726Z   ref: 27bb992087182c42c3c051e62bf837895f5d2ab7
2026-09-06T15:23:19.4042206Z   path: certified-src
2026-09-06T15:23:19.4042628Z   fetch-depth: 1
2026-09-06T15:23:19.4043008Z   filter: blob:none
2026-09-06T15:23:19.4043429Z   persist-credentials: false
2026-09-06T15:23:19.4044249Z   sparse-checkout: backtester
research/strategy9-e3-broad-stability
research/sentinel-fastgate/experiments/2026-08-25-pit-vs-full-c

2026-09-06T15:23:19.4045094Z   repository: flabber1835/stocker
2026-09-06T15:23:19.4048191Z   token: ***
2026-09-06T15:23:19.4048576Z   ssh-strict: true
2026-09-06T15:23:19.4049035Z   ssh-user: git
2026-09-06T15:23:19.4049394Z   clean: true
2026-09-06T15:23:19.4049797Z   sparse-checkout-cone-mode: true
2026-09-06T15:23:19.4050238Z   fetch-tags: false
2026-09-06T15:23:19.4050973Z   show-progress: true
2026-09-06T15:23:19.4051357Z   lfs: false
2026-09-06T15:23:19.4051721Z   submodules: false
2026-09-06T15:23:19.4052123Z   set-safe-directory: true
2026-09-06T15:23:19.4052524Z env:
2026-09-06T15:23:19.4052889Z   PYTHONUNBUFFERED: 1
2026-09-06T15:23:19.4053295Z   PIT_OFFICIAL_BACKTEST: 0
2026-09-06T15:23:19.4053719Z   RESEARCH_REPLAY_MODE: fullpit
2026-09-06T15:23:19.4054175Z   CERTIFICATION_WARMUP_START: 2006-01-03
2026-09-06T15:23:19.4054696Z   CERTIFICATION_MEASUREMENT_START: 2006-07-31
2026-09-06T15:23:19.4055189Z   CERTIFICATION_END_SESSION: 2026-07-31
2026-09-06T15:23:19.4055628Z ##[endgroup]
2026-09-06T15:23:19.5015554Z Syncing repository: flabber1835/stocker
2026-09-06T15:23:19.5036422Z ##[group]Getting Git version info
2026-09-06T15:23:19.5041639Z Working directory is '/home/runner/work/stocker/stocker/certified-src'
2026-09-06T15:23:19.5052194Z [command]/usr/bin/git version
2026-09-06T15:23:19.5081015Z git version 2.55.0
2026-09-06T15:23:19.5100492Z ##[endgroup]
2026-09-06T15:23:19.5118755Z Temporarily overriding HOME='/home/runner/work/_temp/176b10fc-93c0-4314-8c18-5ce668dfc25c' before making global git config changes
2026-09-06T15:23:19.5120879Z Adding repository directory to the temporary git global config as a safe directory
2026-09-06T15:23:19.5124129Z [command]/usr/bin/git config --global --add safe.directory /home/runner/work/stocker/stocker/certified-src
2026-09-06T15:23:19.5161553Z ##[group]Initializing the repository
2026-09-06T15:23:19.5166936Z [command]/usr/bin/git init /home/runner/work/stocker/stocker/certified-src
2026-09-06T15:23:19.5211527Z hint: Using 'master' as the name for the initial branch. This default branch name
2026-09-06T15:23:19.5212622Z hint: will change to "main" in Git 3.0. To configure the initial branch name
2026-09-06T15:23:19.5213407Z hint: to use in all of your new repositories, which will suppress this warning,
2026-09-06T15:23:19.5213991Z hint: call:
2026-09-06T15:23:19.5214351Z hint:
2026-09-06T15:23:19.5214838Z hint: 	git config --global init.defaultBranch <name>
2026-09-06T15:23:19.5215325Z hint:
2026-09-06T15:23:19.5215841Z hint: Names commonly chosen instead of 'master' are 'main', 'trunk' and
2026-09-06T15:23:19.5216578Z hint: 'development'. The just-created branch can be renamed via this command:
2026-09-06T15:23:19.5217142Z hint:
2026-09-06T15:23:19.5217527Z hint: 	git branch -m <name>
2026-09-06T15:23:19.5217922Z hint:
2026-09-06T15:23:19.5218501Z hint: Disable this message with "git config set advice.defaultBranchName false"
2026-09-06T15:23:19.5223089Z Initialized empty Git repository in /home/runner/work/stocker/stocker/certified-src/.git/
2026-09-06T15:23:19.5233958Z [command]/usr/bin/git remote add origin https://github.com/flabber1835/stocker
2026-09-06T15:23:19.5270696Z ##[endgroup]
2026-09-06T15:23:19.5271760Z ##[group]Disabling automatic garbage collection
2026-09-06T15:23:19.5276189Z [command]/usr/bin/git config --local gc.auto 0
2026-09-06T15:23:19.5310588Z ##[endgroup]
2026-09-06T15:23:19.5311661Z ##[group]Setting up auth
2026-09-06T15:23:19.5318876Z [command]/usr/bin/git config --local --name-only --get-regexp core\.sshCommand
2026-09-06T15:23:19.5355425Z [command]/usr/bin/git submodule foreach --recursive sh -c "git config --local --name-only --get-regexp 'core\.sshCommand' && git config --local --unset-all 'core.sshCommand' || :"
2026-09-06T15:23:19.5625557Z [command]/usr/bin/git config --local --name-only --get-regexp http\.https\:\/\/github\.com\/\.extraheader
2026-09-06T15:23:19.5672026Z [command]/usr/bin/git submodule foreach --recursive sh -c "git config --local --name-only --get-regexp 'http\.https\:\/\/github\.com\/\.extraheader' && git config --local --unset-all 'http.https://github.com/.extraheader' || :"
2026-09-06T15:23:19.5941216Z [command]/usr/bin/git config --local http.https://github.com/.extraheader AUTHORIZATION: basic ***
2026-09-06T15:23:19.6009200Z ##[endgroup]
2026-09-06T15:23:19.6010240Z ##[group]Fetching the repository
2026-09-06T15:23:19.6021402Z [command]/usr/bin/git -c protocol.version=2 fetch --no-tags --prune --no-recurse-submodules --filter=blob:none --depth=1 origin 27bb992087182c42c3c051e62bf837895f5d2ab7
2026-09-06T15:23:19.9296766Z From https://github.com/flabber1835/stocker
2026-09-06T15:23:19.9297963Z  * branch            27bb992087182c42c3c051e62bf837895f5d2ab7 -> FETCH_HEAD
2026-09-06T15:23:19.9301622Z ##[endgroup]
2026-09-06T15:23:19.9302948Z ##[group]Determining the checkout info
2026-09-06T15:23:19.9304413Z ##[endgroup]
2026-09-06T15:23:19.9305644Z ##[group]Setting up sparse checkout
2026-09-06T15:23:19.9321912Z [command]/usr/bin/git sparse-checkout set backtester research/strategy9-e3-broad-stability research/sentinel-fastgate/experiments/2026-08-25-pit-vs-full-c
2026-09-06T15:23:19.9357255Z ##[endgroup]
2026-09-06T15:23:19.9358395Z ##[group]Checking out the ref
2026-09-06T15:23:19.9362959Z [command]/usr/bin/git checkout --progress --force 27bb992087182c42c3c051e62bf837895f5d2ab7
2026-09-06T15:23:20.7390862Z Note: switching to '27bb992087182c42c3c051e62bf837895f5d2ab7'.
2026-09-06T15:23:20.7391905Z 
2026-09-06T15:23:20.7392297Z You are in 'detached HEAD' state. You can look around, make experimental
2026-09-06T15:23:20.7392869Z changes and commit them, and you can discard any commits you make in this
2026-09-06T15:23:20.7393531Z state without impacting any branches by switching back to a branch.
2026-09-06T15:23:20.7393823Z 
2026-09-06T15:23:20.7394016Z If you want to create a new branch to retain commits you create, you may
2026-09-06T15:23:20.7394466Z do so (now or later) by using -c with the switch command. Example:
2026-09-06T15:23:20.7394748Z 
2026-09-06T15:23:20.7394875Z   git switch -c <new-branch-name>
2026-09-06T15:23:20.7395052Z 
2026-09-06T15:23:20.7395176Z Or undo this operation with:
2026-09-06T15:23:20.7395371Z 
2026-09-06T15:23:20.7395472Z   git switch -
2026-09-06T15:23:20.7395637Z 
2026-09-06T15:23:20.7395884Z Turn off this advice by setting config variable advice.detachedHead to false
2026-09-06T15:23:20.7396357Z 
2026-09-06T15:23:20.7396800Z HEAD is now at 27bb992 fix(backtester): honor bounded C1 terminal carry in Champion NAV gate
2026-09-06T15:23:20.7402285Z ##[endgroup]
2026-09-06T15:23:20.7453347Z [command]/usr/bin/git log -1 --format=%H
2026-09-06T15:23:20.7484508Z 27bb992087182c42c3c051e62bf837895f5d2ab7
2026-09-06T15:23:20.7494744Z ##[group]Removing auth
2026-09-06T15:23:20.7499703Z [command]/usr/bin/git config --local --name-only --get-regexp core\.sshCommand
2026-09-06T15:23:20.7549376Z [command]/usr/bin/git submodule foreach --recursive sh -c "git config --local --name-only --get-regexp 'core\.sshCommand' && git config --local --unset-all 'core.sshCommand' || :"
2026-09-06T15:23:20.7792996Z [command]/usr/bin/git config --local --name-only --get-regexp http\.https\:\/\/github\.com\/\.extraheader
2026-09-06T15:23:20.7822052Z http.https://github.com/.extraheader
2026-09-06T15:23:20.7833604Z [command]/usr/bin/git config --local --unset-all http.https://github.com/.extraheader
2026-09-06T15:23:20.7871912Z [command]/usr/bin/git submodule foreach --recursive sh -c "git config --local --name-only --get-regexp 'http\.https\:\/\/github\.com\/\.extraheader' && git config --local --unset-all 'http.https://github.com/.extraheader' || :"
2026-09-06T15:23:20.8123006Z ##[endgroup]
2026-09-06T15:23:20.8328966Z Node 20 is being deprecated. This workflow is running with Node 24 by default. If you need to temporarily use Node 20, you can set the ACTIONS_ALLOW_USE_UNSECURE_NODE_VERSION=true environment variable. For more information see: https://github.blog/changelog/2025-09-19-deprecation-of-node-20-on-github-actions-runners/
2026-09-06T15:23:20.8330509Z ##[group]Run actions/checkout@11bd71901bbe5b1630ceea73d27597364c9af683
2026-09-06T15:23:20.8330944Z with:
2026-09-06T15:23:20.8331190Z   ref: ba74e79490beb8950611b1d17f5d124833b3d91e
2026-09-06T15:23:20.8357279Z   path: candidate-src
2026-09-06T15:23:20.8357606Z   fetch-depth: 1
2026-09-06T15:23:20.8357845Z   filter: blob:none
2026-09-06T15:23:20.8358081Z   persist-credentials: false
2026-09-06T15:23:20.8358973Z   sparse-checkout: backtester
research/strategy9-e3-broad-stability
research/sentinel-fastgate/experiments/2026-08-25-pit-vs-full-c

2026-09-06T15:23:20.8359583Z   repository: flabber1835/stocker
2026-09-06T15:23:20.8362683Z   token: ***
2026-09-06T15:23:20.8362908Z   ssh-strict: true
2026-09-06T15:23:20.8363129Z   ssh-user: git
2026-09-06T15:23:20.8363338Z   clean: true
2026-09-06T15:23:20.8363561Z   sparse-checkout-cone-mode: true
2026-09-06T15:23:20.8363827Z   fetch-tags: false
2026-09-06T15:23:20.8364049Z   show-progress: true
2026-09-06T15:23:20.8364271Z   lfs: false
2026-09-06T15:23:20.8364471Z   submodules: false
2026-09-06T15:23:20.8364701Z   set-safe-directory: true
2026-09-06T15:23:20.8364937Z env:
2026-09-06T15:23:20.8365143Z   PYTHONUNBUFFERED: 1
2026-09-06T15:23:20.8365375Z   PIT_OFFICIAL_BACKTEST: 0
2026-09-06T15:23:20.8365622Z   RESEARCH_REPLAY_MODE: fullpit
2026-09-06T15:23:20.8365893Z   CERTIFICATION_WARMUP_START: 2006-01-03
2026-09-06T15:23:20.8366201Z   CERTIFICATION_MEASUREMENT_START: 2006-07-31
2026-09-06T15:23:20.8366514Z   CERTIFICATION_END_SESSION: 2026-07-31
2026-09-06T15:23:20.8366778Z ##[endgroup]
2026-09-06T15:23:20.9192256Z Syncing repository: flabber1835/stocker
2026-09-06T15:23:20.9199286Z ##[group]Getting Git version info
2026-09-06T15:23:20.9200037Z Working directory is '/home/runner/work/stocker/stocker/candidate-src'
2026-09-06T15:23:20.9239885Z [command]/usr/bin/git version
2026-09-06T15:23:20.9283562Z git version 2.55.0
2026-09-06T15:23:20.9305484Z ##[endgroup]
2026-09-06T15:23:20.9320232Z Temporarily overriding HOME='/home/runner/work/_temp/9eb8f5a2-c48a-4cdd-987c-e08bbb3d211e' before making global git config changes
2026-09-06T15:23:20.9321579Z Adding repository directory to the temporary git global config as a safe directory
2026-09-06T15:23:20.9325908Z [command]/usr/bin/git config --global --add safe.directory /home/runner/work/stocker/stocker/candidate-src
2026-09-06T15:23:20.9362345Z ##[group]Initializing the repository
2026-09-06T15:23:20.9367575Z [command]/usr/bin/git init /home/runner/work/stocker/stocker/candidate-src
2026-09-06T15:23:20.9410030Z hint: Using 'master' as the name for the initial branch. This default branch name
2026-09-06T15:23:20.9411470Z hint: will change to "main" in Git 3.0. To configure the initial branch name
2026-09-06T15:23:20.9412413Z hint: to use in all of your new repositories, which will suppress this warning,
2026-09-06T15:23:20.9413068Z hint: call:
2026-09-06T15:23:20.9413370Z hint:
2026-09-06T15:23:20.9413760Z hint: 	git config --global init.defaultBranch <name>
2026-09-06T15:23:20.9414254Z hint:
2026-09-06T15:23:20.9414725Z hint: Names commonly chosen instead of 'master' are 'main', 'trunk' and
2026-09-06T15:23:20.9415534Z hint: 'development'. The just-created branch can be renamed via this command:
2026-09-06T15:23:20.9416152Z hint:
2026-09-06T15:23:20.9416463Z hint: 	git branch -m <name>
2026-09-06T15:23:20.9416844Z hint:
2026-09-06T15:23:20.9417364Z hint: Disable this message with "git config set advice.defaultBranchName false"
2026-09-06T15:23:20.9418322Z Initialized empty Git repository in /home/runner/work/stocker/stocker/candidate-src/.git/
2026-09-06T15:23:20.9430597Z [command]/usr/bin/git remote add origin https://github.com/flabber1835/stocker
2026-09-06T15:23:20.9469182Z ##[endgroup]
2026-09-06T15:23:20.9469639Z ##[group]Disabling automatic garbage collection
2026-09-06T15:23:20.9475056Z [command]/usr/bin/git config --local gc.auto 0
2026-09-06T15:23:20.9507157Z ##[endgroup]
2026-09-06T15:23:20.9507716Z ##[group]Setting up auth
2026-09-06T15:23:20.9514567Z [command]/usr/bin/git config --local --name-only --get-regexp core\.sshCommand
2026-09-06T15:23:20.9555846Z [command]/usr/bin/git submodule foreach --recursive sh -c "git config --local --name-only --get-regexp 'core\.sshCommand' && git config --local --unset-all 'core.sshCommand' || :"
2026-09-06T15:23:20.9831328Z [command]/usr/bin/git config --local --name-only --get-regexp http\.https\:\/\/github\.com\/\.extraheader
2026-09-06T15:23:20.9871215Z [command]/usr/bin/git submodule foreach --recursive sh -c "git config --local --name-only --get-regexp 'http\.https\:\/\/github\.com\/\.extraheader' && git config --local --unset-all 'http.https://github.com/.extraheader' || :"
2026-09-06T15:23:21.0151116Z [command]/usr/bin/git config --local http.https://github.com/.extraheader AUTHORIZATION: basic ***
2026-09-06T15:23:21.0201579Z ##[endgroup]
2026-09-06T15:23:21.0202219Z ##[group]Fetching the repository
2026-09-06T15:23:21.0213468Z [command]/usr/bin/git -c protocol.version=2 fetch --no-tags --prune --no-recurse-submodules --filter=blob:none --depth=1 origin ba74e79490beb8950611b1d17f5d124833b3d91e
2026-09-06T15:23:21.4175124Z From https://github.com/flabber1835/stocker
2026-09-06T15:23:21.4176264Z  * branch            ba74e79490beb8950611b1d17f5d124833b3d91e -> FETCH_HEAD
2026-09-06T15:23:21.4181987Z ##[endgroup]
2026-09-06T15:23:21.4182649Z ##[group]Determining the checkout info
2026-09-06T15:23:21.4191024Z ##[endgroup]
2026-09-06T15:23:21.4191444Z ##[group]Setting up sparse checkout
2026-09-06T15:23:21.4192655Z [command]/usr/bin/git sparse-checkout set backtester research/strategy9-e3-broad-stability research/sentinel-fastgate/experiments/2026-08-25-pit-vs-full-c
2026-09-06T15:23:21.4239639Z ##[endgroup]
2026-09-06T15:23:21.4240207Z ##[group]Checking out the ref
2026-09-06T15:23:21.4246642Z [command]/usr/bin/git checkout --progress --force ba74e79490beb8950611b1d17f5d124833b3d91e
2026-09-06T15:23:22.0184090Z Note: switching to 'ba74e79490beb8950611b1d17f5d124833b3d91e'.
2026-09-06T15:23:22.0184534Z 
2026-09-06T15:23:22.0184835Z You are in 'detached HEAD' state. You can look around, make experimental
2026-09-06T15:23:22.0185544Z changes and commit them, and you can discard any commits you make in this
2026-09-06T15:23:22.0186236Z state without impacting any branches by switching back to a branch.
2026-09-06T15:23:22.0186659Z 
2026-09-06T15:23:22.0186946Z If you want to create a new branch to retain commits you create, you may
2026-09-06T15:23:22.0187637Z do so (now or later) by using -c with the switch command. Example:
2026-09-06T15:23:22.0188070Z 
2026-09-06T15:23:22.0188262Z   git switch -c <new-branch-name>
2026-09-06T15:23:22.0188548Z 
2026-09-06T15:23:22.0188697Z Or undo this operation with:
2026-09-06T15:23:22.0188960Z 
2026-09-06T15:23:22.0189084Z   git switch -
2026-09-06T15:23:22.0189269Z 
2026-09-06T15:23:22.0189585Z Turn off this advice by setting config variable advice.detachedHead to false
2026-09-06T15:23:22.0190060Z 
2026-09-06T15:23:22.0190565Z HEAD is now at ba74e79 test: correct unsupported historical extrapolation fixture
2026-09-06T15:23:22.0240740Z ##[endgroup]
2026-09-06T15:23:22.0245116Z [command]/usr/bin/git log -1 --format=%H
2026-09-06T15:23:22.0278034Z ba74e79490beb8950611b1d17f5d124833b3d91e
2026-09-06T15:23:22.0287483Z ##[group]Removing auth
2026-09-06T15:23:22.0292368Z [command]/usr/bin/git config --local --name-only --get-regexp core\.sshCommand
2026-09-06T15:23:22.0336035Z [command]/usr/bin/git submodule foreach --recursive sh -c "git config --local --name-only --get-regexp 'core\.sshCommand' && git config --local --unset-all 'core.sshCommand' || :"
2026-09-06T15:23:22.0583765Z [command]/usr/bin/git config --local --name-only --get-regexp http\.https\:\/\/github\.com\/\.extraheader
2026-09-06T15:23:22.0612548Z http.https://github.com/.extraheader
2026-09-06T15:23:22.0620182Z [command]/usr/bin/git config --local --unset-all http.https://github.com/.extraheader
2026-09-06T15:23:22.0658400Z [command]/usr/bin/git submodule foreach --recursive sh -c "git config --local --name-only --get-regexp 'http\.https\:\/\/github\.com\/\.extraheader' && git config --local --unset-all 'http.https://github.com/.extraheader' || :"
2026-09-06T15:23:22.0896267Z ##[endgroup]
2026-09-06T15:23:22.1062879Z Node 20 is being deprecated. This workflow is running with Node 24 by default. If you need to temporarily use Node 20, you can set the ACTIONS_ALLOW_USE_UNSECURE_NODE_VERSION=true environment variable. For more information see: https://github.blog/changelog/2025-09-19-deprecation-of-node-20-on-github-actions-runners/
2026-09-06T15:23:22.1064340Z ##[group]Run actions/checkout@11bd71901bbe5b1630ceea73d27597364c9af683
2026-09-06T15:23:22.1064693Z with:
2026-09-06T15:23:22.1064934Z   ref: 887f479b15ad861313da666ad698034d3847121c
2026-09-06T15:23:22.1065229Z   path: main-src
2026-09-06T15:23:22.1065448Z   fetch-depth: 1
2026-09-06T15:23:22.1065663Z   filter: blob:none
2026-09-06T15:23:22.1065893Z   persist-credentials: false
2026-09-06T15:23:22.1066153Z   sparse-checkout: sentinel
shared

2026-09-06T15:23:22.1066433Z   repository: flabber1835/stocker
2026-09-06T15:23:22.1069078Z   token: ***
2026-09-06T15:23:22.1069291Z   ssh-strict: true
2026-09-06T15:23:22.1069513Z   ssh-user: git
2026-09-06T15:23:22.1069743Z   clean: true
2026-09-06T15:23:22.1069970Z   sparse-checkout-cone-mode: true
2026-09-06T15:23:22.1070231Z   fetch-tags: false
2026-09-06T15:23:22.1070587Z   show-progress: true
2026-09-06T15:23:22.1070803Z   lfs: false
2026-09-06T15:23:22.1071001Z   submodules: false
2026-09-06T15:23:22.1071226Z   set-safe-directory: true
2026-09-06T15:23:22.1071463Z env:
2026-09-06T15:23:22.1071671Z   PYTHONUNBUFFERED: 1
2026-09-06T15:23:22.1071898Z   PIT_OFFICIAL_BACKTEST: 0
2026-09-06T15:23:22.1072135Z   RESEARCH_REPLAY_MODE: fullpit
2026-09-06T15:23:22.1072407Z   CERTIFICATION_WARMUP_START: 2006-01-03
2026-09-06T15:23:22.1072711Z   CERTIFICATION_MEASUREMENT_START: 2006-07-31
2026-09-06T15:23:22.1073016Z   CERTIFICATION_END_SESSION: 2026-07-31
2026-09-06T15:23:22.1073278Z ##[endgroup]
2026-09-06T15:23:22.1903361Z Syncing repository: flabber1835/stocker
2026-09-06T15:23:22.1909492Z ##[group]Getting Git version info
2026-09-06T15:23:22.1910452Z Working directory is '/home/runner/work/stocker/stocker/main-src'
2026-09-06T15:23:22.1950159Z [command]/usr/bin/git version
2026-09-06T15:23:22.1992412Z git version 2.55.0
2026-09-06T15:23:22.2012338Z ##[endgroup]
2026-09-06T15:23:22.2028194Z Temporarily overriding HOME='/home/runner/work/_temp/b5e1b6a4-0049-4c1b-9c6b-a9da8c45f17e' before making global git config changes
2026-09-06T15:23:22.2029572Z Adding repository directory to the temporary git global config as a safe directory
2026-09-06T15:23:22.2034281Z [command]/usr/bin/git config --global --add safe.directory /home/runner/work/stocker/stocker/main-src
2026-09-06T15:23:22.2069658Z ##[group]Initializing the repository
2026-09-06T15:23:22.2075679Z [command]/usr/bin/git init /home/runner/work/stocker/stocker/main-src
2026-09-06T15:23:22.2124362Z hint: Using 'master' as the name for the initial branch. This default branch name
2026-09-06T15:23:22.2125738Z hint: will change to "main" in Git 3.0. To configure the initial branch name
2026-09-06T15:23:22.2126639Z hint: to use in all of your new repositories, which will suppress this warning,
2026-09-06T15:23:22.2127291Z hint: call:
2026-09-06T15:23:22.2127749Z hint:
2026-09-06T15:23:22.2128315Z hint: 	git config --global init.defaultBranch <name>
2026-09-06T15:23:22.2128979Z hint:
2026-09-06T15:23:22.2129669Z hint: Names commonly chosen instead of 'master' are 'main', 'trunk' and
2026-09-06T15:23:22.2130846Z hint: 'development'. The just-created branch can be renamed via this command:
2026-09-06T15:23:22.2131610Z hint:
2026-09-06T15:23:22.2132100Z hint: 	git branch -m <name>
2026-09-06T15:23:22.2132639Z hint:
2026-09-06T15:23:22.2133309Z hint: Disable this message with "git config set advice.defaultBranchName false"
2026-09-06T15:23:22.2134342Z Initialized empty Git repository in /home/runner/work/stocker/stocker/main-src/.git/
2026-09-06T15:23:22.2138432Z [command]/usr/bin/git remote add origin https://github.com/flabber1835/stocker
2026-09-06T15:23:22.2175117Z ##[endgroup]
2026-09-06T15:23:22.2175899Z ##[group]Disabling automatic garbage collection
2026-09-06T15:23:22.2179995Z [command]/usr/bin/git config --local gc.auto 0
2026-09-06T15:23:22.2212152Z ##[endgroup]
2026-09-06T15:23:22.2212736Z ##[group]Setting up auth
2026-09-06T15:23:22.2225578Z [command]/usr/bin/git config --local --name-only --get-regexp core\.sshCommand
2026-09-06T15:23:22.2257795Z [command]/usr/bin/git submodule foreach --recursive sh -c "git config --local --name-only --get-regexp 'core\.sshCommand' && git config --local --unset-all 'core.sshCommand' || :"
2026-09-06T15:23:22.2518263Z [command]/usr/bin/git config --local --name-only --get-regexp http\.https\:\/\/github\.com\/\.extraheader
2026-09-06T15:23:22.2557592Z [command]/usr/bin/git submodule foreach --recursive sh -c "git config --local --name-only --get-regexp 'http\.https\:\/\/github\.com\/\.extraheader' && git config --local --unset-all 'http.https://github.com/.extraheader' || :"
2026-09-06T15:23:22.2828633Z [command]/usr/bin/git config --local http.https://github.com/.extraheader AUTHORIZATION: basic ***
2026-09-06T15:23:22.2875635Z ##[endgroup]
2026-09-06T15:23:22.2876221Z ##[group]Fetching the repository
2026-09-06T15:23:22.2887168Z [command]/usr/bin/git -c protocol.version=2 fetch --no-tags --prune --no-recurse-submodules --filter=blob:none --depth=1 origin 887f479b15ad861313da666ad698034d3847121c
2026-09-06T15:23:22.4982401Z From https://github.com/flabber1835/stocker
2026-09-06T15:23:22.4983507Z  * branch            887f479b15ad861313da666ad698034d3847121c -> FETCH_HEAD
2026-09-06T15:23:22.4988445Z ##[endgroup]
2026-09-06T15:23:22.4989005Z ##[group]Determining the checkout info
2026-09-06T15:23:22.4992183Z ##[endgroup]
2026-09-06T15:23:22.4992743Z ##[group]Setting up sparse checkout
2026-09-06T15:23:22.5000643Z [command]/usr/bin/git sparse-checkout set sentinel shared
2026-09-06T15:23:22.5046956Z ##[endgroup]
2026-09-06T15:23:22.5047493Z ##[group]Checking out the ref
2026-09-06T15:23:22.5053798Z [command]/usr/bin/git checkout --progress --force 887f479b15ad861313da666ad698034d3847121c
2026-09-06T15:23:23.3513101Z Note: switching to '887f479b15ad861313da666ad698034d3847121c'.
2026-09-06T15:23:23.3513518Z 
2026-09-06T15:23:23.3513796Z You are in 'detached HEAD' state. You can look around, make experimental
2026-09-06T15:23:23.3514505Z changes and commit them, and you can discard any commits you make in this
2026-09-06T15:23:23.3515230Z state without impacting any branches by switching back to a branch.
2026-09-06T15:23:23.3515537Z 
2026-09-06T15:23:23.3515735Z If you want to create a new branch to retain commits you create, you may
2026-09-06T15:23:23.3516172Z do so (now or later) by using -c with the switch command. Example:
2026-09-06T15:23:23.3516417Z 
2026-09-06T15:23:23.3516533Z   git switch -c <new-branch-name>
2026-09-06T15:23:23.3516836Z 
2026-09-06T15:23:23.3516985Z Or undo this operation with:
2026-09-06T15:23:23.3517209Z 
2026-09-06T15:23:23.3517340Z   git switch -
2026-09-06T15:23:23.3517532Z 
2026-09-06T15:23:23.3517837Z Turn off this advice by setting config variable advice.detachedHead to false
2026-09-06T15:23:23.3518323Z 
2026-09-06T15:23:23.3518692Z HEAD is now at 887f479 Fix Wealth Core exits when held security becomes ineligible (#287)
2026-09-06T15:23:23.3522230Z ##[endgroup]
2026-09-06T15:23:23.3571933Z [command]/usr/bin/git log -1 --format=%H
2026-09-06T15:23:23.3602302Z 887f479b15ad861313da666ad698034d3847121c
2026-09-06T15:23:23.3612364Z ##[group]Removing auth
2026-09-06T15:23:23.3616848Z [command]/usr/bin/git config --local --name-only --get-regexp core\.sshCommand
2026-09-06T15:23:23.3658766Z [command]/usr/bin/git submodule foreach --recursive sh -c "git config --local --name-only --get-regexp 'core\.sshCommand' && git config --local --unset-all 'core.sshCommand' || :"
2026-09-06T15:23:23.3902331Z [command]/usr/bin/git config --local --name-only --get-regexp http\.https\:\/\/github\.com\/\.extraheader
2026-09-06T15:23:23.3930012Z http.https://github.com/.extraheader
2026-09-06T15:23:23.3938366Z [command]/usr/bin/git config --local --unset-all http.https://github.com/.extraheader
2026-09-06T15:23:23.3975754Z [command]/usr/bin/git submodule foreach --recursive sh -c "git config --local --name-only --get-regexp 'http\.https\:\/\/github\.com\/\.extraheader' && git config --local --unset-all 'http.https://github.com/.extraheader' || :"
2026-09-06T15:23:23.4211413Z ##[endgroup]
2026-09-06T15:23:23.4378023Z Node 20 is being deprecated. This workflow is running with Node 24 by default. If you need to temporarily use Node 20, you can set the ACTIONS_ALLOW_USE_UNSECURE_NODE_VERSION=true environment variable. For more information see: https://github.blog/changelog/2025-09-19-deprecation-of-node-20-on-github-actions-runners/
2026-09-06T15:23:23.4379530Z ##[group]Run actions/setup-python@a26af69be951a213d495a4c3e4e4022e16d87065
2026-09-06T15:23:23.4379903Z with:
2026-09-06T15:23:23.4380116Z   python-version: 3.12.14
2026-09-06T15:23:23.4380638Z   check-latest: false
2026-09-06T15:23:23.4383232Z   token: ***
2026-09-06T15:23:23.4383453Z   update-environment: true
2026-09-06T15:23:23.4383699Z   allow-prereleases: false
2026-09-06T15:23:23.4383928Z   freethreaded: false
2026-09-06T15:23:23.4384139Z env:
2026-09-06T15:23:23.4384332Z   PYTHONUNBUFFERED: 1
2026-09-06T15:23:23.4384546Z   PIT_OFFICIAL_BACKTEST: 0
2026-09-06T15:23:23.4384778Z   RESEARCH_REPLAY_MODE: fullpit
2026-09-06T15:23:23.4385075Z   CERTIFICATION_WARMUP_START: 2006-01-03
2026-09-06T15:23:23.4385383Z   CERTIFICATION_MEASUREMENT_START: 2006-07-31
2026-09-06T15:23:23.4385682Z   CERTIFICATION_END_SESSION: 2026-07-31
2026-09-06T15:23:23.4385946Z ##[endgroup]
2026-09-06T15:23:23.5746941Z ##[group]Installed versions
2026-09-06T15:23:23.5789088Z (node:2735) [DEP0040] DeprecationWarning: The `punycode` module is deprecated. Please use a userland alternative instead.
2026-09-06T15:23:23.5790040Z (Use `node --trace-deprecation ...` to show where the warning was created)
2026-09-06T15:23:23.5790796Z Successfully set up CPython (3.12.14)
2026-09-06T15:23:23.5791394Z ##[endgroup]
2026-09-06T15:23:23.5969483Z ##[group]Run set -euo pipefail
2026-09-06T15:23:23.5969898Z [36;1mset -euo pipefail[0m
2026-09-06T15:23:23.5970524Z [36;1mtest "$(git -C audit-src rev-parse HEAD)" = "${GITHUB_SHA}"[0m
2026-09-06T15:23:23.5971074Z [36;1mtest "$(git -C candidate-src rev-parse HEAD)" = ba74e79490beb8950611b1d17f5d124833b3d91e[0m
2026-09-06T15:23:23.5971675Z [36;1mtest "$(git -C certified-src rev-parse HEAD)" = 27bb992087182c42c3c051e62bf837895f5d2ab7[0m
2026-09-06T15:23:23.5972284Z [36;1mtest "$(git -C main-src rev-parse HEAD)" = 887f479b15ad861313da666ad698034d3847121c[0m
2026-09-06T15:23:23.5972842Z [36;1mpython -m pip install --require-hashes -r main-src/sentinel/requirements.lock[0m
2026-09-06T15:23:23.5973384Z [36;1mpython -m pip install --no-build-isolation --no-deps -e main-src/shared[0m
2026-09-06T15:23:23.5973906Z [36;1mpython -m py_compile audit-src/backtester/champion_economic_prefix_audit.py[0m
2026-09-06T15:23:23.5974342Z [36;1mmkdir -p economic-prefix-audit[0m
2026-09-06T15:23:23.5974780Z [36;1mpython -m pip freeze > economic-prefix-audit/python-environment.txt[0m
2026-09-06T15:23:23.5975316Z [36;1mecho "CANONICAL_PIT_DATASET=${GITHUB_WORKSPACE}/canonical-pit" >> "${GITHUB_ENV}"[0m
2026-09-06T15:23:23.6031908Z shell: /usr/bin/bash -e {0}
2026-09-06T15:23:23.6032301Z env:
2026-09-06T15:23:23.6032603Z   PYTHONUNBUFFERED: 1
2026-09-06T15:23:23.6032954Z   PIT_OFFICIAL_BACKTEST: 0
2026-09-06T15:23:23.6033324Z   RESEARCH_REPLAY_MODE: fullpit
2026-09-06T15:23:23.6033721Z   CERTIFICATION_WARMUP_START: 2006-01-03
2026-09-06T15:23:23.6034156Z   CERTIFICATION_MEASUREMENT_START: 2006-07-31
2026-09-06T15:23:23.6034605Z   CERTIFICATION_END_SESSION: 2026-07-31
2026-09-06T15:23:23.6035135Z   pythonLocation: /opt/hostedtoolcache/Python/3.12.14/x64
2026-09-06T15:23:23.6035843Z   PKG_CONFIG_PATH: /opt/hostedtoolcache/Python/3.12.14/x64/lib/pkgconfig
2026-09-06T15:23:23.6036544Z   Python_ROOT_DIR: /opt/hostedtoolcache/Python/3.12.14/x64
2026-09-06T15:23:23.6037174Z   Python2_ROOT_DIR: /opt/hostedtoolcache/Python/3.12.14/x64
2026-09-06T15:23:23.6037790Z   Python3_ROOT_DIR: /opt/hostedtoolcache/Python/3.12.14/x64
2026-09-06T15:23:23.6038420Z   LD_LIBRARY_PATH: /opt/hostedtoolcache/Python/3.12.14/x64/lib
2026-09-06T15:23:23.6038941Z ##[endgroup]
2026-09-06T15:23:24.4912286Z Collecting annotated-doc==0.0.5 (from -r main-src/sentinel/requirements.lock (line 7))
2026-09-06T15:23:24.5562970Z   Downloading annotated_doc-0.0.5-py3-none-any.whl (5.3 kB)
2026-09-06T15:23:24.5720784Z Collecting annotated-types==0.8.0 (from -r main-src/sentinel/requirements.lock (line 11))
2026-09-06T15:23:24.5795262Z   Downloading annotated_types-0.8.0-py3-none-any.whl (13 kB)
2026-09-06T15:23:24.6057242Z Collecting anyio==4.14.2 (from -r main-src/sentinel/requirements.lock (line 15))
2026-09-06T15:23:24.6128564Z   Downloading anyio-4.14.2-py3-none-any.whl (125 kB)
2026-09-06T15:23:24.6485338Z Collecting certifi==2026.7.22 (from -r main-src/sentinel/requirements.lock (line 21))
2026-09-06T15:23:24.6564437Z   Downloading certifi-2026.7.22-py3-none-any.whl (136 kB)
2026-09-06T15:23:24.7841973Z Collecting cffi==2.1.1 (from -r main-src/sentinel/requirements.lock (line 27))
2026-09-06T15:23:24.7920125Z   Downloading cffi-2.1.1-cp312-cp312-manylinux2014_x86_64.manylinux_2_17_x86_64.whl (221 kB)
2026-09-06T15:23:24.8233843Z Collecting click==8.4.2 (from -r main-src/sentinel/requirements.lock (line 129))
2026-09-06T15:23:24.8307233Z   Downloading click-8.4.2-py3-none-any.whl (119 kB)
2026-09-06T15:23:24.9940969Z Collecting cryptography==46.0.3 (from -r main-src/sentinel/requirements.lock (line 133))
2026-09-06T15:23:25.0079644Z   Downloading cryptography-46.0.3-cp311-abi3-manylinux_2_34_x86_64.whl (4.5 MB)
2026-09-06T15:23:25.1461228Z      ━━━━━━━━━━━━━━━━━━━━━━━━━━━━━━━━━━━━━━━━ 4.5/4.5 MB 34.0 MB/s  0:00:00
2026-09-06T15:23:25.1680914Z Collecting exchange-calendars==4.13.2 (from -r main-src/sentinel/requirements.lock (line 189))
2026-09-06T15:23:25.1761351Z   Downloading exchange_calendars-4.13.2-py3-none-any.whl (213 kB)
2026-09-06T15:23:25.2174823Z Collecting fastapi==0.141.1 (from -r main-src/sentinel/requirements.lock (line 193))
2026-09-06T15:23:25.2248979Z   Downloading fastapi-0.141.1-py3-none-any.whl (131 kB)
2026-09-06T15:23:25.2438784Z Collecting h11==0.16.0 (from -r main-src/sentinel/requirements.lock (line 197))
2026-09-06T15:23:25.2509712Z   Downloading h11-0.16.0-py3-none-any.whl (37 kB)
2026-09-06T15:23:25.2692045Z Collecting httpcore==1.0.9 (from -r main-src/sentinel/requirements.lock (line 203))
2026-09-06T15:23:25.2811680Z   Downloading httpcore-1.0.9-py3-none-any.whl (78 kB)
2026-09-06T15:23:25.3022089Z Collecting httpx==0.28.1 (from -r main-src/sentinel/requirements.lock (line 207))
2026-09-06T15:23:25.3103140Z   Downloading httpx-0.28.1-py3-none-any.whl (73 kB)
2026-09-06T15:23:25.3280565Z Collecting idna==3.18 (from -r main-src/sentinel/requirements.lock (line 211))
2026-09-06T15:23:25.3353652Z   Downloading idna-3.18-py3-none-any.whl (65 kB)
2026-09-06T15:23:25.3500936Z Collecting korean-lunar-calendar==0.4.0 (from -r main-src/sentinel/requirements.lock (line 217))
2026-09-06T15:23:25.3589274Z   Downloading korean_lunar_calendar-0.4.0-py3-none-any.whl (11 kB)
2026-09-06T15:23:25.5308740Z Collecting numpy==2.4.6 (from -r main-src/sentinel/requirements.lock (line 223))
2026-09-06T15:23:25.5394832Z   Downloading numpy-2.4.6-cp312-cp312-manylinux_2_27_x86_64.manylinux_2_28_x86_64.whl (16.6 MB)
2026-09-06T15:23:25.7010788Z      ━━━━━━━━━━━━━━━━━━━━━━━━━━━━━━━━━━━━━━━━ 16.6/16.6 MB 104.5 MB/s  0:00:00
2026-09-06T15:23:25.8176231Z Collecting pandas==3.0.5 (from -r main-src/sentinel/requirements.lock (line 300))
2026-09-06T15:23:25.8254676Z   Downloading pandas-3.0.5-cp312-cp312-manylinux_2_24_x86_64.manylinux_2_28_x86_64.whl (11.0 MB)
2026-09-06T15:23:25.9246176Z      ━━━━━━━━━━━━━━━━━━━━━━━━━━━━━━━━━━━━━━━━ 11.0/11.0 MB 112.8 MB/s  0:00:00
2026-09-06T15:23:25.9771714Z Collecting psycopg==3.3.4 (from -r main-src/sentinel/requirements.lock (line 346))
2026-09-06T15:23:25.9845946Z   Downloading psycopg-3.3.4-py3-none-any.whl (213 kB)
2026-09-06T15:23:26.1386977Z Collecting psycopg-binary==3.3.4 (from -r main-src/sentinel/requirements.lock (line 350))
2026-09-06T15:23:26.1474781Z   Downloading psycopg_binary-3.3.4-cp312-cp312-manylinux2014_x86_64.manylinux_2_17_x86_64.whl (5.2 MB)
2026-09-06T15:23:26.1988008Z      ━━━━━━━━━━━━━━━━━━━━━━━━━━━━━━━━━━━━━━━━ 5.2/5.2 MB 106.7 MB/s  0:00:00
2026-09-06T15:23:26.2164997Z Collecting pycparser==3.0 (from -r main-src/sentinel/requirements.lock (line 407))
2026-09-06T15:23:26.2239600Z   Downloading pycparser-3.0-py3-none-any.whl (48 kB)
2026-09-06T15:23:26.3167933Z Collecting pydantic==2.13.4 (from -r main-src/sentinel/requirements.lock (line 411))
2026-09-06T15:23:26.3242399Z   Downloading pydantic-2.13.4-py3-none-any.whl (472 kB)
2026-09-06T15:23:26.9348582Z Collecting pydantic-core==2.46.4 (from -r main-src/sentinel/requirements.lock (line 417))
2026-09-06T15:23:26.9424051Z   Downloading pydantic_core-2.46.4-cp312-cp312-manylinux_2_17_x86_64.manylinux2014_x86_64.whl (2.1 MB)
2026-09-06T15:23:26.9677108Z      ━━━━━━━━━━━━━━━━━━━━━━━━━━━━━━━━━━━━━━━━ 2.1/2.1 MB 85.8 MB/s  0:00:00
2026-09-06T15:23:26.9837490Z Collecting pyluach==2.3.0 (from -r main-src/sentinel/requirements.lock (line 539))
2026-09-06T15:23:26.9917397Z   Downloading pyluach-2.3.0-py3-none-any.whl (25 kB)
2026-09-06T15:23:27.0074649Z Collecting python-dateutil==2.9.0.post0 (from -r main-src/sentinel/requirements.lock (line 545))
2026-09-06T15:23:27.0150885Z   Downloading python_dateutil-2.9.0.post0-py2.py3-none-any.whl (229 kB)
2026-09-06T15:23:27.0510887Z Collecting pyyaml==6.0.1 (from -r main-src/sentinel/requirements.lock (line 551))
2026-09-06T15:23:27.0582744Z   Downloading PyYAML-6.0.1-cp312-cp312-manylinux_2_17_x86_64.manylinux2014_x86_64.whl (724 kB)
2026-09-06T15:23:27.0648220Z      ━━━━━━━━━━━━━━━━━━━━━━━━━━━━━━━━━━━━━━━━ 725.0/725.0 kB 118.2 MB/s  0:00:00
2026-09-06T15:23:27.0791931Z Collecting six==1.17.0 (from -r main-src/sentinel/requirements.lock (line 604))
2026-09-06T15:23:27.0863555Z   Downloading six-1.17.0-py2.py3-none-any.whl (11 kB)
2026-09-06T15:23:27.1099964Z Collecting starlette==1.6.0 (from -r main-src/sentinel/requirements.lock (line 608))
2026-09-06T15:23:27.1169696Z   Downloading starlette-1.6.0-py3-none-any.whl (75 kB)
2026-09-06T15:23:27.1330384Z Collecting toolz==1.1.0 (from -r main-src/sentinel/requirements.lock (line 612))
2026-09-06T15:23:27.1408177Z   Downloading toolz-1.1.0-py3-none-any.whl (58 kB)
2026-09-06T15:23:27.1588825Z Collecting typing-extensions==4.16.0 (from -r main-src/sentinel/requirements.lock (line 618))
2026-09-06T15:23:27.1660464Z   Downloading typing_extensions-4.16.0-py3-none-any.whl (45 kB)
2026-09-06T15:23:27.1806069Z Collecting typing-inspection==0.4.3 (from -r main-src/sentinel/requirements.lock (line 629))
2026-09-06T15:23:27.1885431Z   Downloading typing_inspection-0.4.3-py3-none-any.whl (14 kB)
2026-09-06T15:23:27.2040048Z Collecting tzdata==2026.3 (from -r main-src/sentinel/requirements.lock (line 635))
2026-09-06T15:23:27.2113234Z   Downloading tzdata-2026.3-py2.py3-none-any.whl (348 kB)
2026-09-06T15:23:27.2393314Z Collecting uvicorn==0.52.1 (from -r main-src/sentinel/requirements.lock (line 641))
2026-09-06T15:23:27.2495586Z   Downloading uvicorn-0.52.1-py3-none-any.whl (79 kB)
2026-09-06T15:23:27.2697114Z Collecting wheel==0.45.1 (from -r main-src/sentinel/requirements.lock (line 645))
2026-09-06T15:23:27.2767917Z   Downloading wheel-0.45.1-py3-none-any.whl (72 kB)
2026-09-06T15:23:27.2922728Z Collecting pip==25.0.1 (from -r main-src/sentinel/requirements.lock (line 651))
2026-09-06T15:23:27.2998267Z   Downloading pip-25.0.1-py3-none-any.whl (1.8 MB)
2026-09-06T15:23:27.3327892Z      ━━━━━━━━━━━━━━━━━━━━━━━━━━━━━━━━━━━━━━━━ 1.8/1.8 MB 64.1 MB/s  0:00:00
2026-09-06T15:23:27.4003164Z Collecting setuptools==80.9.0 (from -r main-src/sentinel/requirements.lock (line 655))
2026-09-06T15:23:27.4104125Z   Downloading setuptools-80.9.0-py3-none-any.whl (1.2 MB)
2026-09-06T15:23:27.4181502Z      ━━━━━━━━━━━━━━━━━━━━━━━━━━━━━━━━━━━━━━━━ 1.2/1.2 MB 217.6 MB/s  0:00:00
2026-09-06T15:23:27.5640036Z Installing collected packages: wheel, tzdata, typing-extensions, toolz, six, setuptools, pyyaml, pyluach, pycparser, psycopg-binary, pip, numpy, korean-lunar-calendar, idna, h11, click, certifi, annotated-types, annotated-doc, uvicorn, typing-inspection, python-dateutil, pydantic-core, psycopg, httpcore, cffi, anyio, starlette, pydantic, pandas, httpx, cryptography, fastapi, exchange-calendars
2026-09-06T15:23:28.7555080Z   Attempting uninstall: pip
2026-09-06T15:23:28.7575429Z     Found existing installation: pip 26.2.1
2026-09-06T15:23:28.8442050Z     Uninstalling pip-26.2.1:
2026-09-06T15:23:28.8507580Z       Successfully uninstalled pip-26.2.1
2026-09-06T15:23:38.6147031Z 
2026-09-06T15:23:38.6180133Z Successfully installed annotated-doc-0.0.5 annotated-types-0.8.0 anyio-4.14.2 certifi-2026.7.22 cffi-2.1.1 click-8.4.2 cryptography-46.0.3 exchange-calendars-4.13.2 fastapi-0.141.1 h11-0.16.0 httpcore-1.0.9 httpx-0.28.1 idna-3.18 korean-lunar-calendar-0.4.0 numpy-2.4.6 pandas-3.0.5 pip-25.0.1 psycopg-3.3.4 psycopg-binary-3.3.4 pycparser-3.0 pydantic-2.13.4 pydantic-core-2.46.4 pyluach-2.3.0 python-dateutil-2.9.0.post0 pyyaml-6.0.1 setuptools-80.9.0 six-1.17.0 starlette-1.6.0 toolz-1.1.0 typing-extensions-4.16.0 typing-inspection-0.4.3 tzdata-2026.3 uvicorn-0.52.1 wheel-0.45.1
2026-09-06T15:23:39.1359407Z Obtaining file:///home/runner/work/stocker/stocker/main-src/shared
2026-09-06T15:23:39.1378762Z   Checking if build backend supports build_editable: started
2026-09-06T15:23:39.3116990Z   Checking if build backend supports build_editable: finished with status 'done'
2026-09-06T15:23:39.3126218Z   Preparing editable metadata (pyproject.toml): started
2026-09-06T15:23:39.5312872Z   Preparing editable metadata (pyproject.toml): finished with status 'done'
2026-09-06T15:23:39.5360491Z Building wheels for collected packages: stock-strategy-shared
2026-09-06T15:23:39.5368118Z   Building editable for stock-strategy-shared (pyproject.toml): started
2026-09-06T15:23:39.7868481Z   Building editable for stock-strategy-shared (pyproject.toml): finished with status 'done'
2026-09-06T15:23:39.7874409Z   Created wheel for stock-strategy-shared: filename=stock_strategy_shared-0.1.0-0.editable-py3-none-any.whl size=2899 sha256=1da4622e6f712a244a48d6b821411d165b2c4eb9c8568466cc3ad9cbf5a0afd8
2026-09-06T15:23:39.7876032Z   Stored in directory: /tmp/pip-ephem-wheel-cache-afahstlm/wheels/ca/29/a4/fe766f0bed03e2544e6e223e2b1ca3e63f1faebc43a373996f
2026-09-06T15:23:39.7896389Z Successfully built stock-strategy-shared
2026-09-06T15:23:39.7899470Z Installing collected packages: stock-strategy-shared
2026-09-06T15:23:39.7993452Z Successfully installed stock-strategy-shared-0.1.0
2026-09-06T15:23:39.8259524Z 
2026-09-06T15:23:39.8260014Z [notice] A new release of pip is available: 25.0.1 -> 26.2.1
2026-09-06T15:23:39.8260730Z [notice] To update, run: pip install --upgrade pip
2026-09-06T15:23:40.9735294Z Node 20 is being deprecated. This workflow is running with Node 24 by default. If you need to temporarily use Node 20, you can set the ACTIONS_ALLOW_USE_UNSECURE_NODE_VERSION=true environment variable. For more information see: https://github.blog/changelog/2025-09-19-deprecation-of-node-20-on-github-actions-runners/
2026-09-06T15:23:40.9736602Z ##[group]Run actions/download-artifact@d3f86a106a0bac45b974a628896c90dbdf5c8093
2026-09-06T15:23:40.9736995Z with:
2026-09-06T15:23:40.9737214Z   repository: flabber1835/stocker
2026-09-06T15:23:40.9737487Z   run-id: 34007704385
2026-09-06T15:23:40.9737775Z   name: champion-corrected-classification-34007704385-1
2026-09-06T15:23:40.9740859Z   github-token: ***
2026-09-06T15:23:40.9741107Z   path: original-candidate
2026-09-06T15:23:40.9741361Z   merge-multiple: false
2026-09-06T15:23:40.9741583Z env:
2026-09-06T15:23:40.9741782Z   PYTHONUNBUFFERED: 1
2026-09-06T15:23:40.9742013Z   PIT_OFFICIAL_BACKTEST: 0
2026-09-06T15:23:40.9742277Z   RESEARCH_REPLAY_MODE: fullpit
2026-09-06T15:23:40.9742553Z   CERTIFICATION_WARMUP_START: 2006-01-03
2026-09-06T15:23:40.9742862Z   CERTIFICATION_MEASUREMENT_START: 2006-07-31
2026-09-06T15:23:40.9743159Z   CERTIFICATION_END_SESSION: 2026-07-31
2026-09-06T15:23:40.9743491Z   pythonLocation: /opt/hostedtoolcache/Python/3.12.14/x64
2026-09-06T15:23:40.9743908Z   PKG_CONFIG_PATH: /opt/hostedtoolcache/Python/3.12.14/x64/lib/pkgconfig
2026-09-06T15:23:40.9744333Z   Python_ROOT_DIR: /opt/hostedtoolcache/Python/3.12.14/x64
2026-09-06T15:23:40.9744721Z   Python2_ROOT_DIR: /opt/hostedtoolcache/Python/3.12.14/x64
2026-09-06T15:23:40.9745306Z   Python3_ROOT_DIR: /opt/hostedtoolcache/Python/3.12.14/x64
2026-09-06T15:23:40.9745688Z   LD_LIBRARY_PATH: /opt/hostedtoolcache/Python/3.12.14/x64/lib
2026-09-06T15:23:40.9746119Z   CANONICAL_PIT_DATASET: /home/runner/work/stocker/stocker/canonical-pit
2026-09-06T15:23:40.9746482Z ##[endgroup]
2026-09-06T15:23:41.1270568Z Downloading single artifact
2026-09-06T15:23:41.1342999Z (node:2817) [DEP0040] DeprecationWarning: The `punycode` module is deprecated. Please use a userland alternative instead.
2026-09-06T15:23:41.1343723Z (Use `node --trace-deprecation ...` to show where the warning was created)
2026-09-06T15:23:41.1578555Z (node:2817) [DEP0169] DeprecationWarning: `url.parse()` behavior is not standardized and prone to errors that have security implications. Use the WHATWG URL API instead. CVEs are not issued for `url.parse()` vulnerabilities.
2026-09-06T15:23:41.2916478Z Preparing to download the following artifacts:
2026-09-06T15:23:41.2917493Z - champion-corrected-classification-34007704385-1 (ID: 9981966560, Size: 161051494, Expected Digest: sha256:4860751ea45f7480f785e927bc4cebba1c8be3783b354d186ce059d6fb09a841)
2026-09-06T15:23:41.2952702Z Downloading artifact '9981966560' from 'flabber1835/stocker'
2026-09-06T15:23:41.4323112Z Redirecting to blob download url: https://productionresultssa6.blob.core.windows.net/actions-results/292e694e-aa08-4b8d-9441-78999de3a839/workflow-job-run-26789469-91a9-50b8-a68e-e25454d1ec5d/artifacts/4e83a01e7ec76d5c012b32346a37d22d191fa549165847dbc8be0f833d03643b.zip
2026-09-06T15:23:41.4324478Z Starting download of artifact to: /home/runner/work/stocker/stocker/original-candidate
2026-09-06T15:23:41.5375051Z (node:2817) [DEP0005] DeprecationWarning: Buffer() is deprecated due to security and usability issues. Please use the Buffer.alloc(), Buffer.allocUnsafe(), or Buffer.from() methods instead.
2026-09-06T15:23:43.7831649Z SHA256 digest of downloaded artifact is 4860751ea45f7480f785e927bc4cebba1c8be3783b354d186ce059d6fb09a841
2026-09-06T15:23:43.7832283Z Artifact download completed successfully.
2026-09-06T15:23:43.7832598Z Total of 1 artifact(s) downloaded
2026-09-06T15:23:43.7832885Z Download artifact has finished successfully
2026-09-06T15:23:43.8144404Z Node 20 is being deprecated. This workflow is running with Node 24 by default. If you need to temporarily use Node 20, you can set the ACTIONS_ALLOW_USE_UNSECURE_NODE_VERSION=true environment variable. For more information see: https://github.blog/changelog/2025-09-19-deprecation-of-node-20-on-github-actions-runners/
2026-09-06T15:23:43.8146669Z ##[group]Run actions/download-artifact@d3f86a106a0bac45b974a628896c90dbdf5c8093
2026-09-06T15:23:43.8147302Z with:
2026-09-06T15:23:43.8147623Z   repository: flabber1835/stocker
2026-09-06T15:23:43.8148023Z   run-id: 34014048220
2026-09-06T15:23:43.8148427Z   name: research-champion-pit-v2-34014048220-1
2026-09-06T15:23:43.8154006Z   github-token: ***
2026-09-06T15:23:43.8154372Z   path: original-certified
2026-09-06T15:23:43.8154783Z   merge-multiple: false
2026-09-06T15:23:43.8155129Z env:
2026-09-06T15:23:43.8155427Z   PYTHONUNBUFFERED: 1
2026-09-06T15:23:43.8155780Z   PIT_OFFICIAL_BACKTEST: 0
2026-09-06T15:23:43.8156215Z   RESEARCH_REPLAY_MODE: fullpit
2026-09-06T15:23:43.8156634Z   CERTIFICATION_WARMUP_START: 2006-01-03
2026-09-06T15:23:43.8157110Z   CERTIFICATION_MEASUREMENT_START: 2006-07-31
2026-09-06T15:23:43.8157587Z   CERTIFICATION_END_SESSION: 2026-07-31
2026-09-06T15:23:43.8158111Z   pythonLocation: /opt/hostedtoolcache/Python/3.12.14/x64
2026-09-06T15:23:43.8158798Z   PKG_CONFIG_PATH: /opt/hostedtoolcache/Python/3.12.14/x64/lib/pkgconfig
2026-09-06T15:23:43.8159482Z   Python_ROOT_DIR: /opt/hostedtoolcache/Python/3.12.14/x64
2026-09-06T15:23:43.8160104Z   Python2_ROOT_DIR: /opt/hostedtoolcache/Python/3.12.14/x64
2026-09-06T15:23:43.8160983Z   Python3_ROOT_DIR: /opt/hostedtoolcache/Python/3.12.14/x64
2026-09-06T15:23:43.8161611Z   LD_LIBRARY_PATH: /opt/hostedtoolcache/Python/3.12.14/x64/lib
2026-09-06T15:23:43.8162581Z   CANONICAL_PIT_DATASET: /home/runner/work/stocker/stocker/canonical-pit
2026-09-06T15:23:43.8163186Z ##[endgroup]
2026-09-06T15:23:43.9841032Z Downloading single artifact
2026-09-06T15:23:43.9923343Z (node:2829) [DEP0040] DeprecationWarning: The `punycode` module is deprecated. Please use a userland alternative instead.
2026-09-06T15:23:43.9924461Z (Use `node --trace-deprecation ...` to show where the warning was created)
2026-09-06T15:23:44.0142834Z (node:2829) [DEP0169] DeprecationWarning: `url.parse()` behavior is not standardized and prone to errors that have security implications. Use the WHATWG URL API instead. CVEs are not issued for `url.parse()` vulnerabilities.
2026-09-06T15:23:44.1356278Z Preparing to download the following artifacts:
2026-09-06T15:23:44.1358101Z - research-champion-pit-v2-34014048220-1 (ID: 9985958324, Size: 1271410, Expected Digest: sha256:e20652e5d0b083590c828cfc271739e64ea6e3a91fd1329365d95ce15f076f08)
2026-09-06T15:23:44.1401029Z Downloading artifact '9985958324' from 'flabber1835/stocker'
2026-09-06T15:23:44.2831955Z Redirecting to blob download url: https://productionresultssa15.blob.core.windows.net/actions-results/8fa8eeab-30a1-413a-9183-f8baab022ce5/workflow-job-run-50cef4cd-06b5-517b-98d4-1f3eeb329b5d/artifacts/51d7e60ed42dd7f33570f882a3a04ba1507165d10e2d5fa42081d1c488b8de1b.zip
2026-09-06T15:23:44.2834203Z Starting download of artifact to: /home/runner/work/stocker/stocker/original-certified
2026-09-06T15:23:44.3525521Z (node:2829) [DEP0005] DeprecationWarning: Buffer() is deprecated due to security and usability issues. Please use the Buffer.alloc(), Buffer.allocUnsafe(), or Buffer.from() methods instead.
2026-09-06T15:23:44.4063467Z SHA256 digest of downloaded artifact is e20652e5d0b083590c828cfc271739e64ea6e3a91fd1329365d95ce15f076f08
2026-09-06T15:23:44.4064343Z Artifact download completed successfully.
2026-09-06T15:23:44.4064839Z Total of 1 artifact(s) downloaded
2026-09-06T15:23:44.4070032Z Download artifact has finished successfully
2026-09-06T15:23:44.4212242Z ##[group]Run set -euo pipefail
2026-09-06T15:23:44.4212581Z [36;1mset -euo pipefail[0m
2026-09-06T15:23:44.4212945Z [36;1mPOINTER=certified-src/backtester/data/canonical-pit-20y.json[0m
2026-09-06T15:23:44.4213493Z [36;1mPACKAGE=$(python -c "import json; print(json.load(open('${POINTER}'))['package'])")[0m
2026-09-06T15:23:44.4214289Z [36;1mtest "${PACKAGE}" = ghcr.io/flabber1835/stocker-canonical-pit@sha256:f05e40d9e1bff53ae50507719b5f589fb01b6184c79eceef800ddc2548f6209c[0m
2026-09-06T15:23:44.4215037Z [36;1mecho "${GHCR_TOKEN}" | docker login ghcr.io -u "${GITHUB_ACTOR}" --password-stdin[0m
2026-09-06T15:23:44.4215480Z [36;1mdocker pull "${PACKAGE}"[0m
2026-09-06T15:23:44.4215788Z [36;1mcid=$(docker create "${PACKAGE}" /bin/true)[0m
2026-09-06T15:23:44.4216161Z [36;1mtrap 'docker rm -f "${cid}" >/dev/null 2>&1 || true' EXIT[0m
2026-09-06T15:23:44.4216510Z [36;1mmkdir -p canonical-pit[0m
2026-09-06T15:23:44.4216859Z [36;1mdocker cp "${cid}:/canonical-pit/." canonical-pit/[0m
2026-09-06T15:23:44.4217977Z [36;1mPYTHONPATH="${GITHUB_WORKSPACE}/main-src:${GITHUB_WORKSPACE}/main-src/shared:${GITHUB_WORKSPACE}/certified-src" python certified-src/backtester/canonical_pit_package.py verify --pointer "${POINTER}" --dataset canonical-pit > economic-prefix-audit/package-integrity.json[0m
2026-09-06T15:23:44.4259714Z shell: /usr/bin/bash -e {0}
2026-09-06T15:23:44.4259973Z env:
2026-09-06T15:23:44.4260182Z   PYTHONUNBUFFERED: 1
2026-09-06T15:23:44.4260637Z   PIT_OFFICIAL_BACKTEST: 0
2026-09-06T15:23:44.4260893Z   RESEARCH_REPLAY_MODE: fullpit
2026-09-06T15:23:44.4261173Z   CERTIFICATION_WARMUP_START: 2006-01-03
2026-09-06T15:23:44.4261482Z   CERTIFICATION_MEASUREMENT_START: 2006-07-31
2026-09-06T15:23:44.4261781Z   CERTIFICATION_END_SESSION: 2026-07-31
2026-09-06T15:23:44.4262116Z   pythonLocation: /opt/hostedtoolcache/Python/3.12.14/x64
2026-09-06T15:23:44.4262542Z   PKG_CONFIG_PATH: /opt/hostedtoolcache/Python/3.12.14/x64/lib/pkgconfig
2026-09-06T15:23:44.4262973Z   Python_ROOT_DIR: /opt/hostedtoolcache/Python/3.12.14/x64
2026-09-06T15:23:44.4263536Z   Python2_ROOT_DIR: /opt/hostedtoolcache/Python/3.12.14/x64
2026-09-06T15:23:44.4263923Z   Python3_ROOT_DIR: /opt/hostedtoolcache/Python/3.12.14/x64
2026-09-06T15:23:44.4264300Z   LD_LIBRARY_PATH: /opt/hostedtoolcache/Python/3.12.14/x64/lib
2026-09-06T15:23:44.4264731Z   CANONICAL_PIT_DATASET: /home/runner/work/stocker/stocker/canonical-pit
2026-09-06T15:23:44.4267636Z   GHCR_TOKEN: ***
2026-09-06T15:23:44.4267876Z ##[endgroup]
2026-09-06T15:23:44.7247793Z 
2026-09-06T15:23:44.7248719Z WARNING! Your credentials are stored unencrypted in '/home/runner/.docker/config.json'.
2026-09-06T15:23:44.7249598Z Configure a credential helper to remove this warning. See
2026-09-06T15:23:44.7250235Z https://docs.docker.com/go/credential-store/
2026-09-06T15:23:44.7250747Z 
2026-09-06T15:23:44.7250903Z Login Succeeded
2026-09-06T15:23:44.9375255Z ghcr.io/flabber1835/stocker-canonical-pit@sha256:f05e40d9e1bff53ae50507719b5f589fb01b6184c79eceef800ddc2548f6209c: Pulling from flabber1835/stocker-canonical-pit
2026-09-06T15:23:44.9388240Z 26a8e4a3ee25: Pulling fs layer
2026-09-06T15:24:02.3281997Z 26a8e4a3ee25: Verifying Checksum
2026-09-06T15:24:02.3282483Z 26a8e4a3ee25: Download complete
2026-09-06T15:24:07.6481043Z 26a8e4a3ee25: Pull complete
2026-09-06T15:24:07.6519761Z Digest: sha256:f05e40d9e1bff53ae50507719b5f589fb01b6184c79eceef800ddc2548f6209c
2026-09-06T15:24:07.6527384Z Status: Downloaded newer image for ghcr.io/flabber1835/stocker-canonical-pit@sha256:f05e40d9e1bff53ae50507719b5f589fb01b6184c79eceef800ddc2548f6209c
2026-09-06T15:24:07.6535468Z ghcr.io/flabber1835/stocker-canonical-pit@sha256:f05e40d9e1bff53ae50507719b5f589fb01b6184c79eceef800ddc2548f6209c
2026-09-06T15:28:30.3988483Z ##[group]Run set -euo pipefail
2026-09-06T15:28:30.3988818Z [36;1mset -euo pipefail[0m
2026-09-06T15:28:30.3989299Z [36;1mfor CASE in candidate certified certified_capacity_off certified_dividend_1 certified_candidate_types; do[0m
2026-09-06T15:28:30.3990076Z [36;1m  if [ "${CASE}" = candidate ]; then ROOT="${GITHUB_WORKSPACE}/candidate-src"; else ROOT="${GITHUB_WORKSPACE}/certified-src"; fi[0m
2026-09-06T15:28:30.3991030Z [36;1m  mkdir -p "${GITHUB_WORKSPACE}/economic-prefix-audit/${CASE}"[0m
2026-09-06T15:28:30.3992473Z [36;1m  (cd "${ROOT}" && PYTHONPATH="${GITHUB_WORKSPACE}/main-src:${GITHUB_WORKSPACE}/main-src/shared:${ROOT}" python "${GITHUB_WORKSPACE}/audit-src/backtester/champion_economic_prefix_audit.py" --case "${CASE}" --candidate-root "${GITHUB_WORKSPACE}/candidate-src" --output "${GITHUB_WORKSPACE}/economic-prefix-audit/${CASE}" --stop 2006-08-02) 2>&1 | tee "economic-prefix-audit/${CASE}.log"[0m
2026-09-06T15:28:30.3993784Z [36;1mdone[0m
2026-09-06T15:28:30.4034103Z shell: /usr/bin/bash -e {0}
2026-09-06T15:28:30.4034367Z env:
2026-09-06T15:28:30.4034570Z   PYTHONUNBUFFERED: 1
2026-09-06T15:28:30.4034821Z   PIT_OFFICIAL_BACKTEST: 0
2026-09-06T15:28:30.4035069Z   RESEARCH_REPLAY_MODE: fullpit
2026-09-06T15:28:30.4035340Z   CERTIFICATION_WARMUP_START: 2006-01-03
2026-09-06T15:28:30.4035642Z   CERTIFICATION_MEASUREMENT_START: 2006-07-31
2026-09-06T15:28:30.4035931Z   CERTIFICATION_END_SESSION: 2026-07-31
2026-09-06T15:28:30.4036255Z   pythonLocation: /opt/hostedtoolcache/Python/3.12.14/x64
2026-09-06T15:28:30.4036665Z   PKG_CONFIG_PATH: /opt/hostedtoolcache/Python/3.12.14/x64/lib/pkgconfig
2026-09-06T15:28:30.4037081Z   Python_ROOT_DIR: /opt/hostedtoolcache/Python/3.12.14/x64
2026-09-06T15:28:30.4037451Z   Python2_ROOT_DIR: /opt/hostedtoolcache/Python/3.12.14/x64
2026-09-06T15:28:30.4037823Z   Python3_ROOT_DIR: /opt/hostedtoolcache/Python/3.12.14/x64
2026-09-06T15:28:30.4038199Z   LD_LIBRARY_PATH: /opt/hostedtoolcache/Python/3.12.14/x64/lib
2026-09-06T15:28:30.4038633Z   CANONICAL_PIT_DATASET: /home/runner/work/stocker/stocker/canonical-pit
2026-09-06T15:28:30.4039000Z ##[endgroup]
2026-09-06T15:32:57.4715075Z [CERT_PROGRESS] role=research date=2006-03-31 phase=WARMUP cagr=N/A
2026-09-06T15:33:00.8376748Z [CERT_PROGRESS] role=research date=2006-06-30 phase=WARMUP cagr=N/A
2026-09-06T15:33:05.1161073Z {"audit_source_sha": "b0a3033d83584541f4d6f306ecee27e318d29a59", "baseline_generated_sha256": "3e793d7d7484f2ede15fcc9cf70d43c62d0fd90c8e06eba2689af6c8d7975189", "baseline_normalized_ast_sha256": "a8c979ec34833076a51b0bb0f9f8273dacc377ab669cbda9cff76ddc441f219d", "baseline_source_sha": "ba74e79490beb8950611b1d17f5d124833b3d91e", "case": "candidate", "certification_status": "NOT_CERTIFIED_DIAGNOSTIC", "changed_dimension": "NONE_OBSERVATION_ONLY", "corpus_hash": "5bdc6b39e4a8ec4d3e4cebba6091b18a8b4032b41509581366bb60c0d0600993", "economic_generated_sha256": "3e793d7d7484f2ede15fcc9cf70d43c62d0fd90c8e06eba2689af6c8d7975189", "economic_normalized_ast_sha256": "a8c979ec34833076a51b0bb0f9f8273dacc377ab669cbda9cff76ddc441f219d", "initial_shadow_cash": 100000000, "instrumented_generated_sha256": "e583493d300b89ef93f84885af100792b8c06b80710ea25227d29c2d21a57462", "measurement_start": "2006-07-31", "observer_stripped_ast_matches": true, "profile": "strategy9-e3-research-champion-v1", "profile_sha256": "1101e99ae9ca327278d79d5334556ca01bbc167e2cb3410ab4902b89550e5c26", "runtime_sha": "887f479b15ad861313da666ad698034d3847121c", "schema": "champion.economic-prefix-audit/1", "status": "PASS_BOUNDED_OBSERVATION", "stop_after": "2006-08-02", "warmup_start": "2006-01-03"}
2026-09-06T15:37:31.6166907Z [CERT_PROGRESS] role=research date=2006-03-31 phase=WARMUP cagr=N/A
2026-09-06T15:37:34.8219509Z [CERT_PROGRESS] role=research date=2006-06-30 phase=WARMUP cagr=N/A
2026-09-06T15:37:38.0340983Z {"audit_source_sha": "b0a3033d83584541f4d6f306ecee27e318d29a59", "baseline_generated_sha256": "2e94936de1b550fd500202a7b8d4322f892fb1bc69213af12b3c392d7a220803", "baseline_normalized_ast_sha256": "7dfe469e846409dad684532b1c964d413cdbdf7d175c40cede53e8629e8858e1", "baseline_source_sha": "27bb992087182c42c3c051e62bf837895f5d2ab7", "case": "certified", "certification_status": "NOT_CERTIFIED_DIAGNOSTIC", "changed_dimension": "NONE_OBSERVATION_ONLY", "corpus_hash": "5bdc6b39e4a8ec4d3e4cebba6091b18a8b4032b41509581366bb60c0d0600993", "economic_generated_sha256": "2e94936de1b550fd500202a7b8d4322f892fb1bc69213af12b3c392d7a220803", "economic_normalized_ast_sha256": "7dfe469e846409dad684532b1c964d413cdbdf7d175c40cede53e8629e8858e1", "initial_shadow_cash": 100000000, "instrumented_generated_sha256": "0a19328ab8c483c152e0a12db781d94e37050105912d929da33ac27c9df2268f", "measurement_start": "2006-07-31", "observer_stripped_ast_matches": true, "profile": "strategy9-e3-research-champion-v1", "profile_sha256": "1101e99ae9ca327278d79d5334556ca01bbc167e2cb3410ab4902b89550e5c26", "runtime_sha": "887f479b15ad861313da666ad698034d3847121c", "schema": "champion.economic-prefix-audit/1", "status": "PASS_BOUNDED_OBSERVATION", "stop_after": "2006-08-02", "warmup_start": "2006-01-03"}
2026-09-06T15:42:04.5508354Z [CERT_PROGRESS] role=research date=2006-03-31 phase=WARMUP cagr=N/A
2026-09-06T15:42:07.8208735Z [CERT_PROGRESS] role=research date=2006-06-30 phase=WARMUP cagr=N/A
2026-09-06T15:42:11.8378097Z {"audit_source_sha": "b0a3033d83584541f4d6f306ecee27e318d29a59", "baseline_generated_sha256": "6d13313c5f6a45dc9eed665b7575f64bef8286c1be2ff6fba259c62e5c674a0a", "baseline_normalized_ast_sha256": "7dfe469e846409dad684532b1c964d413cdbdf7d175c40cede53e8629e8858e1", "baseline_source_sha": "27bb992087182c42c3c051e62bf837895f5d2ab7", "case": "certified_capacity_off", "certification_status": "NOT_CERTIFIED_DIAGNOSTIC", "changed_dimension": "EXECUTION_PARTICIPATION_CAP_ONLY", "corpus_hash": "5bdc6b39e4a8ec4d3e4cebba6091b18a8b4032b41509581366bb60c0d0600993", "economic_generated_sha256": "8394401940a74d65e7cda2b4d2240ad5a0aada947bde8b87e3a07650102ecff6", "economic_normalized_ast_sha256": "65c896d4d869ed7779d0c0f291e45eb78f22642945310bf2ab7535b46a1a444f", "initial_shadow_cash": 100000000, "instrumented_generated_sha256": "e4efd21d4b2612d6a29b294156bf859c30cc060ce8f77f3f2bbc2c944e9863b9", "measurement_start": "2006-07-31", "observer_stripped_ast_matches": true, "profile": "strategy9-e3-research-champion-v1", "profile_sha256": "1101e99ae9ca327278d79d5334556ca01bbc167e2cb3410ab4902b89550e5c26", "runtime_sha": "887f479b15ad861313da666ad698034d3847121c", "schema": "champion.economic-prefix-audit/1", "status": "PASS_BOUNDED_OBSERVATION", "stop_after": "2006-08-02", "warmup_start": "2006-01-03"}
2026-09-06T15:46:39.6565399Z [CERT_PROGRESS] role=research date=2006-03-31 phase=WARMUP cagr=N/A
2026-09-06T15:46:42.8857733Z [CERT_PROGRESS] role=research date=2006-06-30 phase=WARMUP cagr=N/A
2026-09-06T15:46:46.1265663Z {"audit_source_sha": "b0a3033d83584541f4d6f306ecee27e318d29a59", "baseline_generated_sha256": "69a73f86eb8a2308556e81bfffeb4be1d535a13364bbfcad60e1e4ad5f899652", "baseline_normalized_ast_sha256": "7dfe469e846409dad684532b1c964d413cdbdf7d175c40cede53e8629e8858e1", "baseline_source_sha": "27bb992087182c42c3c051e62bf837895f5d2ab7", "case": "certified_dividend_1", "certification_status": "NOT_CERTIFIED_DIAGNOSTIC", "changed_dimension": "DIVIDEND_SETTLEMENT_LAG_ONLY", "corpus_hash": "5bdc6b39e4a8ec4d3e4cebba6091b18a8b4032b41509581366bb60c0d0600993", "economic_generated_sha256": "80f41037826b7d0d55e3a17270e192d2e460103612031a5c381373b463795872", "economic_normalized_ast_sha256": "35f7a3768c942629a3169185047d529182f773ecabd69017805681f7dcea13d4", "initial_shadow_cash": 100000000, "instrumented_generated_sha256": "e6e984aa57b15dc61efa4a4cd85f8b89b6d7422c0a6359793d801eb707fe2874", "measurement_start": "2006-07-31", "observer_stripped_ast_matches": true, "profile": "strategy9-e3-research-champion-v1", "profile_sha256": "1101e99ae9ca327278d79d5334556ca01bbc167e2cb3410ab4902b89550e5c26", "runtime_sha": "887f479b15ad861313da666ad698034d3847121c", "schema": "champion.economic-prefix-audit/1", "status": "PASS_BOUNDED_OBSERVATION", "stop_after": "2006-08-02", "warmup_start": "2006-01-03"}
2026-09-06T15:51:16.6791684Z [CERT_PROGRESS] role=research date=2006-03-31 phase=WARMUP cagr=N/A
2026-09-06T15:51:19.8401225Z [CERT_PROGRESS] role=research date=2006-06-30 phase=WARMUP cagr=N/A
2026-09-06T15:51:22.8340714Z {"audit_source_sha": "b0a3033d83584541f4d6f306ecee27e318d29a59", "baseline_generated_sha256": "e20e43766ae34c82f85f572abcd50cb68978edaf39b59f699ccc5a4a78393046", "baseline_normalized_ast_sha256": "7dfe469e846409dad684532b1c964d413cdbdf7d175c40cede53e8629e8858e1", "baseline_source_sha": "27bb992087182c42c3c051e62bf837895f5d2ab7", "case": "certified_candidate_types", "certification_status": "NOT_CERTIFIED_DIAGNOSTIC", "changed_dimension": "UNKNOWN_SECURITY_TYPE_CLASSIFICATION_ONLY", "corpus_hash": "5bdc6b39e4a8ec4d3e4cebba6091b18a8b4032b41509581366bb60c0d0600993", "economic_generated_sha256": "d909f8bf5c995341c147bebb5c8f96e835b8a0049154c0864456aff96deade99", "economic_normalized_ast_sha256": "0dc6b6f8ef84b4af2a59e14d7c767a7126c1ccfd13c51b468fbb0ed22a8fd6f9", "initial_shadow_cash": 100000000, "instrumented_generated_sha256": "7e4638153d3dd1dc43149eb081c9fe1c358a488e4988ccc8df247e492c727a80", "measurement_start": "2006-07-31", "observer_stripped_ast_matches": true, "profile": "strategy9-e3-research-champion-v1", "profile_sha256": "1101e99ae9ca327278d79d5334556ca01bbc167e2cb3410ab4902b89550e5c26", "runtime_sha": "887f479b15ad861313da666ad698034d3847121c", "schema": "champion.economic-prefix-audit/1", "status": "PASS_BOUNDED_OBSERVATION", "stop_after": "2006-08-02", "warmup_start": "2006-01-03"}
2026-09-06T15:51:22.9089240Z ##[group]Run set -euo pipefail
2026-09-06T15:51:22.9089593Z [36;1mset -euo pipefail[0m
2026-09-06T15:51:22.9089836Z [36;1mpython - <<'PY'[0m
2026-09-06T15:51:22.9090118Z [36;1mimport hashlib, importlib.util, json, pathlib[0m
2026-09-06T15:51:22.9091103Z [36;1mimport pandas as pd[0m
2026-09-06T15:51:22.9091413Z [36;1mfrom pandas.testing import assert_frame_equal[0m
2026-09-06T15:51:22.9091987Z [36;1mspec=importlib.util.spec_from_file_location('audit', 'audit-src/backtester/champion_economic_prefix_audit.py')[0m
2026-09-06T15:51:22.9092659Z [36;1maudit=importlib.util.module_from_spec(spec); spec.loader.exec_module(audit)[0m
2026-09-06T15:51:22.9093124Z [36;1mout=pathlib.Path('economic-prefix-audit')[0m
2026-09-06T15:51:22.9093912Z [36;1moriginals={'candidate':pathlib.Path('original-candidate/daily.csv.gz'), 'certified':pathlib.Path('original-certified/backtester-results/research-champion-20y/daily.csv.gz')}[0m
2026-09-06T15:51:22.9095294Z [36;1mcols=['date','shadow_equity','open_equity','eligible_count','held_count','A_nav','A_allocation','research_ranking_sha256','research_selected_positions_sha256'][0m
2026-09-06T15:51:22.9095937Z [36;1mresult={}[0m
2026-09-06T15:51:22.9096183Z [36;1mfor case,path in originals.items():[0m
2026-09-06T15:51:22.9096820Z [36;1m    expected=pd.read_csv(path); expected=expected[expected.date<='2006-08-02'][cols].reset_index(drop=True)[0m
2026-09-06T15:51:22.9097576Z [36;1m    actual=pd.read_csv(out/case/'observed-daily.csv')[cols].reset_index(drop=True)[0m
2026-09-06T15:51:22.9098250Z [36;1m    assert len(expected)==3[0m
2026-09-06T15:51:22.9111127Z [36;1m    assert_frame_equal(expected,actual,check_dtype=False,rtol=1e-12,atol=1e-7)[0m
2026-09-06T15:51:22.9112424Z [36;1m    result[case]={'status':'PASS','sessions':len(actual),'first':str(actual.date.iloc[0]),'last':str(actual.date.iloc[-1]),'original_daily_sha256':hashlib.sha256(path.read_bytes()).hexdigest()}[0m
2026-09-06T15:51:22.9113567Z [36;1mretained=pathlib.Path('original-candidate/generated-replay.py').read_text()[0m
2026-09-06T15:51:22.9114086Z [36;1mrebuilt=(out/'candidate/economic-generated.py').read_text()[0m
2026-09-06T15:51:22.9114569Z [36;1massert audit.normalized_ast(retained)==audit.normalized_ast(rebuilt)[0m
2026-09-06T15:51:22.9115021Z [36;1mresult['candidate_source_ast_matches_retained']=True[0m
2026-09-06T15:51:22.9116100Z [36;1mexpected_dims={'candidate':'NONE_OBSERVATION_ONLY','certified':'NONE_OBSERVATION_ONLY','certified_capacity_off':'EXECUTION_PARTICIPATION_CAP_ONLY','certified_dividend_1':'DIVIDEND_SETTLEMENT_LAG_ONLY','certified_candidate_types':'UNKNOWN_SECURITY_TYPE_CLASSIFICATION_ONLY'}[0m
2026-09-06T15:51:22.9117101Z [36;1midentities={}[0m
2026-09-06T15:51:22.9117360Z [36;1mfor case,dim in expected_dims.items():[0m
2026-09-06T15:51:22.9117744Z [36;1m    identity=json.loads((out/case/'identity.json').read_text())[0m
2026-09-06T15:51:22.9118137Z [36;1m    assert identity['changed_dimension']==dim[0m
2026-09-06T15:51:22.9118504Z [36;1m    assert identity['status']=='PASS_BOUNDED_OBSERVATION'[0m
2026-09-06T15:51:22.9118885Z [36;1m    assert identity['initial_shadow_cash']==100000000[0m
2026-09-06T15:51:22.9119259Z [36;1m    assert identity['corpus_hash']==audit.EXPECTED_CORPUS[0m
2026-09-06T15:51:22.9119641Z [36;1m    assert identity['observer_stripped_ast_matches'][0m
2026-09-06T15:51:22.9119967Z [36;1m    identities[case]=identity[0m
2026-09-06T15:51:22.9120535Z [36;1mresult['scope']='BOUNDED_PREFIX_ONLY_NOT_CERTIFICATION'[0m
2026-09-06T15:51:22.9121073Z [36;1m(out/'baseline-reproduction.json').write_text(json.dumps(result,indent=2,sort_keys=True)+'\n')[0m
2026-09-06T15:51:22.9121770Z [36;1m(out/'controlled-replay-identities.json').write_text(json.dumps(identities,indent=2,sort_keys=True)+'\n')[0m
2026-09-06T15:51:22.9122381Z [36;1mwith open(__import__('os').environ['GITHUB_STEP_SUMMARY'],'a') as f:[0m
2026-09-06T15:51:22.9123925Z [36;1m    f.write('# Bounded economic-attribution evidence\n\nBoth original measured prefixes reproduced. All five observer-stripped economic ASTs match their specified case. Starting shadow capital remains $100M. Three one-factor controls and independent prefix accounting checks retained. No final CAGR or certificate issued.\n')[0m
2026-09-06T15:51:22.9125177Z [36;1mprint(json.dumps(result,sort_keys=True))[0m
2026-09-06T15:51:22.9125475Z [36;1mPY[0m
2026-09-06T15:51:22.9165481Z shell: /usr/bin/bash -e {0}
2026-09-06T15:51:22.9165734Z env:
2026-09-06T15:51:22.9165935Z   PYTHONUNBUFFERED: 1
2026-09-06T15:51:22.9166164Z   PIT_OFFICIAL_BACKTEST: 0
2026-09-06T15:51:22.9166402Z   RESEARCH_REPLAY_MODE: fullpit
2026-09-06T15:51:22.9166669Z   CERTIFICATION_WARMUP_START: 2006-01-03
2026-09-06T15:51:22.9166963Z   CERTIFICATION_MEASUREMENT_START: 2006-07-31
2026-09-06T15:51:22.9167253Z   CERTIFICATION_END_SESSION: 2026-07-31
2026-09-06T15:51:22.9167758Z   pythonLocation: /opt/hostedtoolcache/Python/3.12.14/x64
2026-09-06T15:51:22.9168186Z   PKG_CONFIG_PATH: /opt/hostedtoolcache/Python/3.12.14/x64/lib/pkgconfig
2026-09-06T15:51:22.9168605Z   Python_ROOT_DIR: /opt/hostedtoolcache/Python/3.12.14/x64
2026-09-06T15:51:22.9168971Z   Python2_ROOT_DIR: /opt/hostedtoolcache/Python/3.12.14/x64
2026-09-06T15:51:22.9169336Z   Python3_ROOT_DIR: /opt/hostedtoolcache/Python/3.12.14/x64
2026-09-06T15:51:22.9169707Z   LD_LIBRARY_PATH: /opt/hostedtoolcache/Python/3.12.14/x64/lib
2026-09-06T15:51:22.9170126Z   CANONICAL_PIT_DATASET: /home/runner/work/stocker/stocker/canonical-pit
2026-09-06T15:51:22.9170668Z ##[endgroup]
2026-09-06T15:51:23.2755082Z Traceback (most recent call last):
2026-09-06T15:51:23.2761703Z   File "<stdin>", line 11, in <module>
2026-09-06T15:51:23.2762774Z   File "/opt/hostedtoolcache/Python/3.12.14/x64/lib/python3.12/site-packages/pandas/core/frame.py", line 4384, in __getitem__
2026-09-06T15:51:23.2763820Z     indexer = self.columns._get_indexer_strict(key, "columns")[1]
2026-09-06T15:51:23.2764202Z               ^^^^^^^^^^^^^^^^^^^^^^^^^^^^^^^^^^^^^^^^^^^^^^^^
2026-09-06T15:51:23.2764888Z   File "/opt/hostedtoolcache/Python/3.12.14/x64/lib/python3.12/site-packages/pandas/core/indexes/base.py", line 6302, in _get_indexer_strict
2026-09-06T15:51:23.2773074Z     self._raise_if_missing(keyarr, indexer, axis_name)
2026-09-06T15:51:23.2773782Z   File "/opt/hostedtoolcache/Python/3.12.14/x64/lib/python3.12/site-packages/pandas/core/indexes/base.py", line 6355, in _raise_if_missing
2026-09-06T15:51:23.2783622Z     raise KeyError(f"{not_found} not in index")
2026-09-06T15:51:23.2784188Z KeyError: "['shadow_equity', 'open_equity'] not in index"
2026-09-06T15:51:23.3280634Z ##[error]Process completed with exit code 1.
2026-09-06T15:51:23.3382966Z Node 20 is being deprecated. This workflow is running with Node 24 by default. If you need to temporarily use Node 20, you can set the ACTIONS_ALLOW_USE_UNSECURE_NODE_VERSION=true environment variable. For more information see: https://github.blog/changelog/2025-09-19-deprecation-of-node-20-on-github-actions-runners/
2026-09-06T15:51:23.3384299Z ##[group]Run actions/upload-artifact@ea165f8d65b6e75b540449e92b4886f43607fa02
2026-09-06T15:51:23.3384682Z with:
2026-09-06T15:51:23.3384924Z   name: champion-economic-prefix-34042141867-1
2026-09-06T15:51:23.3385239Z   path: economic-prefix-audit/
2026-09-06T15:51:23.3385493Z   retention-days: 90
2026-09-06T15:51:23.3385719Z   if-no-files-found: error
2026-09-06T15:51:23.3385951Z   compression-level: 6
2026-09-06T15:51:23.3386182Z   overwrite: false
2026-09-06T15:51:23.3386403Z   include-hidden-files: false
2026-09-06T15:51:23.3386638Z env:
2026-09-06T15:51:23.3386828Z   PYTHONUNBUFFERED: 1
2026-09-06T15:51:23.3387071Z   PIT_OFFICIAL_BACKTEST: 0
2026-09-06T15:51:23.3387306Z   RESEARCH_REPLAY_MODE: fullpit
2026-09-06T15:51:23.3387567Z   CERTIFICATION_WARMUP_START: 2006-01-03
2026-09-06T15:51:23.3387861Z   CERTIFICATION_MEASUREMENT_START: 2006-07-31
2026-09-06T15:51:23.3388159Z   CERTIFICATION_END_SESSION: 2026-07-31
2026-09-06T15:51:23.3388483Z   pythonLocation: /opt/hostedtoolcache/Python/3.12.14/x64
2026-09-06T15:51:23.3388898Z   PKG_CONFIG_PATH: /opt/hostedtoolcache/Python/3.12.14/x64/lib/pkgconfig
2026-09-06T15:51:23.3389305Z   Python_ROOT_DIR: /opt/hostedtoolcache/Python/3.12.14/x64
2026-09-06T15:51:23.3389679Z   Python2_ROOT_DIR: /opt/hostedtoolcache/Python/3.12.14/x64
2026-09-06T15:51:23.3390048Z   Python3_ROOT_DIR: /opt/hostedtoolcache/Python/3.12.14/x64
2026-09-06T15:51:23.3390615Z   LD_LIBRARY_PATH: /opt/hostedtoolcache/Python/3.12.14/x64/lib
2026-09-06T15:51:23.3391043Z   CANONICAL_PIT_DATASET: /home/runner/work/stocker/stocker/canonical-pit
2026-09-06T15:51:23.3391405Z ##[endgroup]
2026-09-06T15:51:23.5053929Z (node:3243) [DEP0040] DeprecationWarning: The `punycode` module is deprecated. Please use a userland alternative instead.
2026-09-06T15:51:23.5054807Z (Use `node --trace-deprecation ...` to show where the warning was created)
2026-09-06T15:51:23.5232027Z With the provided path, there will be 62 files uploaded
2026-09-06T15:51:23.5237784Z Artifact name is valid!
2026-09-06T15:51:23.5238559Z Root directory input is valid!
2026-09-06T15:51:23.7098364Z Beginning upload of artifact content to blob storage
2026-09-06T15:51:23.9394758Z (node:3243) [DEP0169] DeprecationWarning: `url.parse()` behavior is not standardized and prone to errors that have security implications. Use the WHATWG URL API instead. CVEs are not issued for `url.parse()` vulnerabilities.
2026-09-06T15:51:24.0698322Z Uploaded bytes 3993694
2026-09-06T15:51:24.0832685Z Finished uploading artifact content to blob storage!
2026-09-06T15:51:24.0834041Z SHA256 digest of uploaded artifact zip is 25f80f5378348f6c500513f3c9ff0bf959909910c26a8c3789b1bd25bf948b5c
2026-09-06T15:51:24.0836164Z Finalizing artifact upload
2026-09-06T15:51:24.2670500Z Artifact champion-economic-prefix-34042141867-1.zip successfully finalized. Artifact ID 9992417046
2026-09-06T15:51:24.2671914Z Artifact champion-economic-prefix-34042141867-1 has been successfully uploaded! Final size is 3993694 bytes. Artifact ID is 9992417046
2026-09-06T15:51:24.2678504Z Artifact download URL: https://github.com/flabber1835/stocker/actions/runs/34042141867/artifacts/9992417046
2026-09-06T15:51:24.2878060Z Node 20 is being deprecated. This workflow is running with Node 24 by default. If you need to temporarily use Node 20, you can set the ACTIONS_ALLOW_USE_UNSECURE_NODE_VERSION=true environment variable. For more information see: https://github.blog/changelog/2025-09-19-deprecation-of-node-20-on-github-actions-runners/
2026-09-06T15:51:24.2879253Z Post job cleanup.
2026-09-06T15:51:24.3777842Z [command]/usr/bin/git version
2026-09-06T15:51:24.3822117Z git version 2.55.0
2026-09-06T15:51:24.3859001Z Temporarily overriding HOME='/home/runner/work/_temp/55291f8d-3f59-40f8-8978-f1a772fd69e0' before making global git config changes
2026-09-06T15:51:24.3860446Z Adding repository directory to the temporary git global config as a safe directory
2026-09-06T15:51:24.3866223Z [command]/usr/bin/git config --global --add safe.directory /home/runner/work/stocker/stocker/main-src
2026-09-06T15:51:24.3913390Z [command]/usr/bin/git config --local --name-only --get-regexp core\.sshCommand
2026-09-06T15:51:24.3952797Z [command]/usr/bin/git submodule foreach --recursive sh -c "git config --local --name-only --get-regexp 'core\.sshCommand' && git config --local --unset-all 'core.sshCommand' || :"
2026-09-06T15:51:24.4218482Z [command]/usr/bin/git config --local --name-only --get-regexp http\.https\:\/\/github\.com\/\.extraheader
2026-09-06T15:51:24.4263171Z [command]/usr/bin/git submodule foreach --recursive sh -c "git config --local --name-only --get-regexp 'http\.https\:\/\/github\.com\/\.extraheader' && git config --local --unset-all 'http.https://github.com/.extraheader' || :"
2026-09-06T15:51:24.4669239Z Node 20 is being deprecated. This workflow is running with Node 24 by default. If you need to temporarily use Node 20, you can set the ACTIONS_ALLOW_USE_UNSECURE_NODE_VERSION=true environment variable. For more information see: https://github.blog/changelog/2025-09-19-deprecation-of-node-20-on-github-actions-runners/
2026-09-06T15:51:24.4670892Z Post job cleanup.
2026-09-06T15:51:24.5598022Z [command]/usr/bin/git version
2026-09-06T15:51:24.5644693Z git version 2.55.0
2026-09-06T15:51:24.5697091Z Temporarily overriding HOME='/home/runner/work/_temp/7ab31480-f90d-4c12-837f-8904506a0427' before making global git config changes
2026-09-06T15:51:24.5698353Z Adding repository directory to the temporary git global config as a safe directory
2026-09-06T15:51:24.5703490Z [command]/usr/bin/git config --global --add safe.directory /home/runner/work/stocker/stocker/candidate-src
2026-09-06T15:51:24.5747251Z [command]/usr/bin/git config --local --name-only --get-regexp core\.sshCommand
2026-09-06T15:51:24.5786432Z [command]/usr/bin/git submodule foreach --recursive sh -c "git config --local --name-only --get-regexp 'core\.sshCommand' && git config --local --unset-all 'core.sshCommand' || :"
2026-09-06T15:51:24.6051189Z [command]/usr/bin/git config --local --name-only --get-regexp http\.https\:\/\/github\.com\/\.extraheader
2026-09-06T15:51:24.6087157Z [command]/usr/bin/git submodule foreach --recursive sh -c "git config --local --name-only --get-regexp 'http\.https\:\/\/github\.com\/\.extraheader' && git config --local --unset-all 'http.https://github.com/.extraheader' || :"
2026-09-06T15:51:24.6555061Z Node 20 is being deprecated. This workflow is running with Node 24 by default. If you need to temporarily use Node 20, you can set the ACTIONS_ALLOW_USE_UNSECURE_NODE_VERSION=true environment variable. For more information see: https://github.blog/changelog/2025-09-19-deprecation-of-node-20-on-github-actions-runners/
2026-09-06T15:51:24.6556267Z Post job cleanup.
2026-09-06T15:51:24.7433605Z [command]/usr/bin/git version
2026-09-06T15:51:24.7477641Z git version 2.55.0
2026-09-06T15:51:24.7516767Z Temporarily overriding HOME='/home/runner/work/_temp/960db81e-843a-4895-be17-6ef1c81b1420' before making global git config changes
2026-09-06T15:51:24.7518351Z Adding repository directory to the temporary git global config as a safe directory
2026-09-06T15:51:24.7524159Z [command]/usr/bin/git config --global --add safe.directory /home/runner/work/stocker/stocker/certified-src
2026-09-06T15:51:24.7565117Z [command]/usr/bin/git config --local --name-only --get-regexp core\.sshCommand
2026-09-06T15:51:24.7603693Z [command]/usr/bin/git submodule foreach --recursive sh -c "git config --local --name-only --get-regexp 'core\.sshCommand' && git config --local --unset-all 'core.sshCommand' || :"
2026-09-06T15:51:24.7878567Z [command]/usr/bin/git config --local --name-only --get-regexp http\.https\:\/\/github\.com\/\.extraheader
2026-09-06T15:51:24.7915275Z [command]/usr/bin/git submodule foreach --recursive sh -c "git config --local --name-only --get-regexp 'http\.https\:\/\/github\.com\/\.extraheader' && git config --local --unset-all 'http.https://github.com/.extraheader' || :"
2026-09-06T15:51:24.8450762Z Node 20 is being deprecated. This workflow is running with Node 24 by default. If you need to temporarily use Node 20, you can set the ACTIONS_ALLOW_USE_UNSECURE_NODE_VERSION=true environment variable. For more information see: https://github.blog/changelog/2025-09-19-deprecation-of-node-20-on-github-actions-runners/
2026-09-06T15:51:24.8453071Z Post job cleanup.
2026-09-06T15:51:24.9330748Z [command]/usr/bin/git version
2026-09-06T15:51:24.9376943Z git version 2.55.0
2026-09-06T15:51:24.9419073Z Temporarily overriding HOME='/home/runner/work/_temp/e47ddff3-a243-40db-9715-ee9b3e5e0061' before making global git config changes
2026-09-06T15:51:24.9420515Z Adding repository directory to the temporary git global config as a safe directory
2026-09-06T15:51:24.9425564Z [command]/usr/bin/git config --global --add safe.directory /home/runner/work/stocker/stocker/audit-src
2026-09-06T15:51:24.9471183Z [command]/usr/bin/git config --local --name-only --get-regexp core\.sshCommand
2026-09-06T15:51:24.9506672Z [command]/usr/bin/git submodule foreach --recursive sh -c "git config --local --name-only --get-regexp 'core\.sshCommand' && git config --local --unset-all 'core.sshCommand' || :"
2026-09-06T15:51:24.9788232Z [command]/usr/bin/git config --local --name-only --get-regexp http\.https\:\/\/github\.com\/\.extraheader
2026-09-06T15:51:24.9825888Z [command]/usr/bin/git submodule foreach --recursive sh -c "git config --local --name-only --get-regexp 'http\.https\:\/\/github\.com\/\.extraheader' && git config --local --unset-all 'http.https://github.com/.extraheader' || :"
2026-09-06T15:51:25.0279035Z Cleaning up orphan processes
2026-09-06T15:51:25.0606433Z ##[warning]Node.js 20 is deprecated. The following actions target Node.js 20 but are being forced to run on Node.js 24: actions/checkout@11bd71901bbe5b1630ceea73d27597364c9af683, actions/download-artifact@d3f86a106a0bac45b974a628896c90dbdf5c8093, actions/setup-python@a26af69be951a213d495a4c3e4e4022e16d87065, actions/upload-artifact@ea165f8d65b6e75b540449e92b4886f43607fa02. For more information see: https://github.blog/changelog/2025-09-19-deprecation-of-node-20-on-github-actions-runners/
