FROZEN_VALIDATION_SOURCE_SHA256=1b4659e149a9b51ea7e4031e146a85da36a348f8461776f611000da67a61c8bd
============================= test session starts ==============================
platform linux -- Python 3.12.13, pytest-8.4.2, pluggy-1.6.0 -- /usr/local/bin/python
rootdir: /tmp/repo
configfile: pytest.ini
plugins: asyncio-1.2.0, anyio-4.14.2
asyncio: mode=Mode.STRICT, debug=False, asyncio_default_fixture_loop_scope=None, asyncio_default_test_loop_scope=function
collecting ... collected 60 items

tests/production_composition/test_canonical_go_e2e_harness.py::test_full_go_is_manual_but_fast_checks_remain_automatic PASSED [  1%]
tests/production_composition/test_canonical_go_e2e_harness.py::test_script_process_can_load_production_session_calendar PASSED [  3%]
tests/production_composition/test_canonical_go_e2e_harness.py::test_canonical_entrypoint_is_real_production_go PASSED [  5%]
tests/production_composition/test_canonical_go_e2e_harness.py::test_fixture_pages_satisfy_consumed_sharadar_protocol PASSED [  6%]
tests/production_composition/test_canonical_go_e2e_harness.py::test_fixture_vendor_clock_is_bound_to_latest_closed_session PASSED [  8%]
tests/production_composition/test_canonical_go_e2e_harness.py::test_fixture_supplies_an_issuer_key_for_every_security PASSED [ 10%]
tests/production_composition/test_canonical_go_e2e_harness.py::test_fixture_supplies_seed_reference_tickers PASSED [ 11%]
tests/production_composition/test_canonical_go_e2e_harness.py::test_fixture_is_large_enough_for_readiness_history PASSED [ 13%]
tests/production_composition/test_canonical_go_e2e_harness.py::test_fixture_supports_the_current_cash_adjudication_migration PASSED [ 15%]
tests/production_composition/test_canonical_go_e2e_harness.py::test_fixture_represents_the_complete_tri_cash_and_consolidation PASSED [ 16%]
tests/production_composition/test_canonical_go_e2e_harness.py::test_fixture_action_filter_preserves_the_complete_unfiltered_table[dividend-expected0] PASSED [ 18%]
tests/production_composition/test_canonical_go_e2e_harness.py::test_fixture_action_filter_preserves_the_complete_unfiltered_table[split-expected1] PASSED [ 20%]
tests/production_composition/test_canonical_go_e2e_harness.py::test_fixture_action_filter_preserves_the_complete_unfiltered_table[dividend,split-expected2] PASSED [ 21%]
tests/production_composition/test_canonical_go_e2e_harness.py::test_fixture_action_filter_preserves_the_complete_unfiltered_table[tickerchangeto,tickerchangefrom-expected3] PASSED [ 23%]
tests/production_composition/test_canonical_go_e2e_harness.py::test_bootstrapped_fixture_leaves_a_bounded_real_backup_authority[selected] PASSED [ 25%]
tests/production_composition/test_canonical_go_e2e_harness.py::test_bootstrapped_fixture_leaves_a_bounded_real_backup_authority[stale] PASSED [ 26%]
tests/production_composition/test_canonical_go_e2e_harness.py::test_publication_observer_authenticates_with_the_fixture_receipt_key PASSED [ 28%]
tests/production_composition/test_canonical_go_e2e_harness.py::test_publication_observer_reads_the_selected_generation[legacy-seed] PASSED [ 30%]
tests/production_composition/test_canonical_go_e2e_harness.py::test_publication_observer_reads_the_selected_generation[rolling-startup] PASSED [ 31%]
tests/production_composition/test_canonical_go_e2e_harness.py::test_compose_propagates_sharadar_transport_with_safe_defaults PASSED [ 33%]
tests/production_composition/test_canonical_go_e2e_harness.py::test_phase_parser_is_stage_sensitive PASSED [ 35%]
tests/production_composition/test_canonical_go_e2e_harness.py::test_fixture_refuses_dropped_container_transport_setting[NDL_BASE_URL] PASSED [ 36%]
tests/production_composition/test_canonical_go_e2e_harness.py::test_fixture_refuses_dropped_container_transport_setting[SHARADAR_ALLOW_INSECURE_BASE_URL] PASSED [ 38%]
tests/production_composition/test_canonical_go_e2e_harness.py::test_fixture_refuses_dropped_container_transport_setting[SHARADAR_FETCH_RETRIES] PASSED [ 40%]
tests/production_composition/test_canonical_go_e2e_harness.py::test_fixture_refuses_dropped_container_transport_setting[SHARADAR_FETCH_BACKOFF] PASSED [ 41%]
tests/production_composition/test_canonical_go_e2e_harness.py::test_real_source_membrane_consumes_local_pages_and_complete_exports PASSED [ 43%]
tests/production_composition/test_internal_go_stage_faults.py::test_campaigns_cover_each_internal_stage_once PASSED [ 45%]
tests/production_composition/test_internal_go_stage_faults.py::test_injected_fault_remains_visible_through_production_redaction[schema-feed-permission] PASSED [ 46%]
tests/production_composition/test_internal_go_stage_faults.py::test_injected_fault_remains_visible_through_production_redaction[schema-migration] PASSED [ 48%]
tests/production_composition/test_internal_go_stage_faults.py::test_injected_fault_remains_visible_through_production_redaction[feed-catchup] PASSED [ 50%]
tests/production_composition/test_internal_go_stage_faults.py::test_injected_fault_remains_visible_through_production_redaction[publication-check] PASSED [ 51%]
tests/production_composition/test_internal_go_stage_faults.py::test_injected_fault_remains_visible_through_production_redaction[operational-parity] PASSED [ 53%]
tests/production_composition/test_internal_go_stage_faults.py::test_injected_fault_remains_visible_through_production_redaction[sharadar-readiness] PASSED [ 55%]
tests/production_composition/test_internal_go_stage_faults.py::test_injected_fault_remains_visible_through_production_redaction[database-health] PASSED [ 56%]
tests/production_composition/test_internal_go_stage_faults.py::test_injected_fault_remains_visible_through_production_redaction[validation-evidence] PASSED [ 58%]
tests/production_composition/test_internal_go_stage_faults.py::test_injected_fault_remains_visible_through_production_redaction[requested-target-proof] PASSED [ 60%]
tests/production_composition/test_internal_go_stage_faults.py::test_injected_fault_remains_visible_through_production_redaction[panel-recreation] PASSED [ 61%]
tests/production_composition/test_internal_go_stage_faults.py::test_injected_fault_remains_visible_through_production_redaction[handoff-write] PASSED [ 63%]
tests/production_composition/test_internal_go_stage_faults.py::test_selected_fault_keeps_unrelated_docker_commands_exact[schema-feed-permission] PASSED [ 65%]
tests/production_composition/test_internal_go_stage_faults.py::test_selected_fault_keeps_unrelated_docker_commands_exact[schema-migration] PASSED [ 66%]
tests/production_composition/test_internal_go_stage_faults.py::test_selected_fault_keeps_unrelated_docker_commands_exact[feed-catchup] PASSED [ 68%]
tests/production_composition/test_internal_go_stage_faults.py::test_selected_fault_keeps_unrelated_docker_commands_exact[publication-check] PASSED [ 70%]
tests/production_composition/test_internal_go_stage_faults.py::test_selected_fault_keeps_unrelated_docker_commands_exact[operational-parity] PASSED [ 71%]
tests/production_composition/test_internal_go_stage_faults.py::test_selected_fault_keeps_unrelated_docker_commands_exact[sharadar-readiness] PASSED [ 73%]
tests/production_composition/test_internal_go_stage_faults.py::test_selected_fault_keeps_unrelated_docker_commands_exact[database-health] PASSED [ 75%]
tests/production_composition/test_internal_go_stage_faults.py::test_selected_fault_keeps_unrelated_docker_commands_exact[validation-evidence] PASSED [ 76%]
tests/production_composition/test_internal_go_stage_faults.py::test_selected_fault_keeps_unrelated_docker_commands_exact[requested-target-proof] PASSED [ 78%]
tests/production_composition/test_internal_go_stage_faults.py::test_selected_fault_keeps_unrelated_docker_commands_exact[panel-recreation] PASSED [ 80%]
tests/production_composition/test_internal_go_stage_faults.py::test_selected_fault_keeps_unrelated_docker_commands_exact[handoff-write] PASSED [ 81%]
tests/production_composition/test_internal_go_stage_faults.py::test_schema_fault_raises_at_the_actual_selected_call PASSED [ 83%]
tests/production_composition/test_internal_go_stage_faults.py::test_rolling_fault_reaches_the_production_call_site[feed-catchup-prepare] PASSED [ 85%]
tests/production_composition/test_internal_go_stage_faults.py::test_rolling_fault_reaches_the_production_call_site[sharadar-readiness-readiness] PASSED [ 86%]
tests/production_composition/test_internal_go_stage_faults.py::test_positive_campaign_cannot_claim_sensitivity PASSED [ 88%]
tests/production_composition/test_internal_go_stage_faults.py::test_publication_fault_preserves_catchup_then_refuses_final_check PASSED [ 90%]
tests/production_composition/test_internal_go_stage_faults.py::test_host_evidence_fault_occurs_when_writer_is_called PASSED [ 91%]
tests/production_composition/test_internal_go_stage_faults.py::test_operational_fault_retains_canonical_parity_cli_arguments PASSED [ 93%]
tests/production_composition/test_internal_go_stage_faults.py::test_success_requires_actual_publication_advance_bound_to_go[None] PASSED [ 95%]
tests/production_composition/test_internal_go_stage_faults.py::test_success_requires_actual_publication_advance_bound_to_go[same-version] PASSED [ 96%]
tests/production_composition/test_internal_go_stage_faults.py::test_success_requires_actual_publication_advance_bound_to_go[same-frontier] PASSED [ 98%]
tests/production_composition/test_internal_go_stage_faults.py::test_success_requires_actual_publication_advance_bound_to_go[wrong-subject] PASSED [100%]

============================== 60 passed in 5.30s ==============================
