FROZEN_VALIDATION_SOURCE_SHA256=beea872791d7aed60e3b14ec0b20c1ee2d84a7d21649999bb639083c608bae44
============================= test session starts ==============================
platform linux -- Python 3.12.13, pytest-8.4.2, pluggy-1.6.0 -- /usr/local/bin/python
rootdir: /tmp/repo
configfile: pytest.ini
plugins: asyncio-1.2.0, anyio-4.14.2
asyncio: mode=Mode.STRICT, debug=False, asyncio_default_fixture_loop_scope=None, asyncio_default_test_loop_scope=function
collecting ... collected 299 items

tests/v5/test_economic_publication_canonicalization.py::test_equivalent_source_rebases_canonicalize_volume_dividend_and_liquidity[False-3] PASSED [  0%]
tests/v5/test_economic_publication_canonicalization.py::test_equivalent_source_rebases_canonicalize_volume_dividend_and_liquidity[False-5] PASSED [  0%]
tests/v5/test_economic_publication_canonicalization.py::test_equivalent_source_rebases_canonicalize_volume_dividend_and_liquidity[False-7] PASSED [  1%]
tests/v5/test_economic_publication_canonicalization.py::test_equivalent_source_rebases_canonicalize_volume_dividend_and_liquidity[False-10] PASSED [  1%]
tests/v5/test_economic_publication_canonicalization.py::test_equivalent_source_rebases_canonicalize_volume_dividend_and_liquidity[True-3] PASSED [  1%]
tests/v5/test_economic_publication_canonicalization.py::test_equivalent_source_rebases_canonicalize_volume_dividend_and_liquidity[True-5] PASSED [  2%]
tests/v5/test_economic_publication_canonicalization.py::test_equivalent_source_rebases_canonicalize_volume_dividend_and_liquidity[True-7] PASSED [  2%]
tests/v5/test_economic_publication_canonicalization.py::test_equivalent_source_rebases_canonicalize_volume_dividend_and_liquidity[True-10] PASSED [  2%]
tests/v5/test_economic_publication_canonicalization.py::test_high_precision_volume_source_decimals_are_preserved_before_float PASSED [  3%]
tests/v5/test_economic_publication_canonicalization.py::test_high_precision_dividend_source_decimals_are_preserved_before_float PASSED [  3%]
tests/v5/test_economic_publication_canonicalization.py::test_same_session_actions_dividends_sum_in_exact_source_decimal_space PASSED [  3%]
tests/v5/test_economic_publication_canonicalization.py::test_equivalent_raw_publications_preserve_warmup_identity_and_revision_gate[False-3] PASSED [  4%]
tests/v5/test_economic_publication_canonicalization.py::test_equivalent_raw_publications_preserve_warmup_identity_and_revision_gate[False-5] PASSED [  4%]
tests/v5/test_economic_publication_canonicalization.py::test_equivalent_raw_publications_preserve_warmup_identity_and_revision_gate[False-7] PASSED [  4%]
tests/v5/test_economic_publication_canonicalization.py::test_equivalent_raw_publications_preserve_warmup_identity_and_revision_gate[False-10] PASSED [  5%]
tests/v5/test_economic_publication_canonicalization.py::test_equivalent_raw_publications_preserve_warmup_identity_and_revision_gate[True-3] PASSED [  5%]
tests/v5/test_economic_publication_canonicalization.py::test_equivalent_raw_publications_preserve_warmup_identity_and_revision_gate[True-5] PASSED [  5%]
tests/v5/test_economic_publication_canonicalization.py::test_equivalent_raw_publications_preserve_warmup_identity_and_revision_gate[True-7] PASSED [  6%]
tests/v5/test_economic_publication_canonicalization.py::test_equivalent_raw_publications_preserve_warmup_identity_and_revision_gate[True-10] PASSED [  6%]
tests/v5/test_economic_publication_canonicalization.py::test_equivalent_raw_publications_preserve_daily_economic_identity[False-3] PASSED [  6%]
tests/v5/test_economic_publication_canonicalization.py::test_equivalent_raw_publications_preserve_daily_economic_identity[False-5] PASSED [  7%]
tests/v5/test_economic_publication_canonicalization.py::test_equivalent_raw_publications_preserve_daily_economic_identity[False-7] PASSED [  7%]
tests/v5/test_economic_publication_canonicalization.py::test_equivalent_raw_publications_preserve_daily_economic_identity[False-10] PASSED [  7%]
tests/v5/test_economic_publication_canonicalization.py::test_equivalent_raw_publications_preserve_daily_economic_identity[True-3] PASSED [  8%]
tests/v5/test_economic_publication_canonicalization.py::test_equivalent_raw_publications_preserve_daily_economic_identity[True-5] PASSED [  8%]
tests/v5/test_economic_publication_canonicalization.py::test_equivalent_raw_publications_preserve_daily_economic_identity[True-7] PASSED [  8%]
tests/v5/test_economic_publication_canonicalization.py::test_equivalent_raw_publications_preserve_daily_economic_identity[True-10] PASSED [  9%]
tests/v5/test_economic_publication_canonicalization.py::test_genuine_volume_and_dividend_corrections_remain_visible PASSED [  9%]
tests/v5/test_opening.py::test_close_plan_preserves_dollars_and_identity_binds_them PASSED [  9%]
tests/v5/test_opening.py::test_opening_gaps_resolve_whole_shares_and_preserve_canonical_state[50-99] PASSED [ 10%]
tests/v5/test_opening.py::test_opening_gaps_resolve_whole_shares_and_preserve_canonical_state[100-49] PASSED [ 10%]
tests/v5/test_opening.py::test_opening_gaps_resolve_whole_shares_and_preserve_canonical_state[200-24] PASSED [ 10%]
tests/v5/test_opening.py::test_opening_gaps_resolve_whole_shares_and_preserve_canonical_state[6000-0] PASSED [ 11%]
tests/v5/test_opening.py::test_sale_proceeds_and_slot_order_fund_the_opening_once PASSED [ 11%]
tests/v5/test_opening.py::test_cash_cushion_is_released_at_open PASSED   [ 11%]
tests/v5/test_opening.py::test_opening_receivable_funding_uses_only_due_claims PASSED [ 12%]
tests/v5/test_opening.py::test_split_units_leave_pending_dollars_invariant PASSED [ 12%]
tests/v5/test_opening.py::test_controller_exposure_scales_resolved_opening_shares PASSED [ 12%]
tests/v5/test_opening.py::test_zero_exposure_has_durable_zero_sizing PASSED [ 13%]
tests/v5/test_opening.py::test_missing_opening_evidence_and_different_canonical_intent_refuse PASSED [ 13%]
tests/v5/test_opening.py::test_opening_evidence_round_trips_with_exact_prices PASSED [ 13%]
tests/v5/test_opening.py::test_invalid_opening_market_evidence_refuses[wrong_minute] PASSED [ 14%]
tests/v5/test_opening.py::test_invalid_opening_market_evidence_refuses[zero_open] PASSED [ 14%]
tests/v5/test_opening.py::test_invalid_opening_market_evidence_refuses[zero_volume] PASSED [ 14%]
tests/v5/test_opening.py::test_invalid_opening_market_evidence_refuses[nan] PASSED [ 15%]
tests/v5/test_opening.py::test_invalid_opening_market_evidence_refuses[partial] PASSED [ 15%]
tests/v5/test_opening.py::test_invalid_opening_market_evidence_refuses[missing_page_proof] PASSED [ 15%]
tests/v5/test_opening.py::test_invalid_opening_market_evidence_refuses[missing] PASSED [ 16%]
tests/v5/test_opening.py::test_invalid_opening_market_evidence_refuses[duplicate] PASSED [ 16%]
tests/v5/test_opening.py::test_invalid_opening_market_evidence_refuses[extra] PASSED [ 16%]
tests/v5/test_opening.py::test_projection_json_round_trip_and_tamper_refusal PASSED [ 17%]
tests/v5/test_opening.py::test_alpaca_reads_raw_sip_opening_minute_after_it_completes PASSED [ 17%]
tests/v5/test_opening.py::test_retry_reuses_durable_opening_evidence PASSED [ 17%]
tests/v5/test_opening.py::test_dollar_intents_cannot_use_empty_book_authority_bypass PASSED [ 18%]
tests/v5/test_opening.py::test_opening_prices_use_fresh_execute_read_authority PASSED [ 18%]
tests/v5/test_opening.py::test_lost_plan_intent_uses_the_paper_refusal_contract PASSED [ 18%]
tests/v5/test_opening.py::test_entry_submit_order_preserves_slots_after_reductions PASSED [ 19%]
tests/v5/test_opening.py::test_executor_requires_opening_projection_before_execution PASSED [ 19%]
tests/v5/test_opening.py::test_persisted_unit_only_projection_is_insufficient_for_dollar_intent PASSED [ 19%]
tests/v5/test_opening.py::test_paper_target_path_consumes_opening_evidence PASSED [ 20%]
tests/v5/test_opening.py::test_missing_opening_price_is_a_retryable_paper_refusal PASSED [ 20%]
tests/v5/test_opening.py::test_opening_transport_failure_defers_execution[timeout] PASSED [ 20%]
tests/v5/test_opening.py::test_opening_transport_failure_defers_execution[unavailable] PASSED [ 21%]
tests/v5/test_opening.py::test_opening_transport_failure_defers_execution[rate_limit] PASSED [ 21%]
tests/v5/test_opening.py::test_opening_transport_failure_defers_execution[malformed] PASSED [ 21%]
tests/v5/test_opening_durability.py::test_opening_plan_round_trip_and_immutable_dollars PASSED [ 22%]
tests/v5/test_opening_durability.py::test_issue373_exact_cash_quantity_survives_durable_unknown_recovery PASSED [ 22%]
tests/v5/test_opening_durability.py::test_lost_opening_intent_record_refuses_plan_reload PASSED [ 22%]
tests/v5/test_opening_durability.py::test_plan_and_dollar_intent_share_the_commit_boundary PASSED [ 23%]
tests/v5/test_opening_durability.py::test_pending_entry_requires_durable_sizing_before_broker_calls PASSED [ 23%]
tests/v5/test_opening_durability.py::test_unit_projection_cannot_erase_unresolved_entry PASSED [ 23%]
tests/v5/test_opening_durability.py::test_unknown_submission_restart_keeps_original_open_price_and_quantity PASSED [ 24%]
tests/v5/test_opening_durability.py::test_opening_buy_waits_for_pending_sale_settlement_and_recovers PASSED [ 24%]
tests/v5/test_opening_durability.py::test_unsent_durable_projection_remains_freshness_gated_after_reload PASSED [ 24%]
tests/v5/test_opening_durability.py::test_unavailable_opening_evidence_keeps_reduction_executable PASSED [ 25%]
tests/v5/test_opening_durability.py::test_projection_loss_after_ambiguous_submit_is_integrity_failure PASSED [ 25%]
tests/v5/test_opening_durability.py::test_renamed_funding_exit_and_entry_survive_unknown_restart PASSED [ 25%]
tests/v5/test_opening_identity.py::test_reverse_identity_refuses_two_symbols_and_recycled_ticker PASSED [ 26%]
tests/v5/test_opening_identity.py::test_renamed_entry_and_pending_exit_complete_sizing[False-False] PASSED [ 26%]
tests/v5/test_opening_identity.py::test_renamed_entry_and_pending_exit_complete_sizing[False-True] PASSED [ 26%]
tests/v5/test_opening_identity.py::test_renamed_entry_and_pending_exit_complete_sizing[True-False] PASSED [ 27%]
tests/v5/test_opening_identity.py::test_renamed_entry_and_pending_exit_complete_sizing[True-True] PASSED [ 27%]
tests/v5/test_opening_identity.py::test_adapter_rejects_recycled_symbol_for_other_security PASSED [ 27%]
tests/v5/test_opening_identity.py::test_submission_uses_retained_renamed_instrument[False] PASSED [ 28%]
tests/v5/test_opening_identity.py::test_submission_uses_retained_renamed_instrument[True] PASSED [ 28%]
tests/v5/test_opening_identity.py::test_effective_listing_must_be_unique_and_reversible[gap] PASSED [ 28%]
tests/v5/test_opening_identity.py::test_effective_listing_must_be_unique_and_reversible[ambiguous] PASSED [ 29%]
tests/v5/test_opening_identity.py::test_effective_listing_must_be_unique_and_reversible[reused] PASSED [ 29%]
tests/v5/test_opening_identity.py::test_opening_resolution_independently_checks_instrument_identity[wrong_security] PASSED [ 29%]
tests/v5/test_opening_identity.py::test_opening_resolution_independently_checks_instrument_identity[missing_asset] PASSED [ 30%]
tests/v5/test_opening_identity.py::test_opening_resolution_independently_checks_instrument_identity[wrong_symbol] PASSED [ 30%]
tests/v5/test_opening_identity.py::test_opening_price_response_must_match_resolved_instruments[symbol] PASSED [ 30%]
tests/v5/test_opening_identity.py::test_opening_price_response_must_match_resolved_instruments[asset] PASSED [ 31%]
tests/v5/test_opening_identity.py::test_opening_price_response_must_match_resolved_instruments[security] PASSED [ 31%]
tests/v5/test_opening_identity.py::test_opening_asset_ids_are_complete_unique_and_durable[missing] PASSED [ 31%]
tests/v5/test_opening_identity.py::test_opening_asset_ids_are_complete_unique_and_durable[blank] PASSED [ 32%]
tests/v5/test_opening_identity.py::test_opening_asset_ids_are_complete_unique_and_durable[duplicate] PASSED [ 32%]
tests/v5/test_opening_identity.py::test_submission_refuses_asset_id_change_since_opening[False] PASSED [ 32%]
tests/v5/test_opening_identity.py::test_submission_refuses_asset_id_change_since_opening[True] PASSED [ 33%]
tests/v5/test_opening_rounding.py::test_admitted_dollars_match_canonical_whole_share_boundaries[103283.18-51.59-100] PASSED [ 33%]
tests/v5/test_opening_rounding.py::test_admitted_dollars_match_canonical_whole_share_boundaries[2682.68-1.34-100] PASSED [ 33%]
tests/v5/test_opening_rounding.py::test_admitted_dollars_match_canonical_whole_share_boundaries[2702.7-1.35-100] PASSED [ 34%]
tests/v5/test_opening_rounding.py::test_admitted_dollars_match_canonical_whole_share_boundaries[4824.82-2.41-100] PASSED [ 34%]
tests/v5/test_opening_rounding.py::test_admitted_dollars_match_canonical_whole_share_boundaries[4944.94-2.47-100] PASSED [ 34%]
tests/v5/test_opening_rounding.py::test_exactly_affordable_quantity_survives_the_fill_cap PASSED [ 35%]
tests/v5/test_opening_rounding.py::test_issue373_exact_cash_booking_and_neighbors[7487.479999999999] PASSED [ 35%]
tests/v5/test_opening_rounding.py::test_issue373_exact_cash_booking_and_neighbors[7487.47] PASSED [ 35%]
tests/v5/test_opening_rounding.py::test_issue373_exact_cash_booking_and_neighbors[7487.48] PASSED [ 36%]
tests/v5/test_opening_rounding.py::test_issue373_exact_cash_booking_and_neighbors[7487.4800000000005] PASSED [ 36%]
tests/v5/test_opening_rounding.py::test_issue373_exact_cash_booking_and_neighbors[7487.49] PASSED [ 36%]
tests/v5/test_opening_rounding.py::test_opening_cash_guard_refuses_a_broken_cost_implementation PASSED [ 37%]
tests/v5/test_opening_rounding.py::test_canonical_entry_guard_refuses_overspending_before_mutation PASSED [ 37%]
tests/v5/test_opening_rounding.py::test_cash_limited_opening_uses_canonical_affordability[0.1001-0.01] PASSED [ 37%]
tests/v5/test_opening_rounding.py::test_cash_limited_opening_uses_canonical_affordability[100.1-1.0] PASSED [ 38%]
tests/v5/test_opening_rounding.py::test_cash_limited_opening_uses_canonical_affordability[5164.159-51.59] PASSED [ 38%]
tests/v5/test_opening_rounding.py::test_cash_limited_opening_uses_canonical_affordability[241.241-2.41] PASSED [ 38%]
tests/v5/test_opening_rounding.py::test_cash_limited_opening_uses_canonical_affordability[232.45-166.92] PASSED [ 39%]
tests/v5/test_opening_rounding.py::test_sale_funding_and_repeated_entries_preserve_float_cash_order[1.0] PASSED [ 39%]
tests/v5/test_opening_rounding.py::test_sale_funding_and_repeated_entries_preserve_float_cash_order[0.5] PASSED [ 39%]
tests/v5/test_opening_rounding.py::test_sale_funding_and_repeated_entries_preserve_float_cash_order[0.03333333333333333] PASSED [ 40%]
tests/v5/test_opening_rounding.py::test_due_dividends_settle_in_canonical_order_before_sizing PASSED [ 40%]
tests/v5/test_publication_durability.py::test_postgres_forward_execution_identity PASSED [ 40%]
tests/v5/test_publication_durability.py::test_postgres_anchor_is_prior_visible_same_security_and_drives_transition PASSED [ 41%]
tests/v5/test_publication_regressions.py::test_daily_publication_split_preserves_book_features_and_witness_after_restart[2.0] PASSED [ 41%]
tests/v5/test_publication_regressions.py::test_daily_publication_split_preserves_book_features_and_witness_after_restart[0.5] PASSED [ 41%]
tests/v5/test_publication_regressions.py::test_daily_publication_split_preserves_book_features_and_witness_after_restart[5.0] PASSED [ 42%]
tests/v5/test_publication_regressions.py::test_repeated_publications_compose_source_bridges_and_preserve_real_stop PASSED [ 42%]
tests/v5/test_publication_regressions.py::test_publication_anchor_is_required_and_identity_bound[missing] PASSED [ 42%]
tests/v5/test_publication_regressions.py::test_publication_anchor_is_required_and_identity_bound[security] PASSED [ 43%]
tests/v5/test_publication_regressions.py::test_publication_anchor_is_required_and_identity_bound[session] PASSED [ 43%]
tests/v5/test_publication_regressions.py::test_publication_anchor_is_required_and_identity_bound[raw_revision] PASSED [ 43%]
tests/v5/test_publication_regressions.py::test_publication_anchor_is_required_and_identity_bound[zero] PASSED [ 44%]
tests/v5/test_publication_regressions.py::test_publication_anchor_is_required_and_identity_bound[nan] PASSED [ 44%]
tests/v5/test_publication_regressions.py::test_signal_anchor_survives_protected_history_eviction PASSED [ 44%]
tests/v5/test_publication_regressions.py::test_normal_metadata_allows_next_open_and_pending_sale_funding[False] PASSED [ 45%]
tests/v5/test_publication_regressions.py::test_normal_metadata_allows_next_open_and_pending_sale_funding[True] PASSED [ 45%]
tests/v5/test_publication_regressions.py::test_forward_execution_identity_requires_fresh_active_unique_authority[delisted] PASSED [ 45%]
tests/v5/test_publication_regressions.py::test_forward_execution_identity_requires_fresh_active_unique_authority[unknown] PASSED [ 46%]
tests/v5/test_publication_regressions.py::test_forward_execution_identity_requires_fresh_active_unique_authority[stale] PASSED [ 46%]
tests/v5/test_publication_regressions.py::test_forward_execution_identity_requires_fresh_active_unique_authority[future] PASSED [ 46%]
tests/v5/test_publication_regressions.py::test_forward_execution_identity_requires_fresh_active_unique_authority[stale_active] PASSED [ 47%]
tests/v5/test_publication_regressions.py::test_forward_execution_identity_requires_fresh_active_unique_authority[reuse] PASSED [ 47%]
tests/v5/test_publication_regressions.py::test_forward_execution_identity_requires_fresh_active_unique_authority[ambiguous] PASSED [ 47%]
tests/v5/test_publication_regressions.py::test_actual_alpaca_class_share_request_and_response_conversion[False] PASSED [ 48%]
tests/v5/test_publication_regressions.py::test_actual_alpaca_class_share_request_and_response_conversion[True] PASSED [ 48%]
tests/v5/test_publication_regressions.py::test_declared_rename_wins_over_predecessor_forward_extension PASSED [ 48%]
tests/v5/test_publication_regressions.py::test_restart_validates_signal_anchor_against_retained_history[signal] PASSED [ 49%]
tests/v5/test_publication_regressions.py::test_restart_validates_signal_anchor_against_retained_history[raw] PASSED [ 49%]
tests/v5/test_publication_regressions.py::test_restart_validates_signal_anchor_against_retained_history[session] PASSED [ 49%]
tests/v5/test_publication_regressions.py::test_restart_validates_signal_anchor_against_retained_history[missing] PASSED [ 50%]
tests/v5/test_publication_regressions.py::test_changing_publications_preserve_nonflat_mixed_precision_features PASSED [ 50%]
tests/v5/test_publication_regressions.py::test_nontrading_day_inspection_preserves_historical_identity PASSED [ 50%]
tests/v5/test_review_regressions.py::test_expired_opening_returns_no_buy_evidence_for_mixed_plan PASSED [ 51%]
tests/v5/test_review_regressions.py::test_fresh_opening_still_requests_price_evidence[60] PASSED [ 51%]
tests/v5/test_review_regressions.py::test_fresh_opening_still_requests_price_evidence[120] PASSED [ 51%]
tests/v5/test_review_regressions.py::test_expired_unsent_projection_retains_original_economics PASSED [ 52%]
tests/v5/test_review_regressions.py::test_forming_opening_minute_retries_then_sizes_the_same_intent[0] PASSED [ 52%]
tests/v5/test_review_regressions.py::test_forming_opening_minute_retries_then_sizes_the_same_intent[30] PASSED [ 52%]
tests/v5/test_review_regressions.py::test_forming_opening_minute_retries_then_sizes_the_same_intent[59] PASSED [ 53%]
tests/v5/test_review_regressions.py::test_filled_open_sized_entry_converges[False] PASSED [ 53%]
tests/v5/test_review_regressions.py::test_filled_open_sized_entry_converges[True] PASSED [ 53%]
tests/v5/test_review_regressions.py::test_finalization_preserves_split_authority_for_opening_entry PASSED [ 54%]
tests/v5/test_review_regressions.py::test_opening_asset_lookup_transient_failure_becomes_no_buy[429] PASSED [ 54%]
tests/v5/test_review_regressions.py::test_opening_asset_lookup_transient_failure_becomes_no_buy[503] PASSED [ 54%]
tests/v5/test_review_regressions.py::test_restart_before_projection_can_reconcile_a_proven_unsent_plan PASSED [ 55%]
tests/v5/test_review_regressions.py::test_unsized_empty_basket_cannot_certify_convergence[False] PASSED [ 55%]
tests/v5/test_review_regressions.py::test_unsized_empty_basket_cannot_certify_convergence[True] PASSED [ 55%]
tests/v5/test_review_regressions.py::test_lost_opening_projection_with_any_plan_command_refuses[UNKNOWN] PASSED [ 56%]
tests/v5/test_review_regressions.py::test_lost_opening_projection_with_any_plan_command_refuses[ACKNOWLEDGED] PASSED [ 56%]
tests/v5/test_review_regressions.py::test_lost_opening_projection_with_any_plan_command_refuses[FILLED] PASSED [ 56%]
tests/v5/test_review_regressions.py::test_lost_opening_projection_with_any_plan_command_refuses[CANCELLED] PASSED [ 57%]
tests/v5/test_review_regressions.py::test_lost_opening_projection_with_any_plan_command_refuses[REJECTED] PASSED [ 57%]
tests/v5/test_review_regressions.py::test_unsent_opening_recovery_returns_to_sizing_or_supersedes[False] PASSED [ 57%]
tests/v5/test_review_regressions.py::test_unsent_opening_recovery_returns_to_sizing_or_supersedes[True] PASSED [ 58%]
tests/v5/test_review_regressions.py::test_opening_asset_lookup_authentication_error_stays_terminal[401] PASSED [ 58%]
tests/v5/test_review_regressions.py::test_opening_asset_lookup_authentication_error_stays_terminal[403] PASSED [ 58%]
tests/v5/test_review_regressions.py::test_opening_asset_lookup_non_authority_4xx_suppresses_buy[404] PASSED [ 59%]
tests/v5/test_review_regressions.py::test_opening_asset_lookup_non_authority_4xx_suppresses_buy[422] PASSED [ 59%]
tests/v5/test_review_regressions.py::test_opening_asset_lookup_timeout_suppresses_buy_and_authority_refusal_propagates PASSED [ 59%]
tests/v5/test_review_regressions.py::test_abv_adjacent_split_rows_cannot_rescale_published_signal PASSED [ 60%]
tests/v5/test_review_regressions.py::test_previously_inferred_price_basis_cannot_survive_restart PASSED [ 60%]
tests/v5/test_shadow_publication_identity.py::test_warmup_rebases_pass_the_production_revision_gate[0.5-1.0] PASSED [ 60%]
tests/v5/test_shadow_publication_identity.py::test_warmup_rebases_pass_the_production_revision_gate[1.0-2.0] PASSED [ 61%]
tests/v5/test_shadow_publication_identity.py::test_warmup_rebases_pass_the_production_revision_gate[0.25-10.0] PASSED [ 61%]
tests/v5/test_shadow_publication_identity.py::test_warmup_basis_is_owned_per_permanent_security PASSED [ 61%]
tests/v5/test_shadow_publication_identity.py::test_rebased_warmup_still_refuses_real_revisions[signal] PASSED [ 62%]
tests/v5/test_shadow_publication_identity.py::test_rebased_warmup_still_refuses_real_revisions[first_signal] PASSED [ 62%]
tests/v5/test_shadow_publication_identity.py::test_rebased_warmup_still_refuses_real_revisions[spy] PASSED [ 62%]
tests/v5/test_shadow_publication_identity.py::test_rebased_warmup_still_refuses_real_revisions[first_spy] PASSED [ 63%]
tests/v5/test_shadow_publication_identity.py::test_rebased_warmup_still_refuses_real_revisions[raw_close] PASSED [ 63%]
tests/v5/test_shadow_publication_identity.py::test_rebased_warmup_still_refuses_real_revisions[volume] PASSED [ 63%]
tests/v5/test_shadow_publication_identity.py::test_rebased_warmup_still_refuses_real_revisions[split] PASSED [ 64%]
tests/v5/test_shadow_publication_identity.py::test_rebased_warmup_still_refuses_real_revisions[missing] PASSED [ 64%]
tests/v5/test_shadow_publication_identity.py::test_rebased_warmup_still_refuses_real_revisions[terminal] PASSED [ 64%]
tests/v5/test_shadow_publication_identity.py::test_rebased_warmup_still_refuses_real_revisions[metadata] PASSED [ 65%]
tests/v5/test_shadow_publication_identity.py::test_committed_session_rebase_preserves_ratios_and_anchor_identity PASSED [ 65%]
tests/v5/test_shadow_publication_identity.py::test_daily_identity_binds_the_canonical_predecessor[missing] PASSED [ 65%]
tests/v5/test_shadow_publication_identity.py::test_daily_identity_binds_the_canonical_predecessor[session] PASSED [ 66%]
tests/v5/test_shadow_publication_identity.py::test_daily_identity_binds_the_canonical_predecessor[security] PASSED [ 66%]
tests/v5/test_shadow_publication_identity.py::test_daily_identity_binds_the_canonical_predecessor[raw_close] PASSED [ 66%]
tests/v5/test_shadow_publication_identity.py::test_daily_identity_binds_the_canonical_predecessor[signal_close] PASSED [ 67%]
tests/v5/test_shadow_publication_identity.py::test_champion_shadow_restart_and_dual_intent_continue_after_republication PASSED [ 67%]
tests/v5/test_v5.py::test_agn1_uses_total_cash_and_amzn_is_rejected PASSED [ 67%]
tests/v5/test_v5.py::test_open_budget_uses_actual_price_cash_and_released_cushion PASSED [ 68%]
tests/v5/test_v5.py::test_close_admission_has_no_bound_quantity_and_open_reprices PASSED [ 68%]
tests/v5/test_v5.py::test_invalid_and_zero_entries_release_reservations[None-1000000.0-INVALID_OPEN_MARKET] PASSED [ 68%]
tests/v5/test_v5.py::test_invalid_and_zero_entries_release_reservations[50.0-0.0-INVALID_OPEN_MARKET] PASSED [ 69%]
tests/v5/test_v5.py::test_invalid_and_zero_entries_release_reservations[6000.0-1000000.0-UNAFFORDABLE_AT_OPEN] PASSED [ 69%]
tests/v5/test_v5.py::test_split_preserves_dollars_and_sizes_whole_shares_at_new_price PASSED [ 69%]
tests/v5/test_v5.py::test_old_quantity_intent_is_rejected_before_state_mutation PASSED [ 70%]
tests/v5/test_v5.py::test_rec8_strict_r40_boundary_and_latch_release PASSED [ 70%]
tests/v5/test_v5.py::test_controller_matches_selected_reference_with_restarts PASSED [ 70%]
tests/v5/test_v5.py::test_selected_default_profile_and_identity PASSED   [ 71%]
tests/v5/test_v5.py::test_empty_legacy_book_cannot_be_relabelled_v5 PASSED [ 71%]
tests/v5/test_v5.py::test_missing_profile_refuses_before_advancing_book PASSED [ 71%]
tests/v5/test_v5.py::test_dollar_intent_cannot_silently_disappear_from_executable_target PASSED [ 72%]
tests/v5/test_v5.py::test_v5_controller_cannot_be_silently_pinned_to_full_exposure PASSED [ 72%]
tests/v5/test_v5.py::test_pending_buys_use_slot_order_after_sale_proceeds PASSED [ 72%]
tests/v5/test_v5.py::test_invalid_costs_refuse[-1.0] PASSED              [ 73%]
tests/v5/test_v5.py::test_invalid_costs_refuse[nan] PASSED               [ 73%]
tests/v5/test_v5.py::test_invalid_costs_refuse[inf] PASSED               [ 73%]
tests/sentinel/test_economic_boundaries.py::test_f2_intended_budget_matches_independent_decimal_oracle[below] PASSED [ 74%]
tests/sentinel/test_economic_boundaries.py::test_f2_intended_budget_matches_independent_decimal_oracle[exact] PASSED [ 74%]
tests/sentinel/test_economic_boundaries.py::test_f2_intended_budget_matches_independent_decimal_oracle[above] PASSED [ 74%]
tests/sentinel/test_economic_boundaries.py::test_f2_real_paths_preserve_exactly_affordable_share[canonical-shadow] PASSED [ 75%]
tests/sentinel/test_economic_boundaries.py::test_f2_real_paths_preserve_exactly_affordable_share[production-projection] PASSED [ 75%]
tests/sentinel/test_economic_boundaries.py::test_f9_target_weights_use_economic_nav[exact-cent] PASSED [ 75%]
tests/sentinel/test_economic_boundaries.py::test_f9_target_weights_use_economic_nav[rounded-down] PASSED [ 76%]
tests/sentinel/test_economic_boundaries.py::test_f9_target_weights_use_economic_nav[rounded-up] PASSED [ 76%]
tests/sentinel/test_economic_boundaries.py::test_f10_inclusive_stop_reaches_next_open_economics[below-stop] PASSED [ 76%]
tests/sentinel/test_economic_boundaries.py::test_f10_inclusive_stop_reaches_next_open_economics[inclusive-stop] PASSED [ 77%]
tests/sentinel/test_economic_boundaries.py::test_f10_inclusive_stop_reaches_next_open_economics[above-stop] PASSED [ 77%]
tests/sentinel/test_nav_quantity_precision.py::test_production_share_scaling_does_not_floor_a_rounded_weight[2999-9-6] PASSED [ 77%]
tests/sentinel/test_nav_quantity_precision.py::test_production_share_scaling_does_not_floor_a_rounded_weight[2999-9-28] PASSED [ 78%]
tests/sentinel/test_nav_quantity_precision.py::test_production_share_scaling_does_not_floor_a_rounded_weight[3000-10-6] PASSED [ 78%]
tests/sentinel/test_nav_quantity_precision.py::test_production_share_scaling_does_not_floor_a_rounded_weight[3000-10-28] PASSED [ 78%]
tests/sentinel/test_nav_quantity_precision.py::test_production_share_scaling_does_not_floor_a_rounded_weight[3001-10-6] PASSED [ 79%]
tests/sentinel/test_nav_quantity_precision.py::test_production_share_scaling_does_not_floor_a_rounded_weight[3001-10-28] PASSED [ 79%]
tests/sentinel/test_nav_quantity_precision.py::test_production_share_scaling_does_not_floor_a_rounded_weight[6000-20-6] PASSED [ 79%]
tests/sentinel/test_nav_quantity_precision.py::test_production_share_scaling_does_not_floor_a_rounded_weight[6000-20-28] PASSED [ 80%]
tests/sentinel/test_nav_quantity_precision.py::test_opening_share_scaling_floors_once_after_exact_ratio[6] PASSED [ 80%]
tests/sentinel/test_nav_quantity_precision.py::test_opening_share_scaling_floors_once_after_exact_ratio[28] PASSED [ 80%]
tests/sentinel/test_nav_quantity_precision.py::test_projection_never_rounds_unaffordable_fraction_up_to_one_share[False] PASSED [ 81%]
tests/sentinel/test_nav_quantity_precision.py::test_projection_never_rounds_unaffordable_fraction_up_to_one_share[True] PASSED [ 81%]
tests/sentinel/test_nav_quantity_precision.py::test_projector_refuses_invalid_weight_denominator[0] PASSED [ 81%]
tests/sentinel/test_nav_quantity_precision.py::test_projector_refuses_invalid_weight_denominator[-1] PASSED [ 82%]
tests/sentinel/test_nav_quantity_precision.py::test_projector_refuses_invalid_weight_denominator[NaN] PASSED [ 82%]
tests/sentinel/test_nav_quantity_precision.py::test_projector_refuses_invalid_weight_denominator[Infinity] PASSED [ 82%]
tests/sentinel/test_nav_quantity_precision.py::test_partial_fill_remainder_is_not_rounded_into_an_overlapping_order PASSED [ 83%]
tests/sentinel/test_nav_quantity_precision.py::test_exact_delta_and_magnitude_preserve_a_fractional_position PASSED [ 83%]
tests/sentinel/test_nav_quantity_precision.py::test_committed_orders_do_not_erase_a_small_excess PASSED [ 83%]
tests/sentinel/test_nav_quantity_precision.py::test_full_precision_nav_preserves_twenty_affordable_target_shares PASSED [ 84%]
tests/sentinel/test_warmup_economic_contract.py::test_warmup_keeps_all_cash_and_creates_no_economic_history PASSED [ 84%]
tests/sentinel/test_warmup_economic_contract.py::test_first_and_second_closes_are_economically_identical_after_warmup_restart PASSED [ 84%]
tests/sentinel/test_warmup_economic_contract.py::test_source_row_order_cannot_change_warmup_features_or_first_two_closes PASSED [ 85%]
tests/sentinel/test_warmup_economic_contract.py::test_warmup_identity_refuses_invalid_benchmark_before_hashing[first] PASSED [ 85%]
tests/sentinel/test_warmup_economic_contract.py::test_warmup_identity_refuses_invalid_benchmark_before_hashing[middle] PASSED [ 85%]
tests/sentinel/test_warmup_economic_contract.py::test_warmup_identity_refuses_invalid_benchmark_before_hashing[last] PASSED [ 86%]
tests/sentinel/test_warmup_economic_contract.py::test_warmup_identity_refuses_invalid_benchmark_before_hashing[future] PASSED [ 86%]
tests/sentinel/test_warmup_economic_contract.py::test_warmup_identity_refuses_invalid_benchmark_before_hashing[none] PASSED [ 86%]
tests/sentinel/test_warmup_economic_contract.py::test_warmup_identity_refuses_invalid_benchmark_before_hashing[nan] PASSED [ 87%]
tests/sentinel/test_warmup_economic_contract.py::test_warmup_identity_refuses_invalid_benchmark_before_hashing[zero] PASSED [ 87%]
tests/sentinel/test_warmup_economic_contract.py::test_warmup_identity_refuses_invalid_benchmark_before_hashing[negative] PASSED [ 87%]
tests/sentinel/test_warmup_economic_contract.py::test_invalid_warmup_inputs_refuse_before_economic_activity[empty] PASSED [ 88%]
tests/sentinel/test_warmup_economic_contract.py::test_invalid_warmup_inputs_refuse_before_economic_activity[short] PASSED [ 88%]
tests/sentinel/test_warmup_economic_contract.py::test_invalid_warmup_inputs_refuse_before_economic_activity[duplicate] PASSED [ 88%]
tests/sentinel/test_warmup_economic_contract.py::test_invalid_warmup_inputs_refuse_before_economic_activity[reversed] PASSED [ 89%]
tests/sentinel/test_warmup_economic_contract.py::test_invalid_warmup_inputs_refuse_before_economic_activity[missing_spy] PASSED [ 89%]
tests/sentinel/test_warmup_economic_contract.py::test_invalid_warmup_inputs_refuse_before_economic_activity[nan_spy] PASSED [ 89%]
tests/sentinel/test_warmup_economic_contract.py::test_invalid_warmup_inputs_refuse_before_economic_activity[negative_spy] PASSED [ 90%]
tests/sentinel/test_warmup_economic_contract.py::test_invalid_warmup_inputs_refuse_before_economic_activity[nonfresh] PASSED [ 90%]
tests/sentinel/test_warmup_economic_contract.py::test_invalid_warmup_inputs_refuse_before_economic_activity[no_causal_metadata] PASSED [ 90%]
tests/sentinel/test_warmup_economic_contract.py::test_irrelevant_young_instruments_do_not_change_champion_book_economics PASSED [ 91%]
tests/sentinel/test_issue209_simplified_ldrc_runtime.py::test_default_paper_runtime_is_the_shared_compact_champion PASSED [ 91%]
tests/sentinel/test_issue209_simplified_ldrc_runtime.py::test_simplified_v3_entry_and_recovery_constants_are_frozen PASSED [ 91%]
tests/sentinel/test_issue209_simplified_ldrc_runtime.py::test_paper_gateway_has_no_legacy_runtime_identity_default PASSED [ 92%]
tests/sentinel/test_issue_160_deployed_fenced.py::test_deploy_success_boundary_stops_before_operational_gates PASSED [ 92%]
tests/sentinel/test_issue_160_deployed_fenced.py::test_quiesced_review_failure_precedes_mode_persistence_and_start PASSED [ 92%]
tests/sentinel/test_issue_160_deployed_fenced.py::test_no_args_fenced_install_forces_stale_shadow_configuration_off PASSED [ 93%]
tests/sentinel/test_issue_160_deployed_fenced.py::test_persisted_deployment_receipt_is_explicitly_fenced PASSED [ 93%]
tests/sentinel/test_issue_160_deployed_fenced.py::test_start_fenced_runtime_never_releases_kill PASSED [ 93%]
tests/sentinel/test_issue_160_deployed_fenced.py::test_reviewed_shadow_starts_only_dedicated_broker_free_service PASSED [ 94%]
tests/sentinel/test_issue_160_deployed_fenced.py::test_fenced_runtime_uses_canonical_ingest_without_broker PASSED [ 94%]
tests/sentinel/test_issue_160_deployed_fenced.py::test_fenced_vendor_lag_is_retained_not_raised PASSED [ 94%]
tests/sentinel/test_issue_160_deployed_fenced.py::test_fenced_source_recovery_escalates_once_at_following_open PASSED [ 95%]
tests/sentinel/test_issue_160_deployed_fenced.py::test_expected_shadow_source_final_wait_shares_fenced_amber_incident PASSED [ 95%]
tests/sentinel/test_issue_160_deployed_fenced.py::test_fenced_shadow_mode_advances_without_constructing_broker PASSED [ 95%]
tests/sentinel/test_issue_160_deployed_fenced.py::test_shadow_mode_configuration_is_explicit_and_finite PASSED [ 96%]
tests/sentinel/test_issue_160_deployed_fenced.py::test_shadow_enabled_runtime_cannot_construct_an_execution_broker PASSED [ 96%]
tests/sentinel/test_issue_160_deployed_fenced.py::test_disabled_or_killed_control_wake_owns_fenced_data_progress PASSED [ 96%]
tests/sentinel/test_operational_parity.py::test_current_champion_real_startup_and_restart_from_operational_window PASSED [ 97%]
tests/sentinel/test_operational_parity.py::test_legacy_observation_warmup_uses_the_same_selected_production_strategy PASSED [ 97%]
tests/sentinel/test_operational_parity.py::test_real_transition_faults_refuse_and_rollback[mutate_prior] PASSED [ 97%]
tests/sentinel/test_operational_parity.py::test_real_transition_faults_refuse_and_rollback[mutate_input] PASSED [ 98%]
tests/sentinel/test_operational_parity.py::test_real_transition_faults_refuse_and_rollback[restart_diverges] PASSED [ 98%]
tests/sentinel/test_operational_parity.py::test_real_transition_faults_refuse_and_rollback[wrong_version] PASSED [ 98%]
tests/sentinel/test_operational_parity.py::test_real_transition_faults_refuse_and_rollback[no_advance] PASSED [ 99%]
tests/sentinel/test_operational_parity.py::test_writable_snapshot_is_refused_before_loading_inputs PASSED [ 99%]
tests/sentinel/test_operational_parity.py::test_wrong_image_revision_is_refused_before_database_reads PASSED [100%]

============================= 299 passed in 40.08s =============================
