FROZEN_VALIDATION_SOURCE_SHA256=4feb5c387aa2d544b5afc39f23b59a1e96343b4cc088ba280d46d17d34e101c8
============================= test session starts ==============================
platform linux -- Python 3.12.13, pytest-8.4.2, pluggy-1.6.0 -- /usr/local/bin/python
rootdir: /tmp/repo
configfile: pytest.ini
plugins: asyncio-1.2.0, anyio-4.14.2
asyncio: mode=Mode.STRICT, debug=False, asyncio_default_fixture_loop_scope=None, asyncio_default_test_loop_scope=function
collecting ... collected 114 items

tests/scripts/test_sentinel_ci_parallel_evidence.py::test_main_container_partition_preserves_modules_and_propagates_failure[0] PASSED [  0%]
tests/scripts/test_sentinel_ci_parallel_evidence.py::test_main_container_partition_preserves_modules_and_propagates_failure[1] PASSED [  1%]
tests/scripts/test_sentinel_ci_parallel_evidence.py::test_main_container_partition_preserves_modules_and_propagates_failure[2] PASSED [  2%]
tests/scripts/test_sentinel_ci_parallel_evidence.py::test_warmup_lane_streams_progress_without_raising_its_deadline PASSED [  3%]
tests/scripts/test_sentinel_ci_parallel_evidence.py::test_loads_once_built_archives_and_reobserves_both_image_ids PASSED [  4%]
tests/scripts/test_sentinel_ci_parallel_evidence.py::test_bundle_refuses_stale_source_or_attempt_before_loading[commit] PASSED [  5%]
tests/scripts/test_sentinel_ci_parallel_evidence.py::test_bundle_refuses_stale_source_or_attempt_before_loading[tree] PASSED [  6%]
tests/scripts/test_sentinel_ci_parallel_evidence.py::test_bundle_refuses_stale_source_or_attempt_before_loading[workflow_run] PASSED [  7%]
tests/scripts/test_sentinel_ci_parallel_evidence.py::test_bundle_refuses_stale_source_or_attempt_before_loading[workflow_attempt] PASSED [  7%]
tests/scripts/test_sentinel_ci_parallel_evidence.py::test_refuses_different_loaded_image_id[sentinel:ci] PASSED [  8%]
tests/scripts/test_sentinel_ci_parallel_evidence.py::test_refuses_different_loaded_image_id[sentinel-test:ci] PASSED [  9%]
tests/scripts/test_sentinel_ci_parallel_evidence.py::test_refuses_wrong_image_source_label PASSED [ 10%]
tests/scripts/test_sentinel_ci_parallel_evidence.py::test_bundle_checks_exact_archive_inventory_and_bytes[changed] PASSED [ 11%]
tests/scripts/test_sentinel_ci_parallel_evidence.py::test_bundle_checks_exact_archive_inventory_and_bytes[missing] PASSED [ 12%]
tests/scripts/test_sentinel_ci_parallel_evidence.py::test_bundle_checks_exact_archive_inventory_and_bytes[extra] PASSED [ 13%]
tests/scripts/test_sentinel_ci_parallel_evidence.py::test_every_unsuccessful_dependency_refuses_certification[failure-parallel-certification] PASSED [ 14%]
tests/scripts/test_sentinel_ci_parallel_evidence.py::test_every_unsuccessful_dependency_refuses_certification[failure-runtime-build] PASSED [ 14%]
tests/scripts/test_sentinel_ci_parallel_evidence.py::test_every_unsuccessful_dependency_refuses_certification[failure-sharadar-replay] PASSED [ 15%]
tests/scripts/test_sentinel_ci_parallel_evidence.py::test_every_unsuccessful_dependency_refuses_certification[cancelled-parallel-certification] PASSED [ 16%]
tests/scripts/test_sentinel_ci_parallel_evidence.py::test_every_unsuccessful_dependency_refuses_certification[cancelled-runtime-build] PASSED [ 17%]
tests/scripts/test_sentinel_ci_parallel_evidence.py::test_every_unsuccessful_dependency_refuses_certification[cancelled-sharadar-replay] PASSED [ 18%]
tests/scripts/test_sentinel_ci_parallel_evidence.py::test_every_unsuccessful_dependency_refuses_certification[skipped-parallel-certification] PASSED [ 19%]
tests/scripts/test_sentinel_ci_parallel_evidence.py::test_every_unsuccessful_dependency_refuses_certification[skipped-runtime-build] PASSED [ 20%]
tests/scripts/test_sentinel_ci_parallel_evidence.py::test_every_unsuccessful_dependency_refuses_certification[skipped-sharadar-replay] PASSED [ 21%]
tests/scripts/test_sentinel_ci_parallel_evidence.py::test_every_unsuccessful_dependency_refuses_certification[None-parallel-certification] PASSED [ 21%]
tests/scripts/test_sentinel_ci_parallel_evidence.py::test_every_unsuccessful_dependency_refuses_certification[None-runtime-build] PASSED [ 22%]
tests/scripts/test_sentinel_ci_parallel_evidence.py::test_every_unsuccessful_dependency_refuses_certification[None-sharadar-replay] PASSED [ 23%]
tests/scripts/test_sentinel_ci_parallel_evidence.py::test_exact_dependency_inventory_is_mandatory[missing] PASSED [ 24%]
tests/scripts/test_sentinel_ci_parallel_evidence.py::test_exact_dependency_inventory_is_mandatory[extra] PASSED [ 25%]
tests/scripts/test_sentinel_ci_parallel_evidence.py::test_each_lane_and_shard_is_required_even_when_github_needs_succeeded[sentinel-main] PASSED [ 26%]
tests/scripts/test_sentinel_ci_parallel_evidence.py::test_each_lane_and_shard_is_required_even_when_github_needs_succeeded[sentinel-warmup] PASSED [ 27%]
tests/scripts/test_sentinel_ci_parallel_evidence.py::test_each_lane_and_shard_is_required_even_when_github_needs_succeeded[sentinel-automation] PASSED [ 28%]
tests/scripts/test_sentinel_ci_parallel_evidence.py::test_each_lane_and_shard_is_required_even_when_github_needs_succeeded[champion] PASSED [ 28%]
tests/scripts/test_sentinel_ci_parallel_evidence.py::test_each_lane_and_shard_is_required_even_when_github_needs_succeeded[operator] PASSED [ 29%]
tests/scripts/test_sentinel_ci_parallel_evidence.py::test_each_lane_and_shard_is_required_even_when_github_needs_succeeded[wealth-core] PASSED [ 30%]
tests/scripts/test_sentinel_ci_parallel_evidence.py::test_each_lane_and_shard_is_required_even_when_github_needs_succeeded[mutations] PASSED [ 31%]
tests/scripts/test_sentinel_ci_parallel_evidence.py::test_each_lane_and_shard_is_required_even_when_github_needs_succeeded[replay-0] PASSED [ 32%]
tests/scripts/test_sentinel_ci_parallel_evidence.py::test_each_lane_and_shard_is_required_even_when_github_needs_succeeded[replay-1] PASSED [ 33%]
tests/scripts/test_sentinel_ci_parallel_evidence.py::test_each_lane_and_shard_is_required_even_when_github_needs_succeeded[replay-2] PASSED [ 34%]
tests/scripts/test_sentinel_ci_parallel_evidence.py::test_each_lane_and_shard_is_required_even_when_github_needs_succeeded[replay-3] PASSED [ 35%]
tests/scripts/test_sentinel_ci_parallel_evidence.py::test_receipts_refuse_mixed_or_incomplete_evidence[duplicate] PASSED [ 35%]
tests/scripts/test_sentinel_ci_parallel_evidence.py::test_receipts_refuse_mixed_or_incomplete_evidence[undeclared] PASSED [ 36%]
tests/scripts/test_sentinel_ci_parallel_evidence.py::test_receipts_refuse_mixed_or_incomplete_evidence[stale-attempt] PASSED [ 37%]
tests/scripts/test_sentinel_ci_parallel_evidence.py::test_receipts_refuse_mixed_or_incomplete_evidence[attempt-bool] PASSED [ 38%]
tests/scripts/test_sentinel_ci_parallel_evidence.py::test_receipts_refuse_mixed_or_incomplete_evidence[wrong-image] PASSED [ 39%]
tests/scripts/test_sentinel_ci_parallel_evidence.py::test_receipts_refuse_mixed_or_incomplete_evidence[wrong-bundle] PASSED [ 40%]
tests/scripts/test_sentinel_ci_parallel_evidence.py::test_receipts_refuse_mixed_or_incomplete_evidence[missing-file] PASSED [ 41%]
tests/scripts/test_sentinel_ci_parallel_evidence.py::test_receipts_refuse_mixed_or_incomplete_evidence[changed-file] PASSED [ 42%]
tests/scripts/test_sentinel_ci_parallel_evidence.py::test_receipts_refuse_mixed_or_incomplete_evidence[extra-file] PASSED [ 42%]
tests/scripts/test_sentinel_ci_parallel_evidence.py::test_assembly_merges_all_sentinel_partitions_and_preserves_replay_and_mutants PASSED [ 43%]
tests/scripts/test_sentinel_ci_parallel_evidence.py::test_valid_receipt_cannot_hide_duplicate_or_nonpassing_sentinel_junit[duplicate] PASSED [ 44%]
tests/scripts/test_sentinel_ci_parallel_evidence.py::test_valid_receipt_cannot_hide_duplicate_or_nonpassing_sentinel_junit[failure] PASSED [ 45%]
tests/scripts/test_sentinel_ci_parallel_evidence.py::test_valid_receipt_cannot_hide_duplicate_or_nonpassing_sentinel_junit[error] PASSED [ 46%]
tests/scripts/test_sentinel_ci_parallel_evidence.py::test_valid_receipt_cannot_hide_duplicate_or_nonpassing_sentinel_junit[skipped] PASSED [ 47%]
tests/production_composition/test_canonical_go_e2e_harness.py::test_full_go_is_manual_but_fast_checks_remain_automatic PASSED [ 48%]
tests/production_composition/test_canonical_go_e2e_harness.py::test_script_process_can_load_production_session_calendar PASSED [ 49%]
tests/production_composition/test_canonical_go_e2e_harness.py::test_canonical_entrypoint_is_real_production_go PASSED [ 50%]
tests/production_composition/test_canonical_go_e2e_harness.py::test_fixture_pages_satisfy_consumed_sharadar_protocol PASSED [ 50%]
tests/production_composition/test_canonical_go_e2e_harness.py::test_fixture_vendor_clock_is_bound_to_latest_closed_session PASSED [ 51%]
tests/production_composition/test_canonical_go_e2e_harness.py::test_fixture_supplies_an_issuer_key_for_every_security PASSED [ 52%]
tests/production_composition/test_canonical_go_e2e_harness.py::test_fixture_supplies_seed_reference_tickers PASSED [ 53%]
tests/production_composition/test_canonical_go_e2e_harness.py::test_fixture_is_large_enough_for_readiness_history PASSED [ 54%]
tests/production_composition/test_canonical_go_e2e_harness.py::test_fixture_supports_the_current_cash_adjudication_migration PASSED [ 55%]
tests/production_composition/test_canonical_go_e2e_harness.py::test_fixture_represents_the_complete_tri_cash_and_consolidation PASSED [ 56%]
tests/production_composition/test_canonical_go_e2e_harness.py::test_fixture_action_filter_preserves_the_complete_unfiltered_table[dividend-expected0] PASSED [ 57%]
tests/production_composition/test_canonical_go_e2e_harness.py::test_fixture_action_filter_preserves_the_complete_unfiltered_table[split-expected1] PASSED [ 57%]
tests/production_composition/test_canonical_go_e2e_harness.py::test_fixture_action_filter_preserves_the_complete_unfiltered_table[dividend,split-expected2] PASSED [ 58%]
tests/production_composition/test_canonical_go_e2e_harness.py::test_fixture_action_filter_preserves_the_complete_unfiltered_table[tickerchangeto,tickerchangefrom-expected3] PASSED [ 59%]
tests/production_composition/test_canonical_go_e2e_harness.py::test_bootstrapped_fixture_leaves_a_bounded_real_backup_authority[selected] PASSED [ 60%]
tests/production_composition/test_canonical_go_e2e_harness.py::test_bootstrapped_fixture_leaves_a_bounded_real_backup_authority[stale] PASSED [ 61%]
tests/production_composition/test_canonical_go_e2e_harness.py::test_publication_observer_authenticates_with_the_fixture_receipt_key PASSED [ 62%]
tests/production_composition/test_canonical_go_e2e_harness.py::test_publication_observer_reads_the_selected_generation[legacy-seed] PASSED [ 63%]
tests/production_composition/test_canonical_go_e2e_harness.py::test_publication_observer_reads_the_selected_generation[rolling-startup] PASSED [ 64%]
tests/production_composition/test_canonical_go_e2e_harness.py::test_compose_propagates_sharadar_transport_with_safe_defaults PASSED [ 64%]
tests/production_composition/test_canonical_go_e2e_harness.py::test_phase_parser_is_stage_sensitive PASSED [ 65%]
tests/production_composition/test_canonical_go_e2e_harness.py::test_fixture_refuses_dropped_container_transport_setting[NDL_BASE_URL] PASSED [ 66%]
tests/production_composition/test_canonical_go_e2e_harness.py::test_fixture_refuses_dropped_container_transport_setting[SHARADAR_ALLOW_INSECURE_BASE_URL] PASSED [ 67%]
tests/production_composition/test_canonical_go_e2e_harness.py::test_fixture_refuses_dropped_container_transport_setting[SHARADAR_FETCH_RETRIES] PASSED [ 68%]
tests/production_composition/test_canonical_go_e2e_harness.py::test_fixture_refuses_dropped_container_transport_setting[SHARADAR_FETCH_BACKOFF] PASSED [ 69%]
tests/production_composition/test_canonical_go_e2e_harness.py::test_real_source_membrane_consumes_local_pages_and_complete_exports PASSED [ 70%]
tests/production_composition/test_internal_go_stage_faults.py::test_campaigns_cover_each_internal_stage_once PASSED [ 71%]
tests/production_composition/test_internal_go_stage_faults.py::test_injected_fault_remains_visible_through_production_redaction[schema-feed-permission] PASSED [ 71%]
tests/production_composition/test_internal_go_stage_faults.py::test_injected_fault_remains_visible_through_production_redaction[schema-migration] PASSED [ 72%]
tests/production_composition/test_internal_go_stage_faults.py::test_injected_fault_remains_visible_through_production_redaction[feed-catchup] PASSED [ 73%]
tests/production_composition/test_internal_go_stage_faults.py::test_injected_fault_remains_visible_through_production_redaction[publication-check] PASSED [ 74%]
tests/production_composition/test_internal_go_stage_faults.py::test_injected_fault_remains_visible_through_production_redaction[operational-parity] PASSED [ 75%]
tests/production_composition/test_internal_go_stage_faults.py::test_injected_fault_remains_visible_through_production_redaction[sharadar-readiness] PASSED [ 76%]
tests/production_composition/test_internal_go_stage_faults.py::test_injected_fault_remains_visible_through_production_redaction[database-health] PASSED [ 77%]
tests/production_composition/test_internal_go_stage_faults.py::test_injected_fault_remains_visible_through_production_redaction[validation-evidence] PASSED [ 78%]
tests/production_composition/test_internal_go_stage_faults.py::test_injected_fault_remains_visible_through_production_redaction[requested-target-proof] PASSED [ 78%]
tests/production_composition/test_internal_go_stage_faults.py::test_injected_fault_remains_visible_through_production_redaction[panel-recreation] PASSED [ 79%]
tests/production_composition/test_internal_go_stage_faults.py::test_injected_fault_remains_visible_through_production_redaction[handoff-write] PASSED [ 80%]
tests/production_composition/test_internal_go_stage_faults.py::test_selected_fault_keeps_unrelated_docker_commands_exact[schema-feed-permission] PASSED [ 81%]
tests/production_composition/test_internal_go_stage_faults.py::test_selected_fault_keeps_unrelated_docker_commands_exact[schema-migration] PASSED [ 82%]
tests/production_composition/test_internal_go_stage_faults.py::test_selected_fault_keeps_unrelated_docker_commands_exact[feed-catchup] PASSED [ 83%]
tests/production_composition/test_internal_go_stage_faults.py::test_selected_fault_keeps_unrelated_docker_commands_exact[publication-check] PASSED [ 84%]
tests/production_composition/test_internal_go_stage_faults.py::test_selected_fault_keeps_unrelated_docker_commands_exact[operational-parity] PASSED [ 85%]
tests/production_composition/test_internal_go_stage_faults.py::test_selected_fault_keeps_unrelated_docker_commands_exact[sharadar-readiness] PASSED [ 85%]
tests/production_composition/test_internal_go_stage_faults.py::test_selected_fault_keeps_unrelated_docker_commands_exact[database-health] PASSED [ 86%]
tests/production_composition/test_internal_go_stage_faults.py::test_selected_fault_keeps_unrelated_docker_commands_exact[validation-evidence] PASSED [ 87%]
tests/production_composition/test_internal_go_stage_faults.py::test_selected_fault_keeps_unrelated_docker_commands_exact[requested-target-proof] PASSED [ 88%]
tests/production_composition/test_internal_go_stage_faults.py::test_selected_fault_keeps_unrelated_docker_commands_exact[panel-recreation] PASSED [ 89%]
tests/production_composition/test_internal_go_stage_faults.py::test_selected_fault_keeps_unrelated_docker_commands_exact[handoff-write] PASSED [ 90%]
tests/production_composition/test_internal_go_stage_faults.py::test_schema_fault_raises_at_the_actual_selected_call PASSED [ 91%]
tests/production_composition/test_internal_go_stage_faults.py::test_rolling_fault_reaches_the_production_call_site[feed-catchup-prepare] PASSED [ 92%]
tests/production_composition/test_internal_go_stage_faults.py::test_rolling_fault_reaches_the_production_call_site[sharadar-readiness-readiness] PASSED [ 92%]
tests/production_composition/test_internal_go_stage_faults.py::test_positive_campaign_cannot_claim_sensitivity PASSED [ 93%]
tests/production_composition/test_internal_go_stage_faults.py::test_publication_fault_preserves_catchup_then_refuses_final_check PASSED [ 94%]
tests/production_composition/test_internal_go_stage_faults.py::test_host_evidence_fault_occurs_when_writer_is_called PASSED [ 95%]
tests/production_composition/test_internal_go_stage_faults.py::test_operational_fault_retains_canonical_parity_cli_arguments PASSED [ 96%]
tests/production_composition/test_internal_go_stage_faults.py::test_success_requires_actual_publication_advance_bound_to_go[None] PASSED [ 97%]
tests/production_composition/test_internal_go_stage_faults.py::test_success_requires_actual_publication_advance_bound_to_go[same-version] PASSED [ 98%]
tests/production_composition/test_internal_go_stage_faults.py::test_success_requires_actual_publication_advance_bound_to_go[same-frontier] PASSED [ 99%]
tests/production_composition/test_internal_go_stage_faults.py::test_success_requires_actual_publication_advance_bound_to_go[wrong-subject] PASSED [100%]

============================= 114 passed in 5.96s ==============================
