FROZEN_VALIDATION_SOURCE_SHA256=462640a685fef8429d2f9b293539bebe28bb66d925478ef4b851f107df17cca1
============================= test session starts ==============================
platform linux -- Python 3.12.13, pytest-8.4.2, pluggy-1.6.0 -- /usr/local/bin/python
rootdir: /tmp/repo
configfile: pytest.ini
plugins: asyncio-1.2.0, anyio-4.14.2
asyncio: mode=Mode.STRICT, debug=False, asyncio_default_fixture_loop_scope=None, asyncio_default_test_loop_scope=function
collecting ... collected 69 items

tests/internal_state/test_contract.py::test_full_suite_gate_cannot_pass_incomplete_results[empty] PASSED [  1%]
tests/internal_state/test_contract.py::test_full_suite_gate_cannot_pass_incomplete_results[skip] PASSED [  2%]
tests/internal_state/test_contract.py::test_full_suite_gate_cannot_pass_incomplete_results[xfail] PASSED [  4%]
tests/internal_state/test_contract.py::test_full_suite_gate_cannot_pass_incomplete_results[xpass] PASSED [  5%]
tests/internal_state/test_contract.py::test_full_suite_gate_cannot_pass_incomplete_results[deselect] PASSED [  7%]
tests/internal_state/test_contract.py::test_full_suite_gate_cannot_pass_incomplete_results[failure] PASSED [  8%]
tests/internal_state/test_contract.py::test_full_suite_gate_cannot_pass_incomplete_results[missing] PASSED [ 10%]
tests/internal_state/test_contract.py::test_full_suite_gate_cannot_pass_incomplete_results[exit] PASSED [ 11%]
tests/internal_state/test_contract.py::test_trace_has_exact_replay_identity_and_rejects_changed_events PASSED [ 13%]
tests/internal_state/test_contract.py::test_reducer_replays_same_failure_and_rejects_invalid_causal_candidates PASSED [ 14%]
tests/internal_state/test_contract.py::test_generation_is_deterministic_bounded_and_varied PASSED [ 15%]
tests/internal_state/test_contract.py::test_independent_accounting_kills_false_facts[cash-broker_cash_conservation] PASSED [ 17%]
tests/internal_state/test_contract.py::test_independent_accounting_kills_false_facts[shares-broker_share_conservation] PASSED [ 18%]
tests/internal_state/test_contract.py::test_independent_accounting_kills_false_facts[duplicate-one_broker_order_per_key] PASSED [ 20%]
tests/internal_state/test_contract.py::test_independent_accounting_kills_false_facts[overfill-broker_fill_bounds] PASSED [ 21%]
tests/internal_state/test_contract.py::test_independent_state_contract_kills_corruption[cursor-state_cursor_atomicity] PASSED [ 23%]
tests/internal_state/test_contract.py::test_independent_state_contract_kills_corruption[witness-witness_cursor] PASSED [ 24%]
tests/internal_state/test_contract.py::test_independent_state_contract_kills_corruption[owned_cursor-owned_cursor] PASSED [ 26%]
tests/internal_state/test_contract.py::test_independent_state_contract_kills_corruption[owned_cap-owned_ceiling] PASSED [ 27%]
tests/internal_state/test_contract.py::test_independent_state_contract_kills_corruption[recovery-recovery_allocation] PASSED [ 28%]
tests/internal_state/test_contract.py::test_independent_state_contract_kills_corruption[exposure-exposure_bounds] PASSED [ 30%]
tests/internal_state/test_contract.py::test_independent_state_contract_kills_corruption[slot-one_slot_per_episode] PASSED [ 31%]
tests/internal_state/test_contract.py::test_independent_state_contract_kills_corruption[future-no_future_observation] PASSED [ 33%]
tests/internal_state/test_contract.py::test_independent_state_contract_kills_corruption[nan-finite_state] PASSED [ 34%]
tests/internal_state/test_contract.py::test_independent_state_contract_kills_corruption[identity-strategy_identity] PASSED [ 36%]
tests/internal_state/test_contract.py::test_journal_oracle_rejects_illegal_transition_and_changed_economics PASSED [ 37%]
tests/internal_state/test_contract.py::test_recovered_attribution_keeps_pre_restore_economics_exact[intact] PASSED [ 39%]
tests/internal_state/test_contract.py::test_recovered_attribution_keeps_pre_restore_economics_exact[quantity] PASSED [ 40%]
tests/internal_state/test_contract.py::test_recovered_attribution_keeps_pre_restore_economics_exact[side] PASSED [ 42%]
tests/internal_state/test_contract.py::test_recovered_attribution_keeps_pre_restore_economics_exact[instrument] PASSED [ 43%]
tests/internal_state/test_contract.py::test_recovered_attribution_keeps_pre_restore_economics_exact[deployment] PASSED [ 44%]
tests/internal_state/test_contract.py::test_recovered_attribution_keeps_pre_restore_economics_exact[revision] PASSED [ 46%]
tests/internal_state/test_contract.py::test_recovered_attribution_keeps_pre_restore_economics_exact[key] PASSED [ 47%]
tests/internal_state/test_contract.py::test_recovered_attribution_keeps_pre_restore_economics_exact[broker] PASSED [ 49%]
tests/internal_state/test_contract.py::test_recovered_attribution_keeps_pre_restore_economics_exact[no_restore] PASSED [ 50%]
tests/sentinel/test_feed_domains.py::TestTheForbiddenColumn::test_closeadj_is_read_in_NO_module_outside_the_allowlist PASSED [ 52%]
tests/sentinel/test_feed_domains.py::TestTheForbiddenColumn::test_the_allowlist_is_EXACTLY_the_regime_transport_paths PASSED [ 53%]
tests/sentinel/test_feed_domains.py::TestTheForbiddenColumn::test_the_SPY_sensor_is_the_only_strategy_reader PASSED [ 55%]
tests/sentinel/test_feed_domains.py::TestTheForbiddenColumn::test_rolling_reader_has_only_the_named_spy_transport_occurrence[sentinel/core/rolling_reader.py] PASSED [ 56%]
tests/sentinel/test_feed_domains.py::TestTheForbiddenColumn::test_rolling_reader_has_only_the_named_spy_transport_occurrence[sentinel/rolling_initialization.py] PASSED [ 57%]
tests/sentinel/test_feed_domains.py::TestTheForbiddenColumn::test_rolling_reader_has_only_the_named_spy_transport_occurrence[sentinel/core/formation_inputs.py] PASSED [ 59%]
tests/sentinel/test_feed_domains.py::TestTheForbiddenColumn::test_the_exemption_is_by_FILE_not_by_PACKAGE PASSED [ 60%]
tests/sentinel/test_feed_domains.py::TestTheForbiddenColumn::test_the_guard_CATCHES_a_dict_key_read PASSED [ 62%]
tests/sentinel/test_feed_domains.py::TestTheForbiddenColumn::test_the_guard_still_catches_the_ATTRIBUTE_form PASSED [ 63%]
tests/sentinel/test_feed_domains.py::TestTheForbiddenColumn::test_a_DOCSTRING_naming_the_column_is_still_exempt PASSED [ 65%]
tests/sentinel/test_feed_domains.py::TestTheForbiddenColumn::test_a_COMMENT_naming_the_column_is_still_exempt PASSED [ 66%]
tests/sentinel/test_feed_domains.py::TestTheForbiddenColumn::test_a_FUNCTION_docstring_is_exempt_but_its_body_is_not PASSED [ 68%]
tests/sentinel/test_feed_domains.py::TestSplitRatio::test_a_2_for_1_gives_ratio_2_not_one_half PASSED [ 69%]
tests/sentinel/test_feed_domains.py::TestSplitRatio::test_a_reverse_split_gives_the_reciprocal PASSED [ 71%]
tests/sentinel/test_feed_domains.py::TestSplitRatio::test_vendor_rounding_is_NOT_a_split PASSED [ 72%]
tests/sentinel/test_feed_domains.py::TestSplitRatio::test_a_near_integral_ratio_is_SNAPPED PASSED [ 73%]
tests/sentinel/test_feed_domains.py::TestSplitRatio::test_missing_or_nonpositive_inputs_mean_no_split PASSED [ 75%]
tests/sentinel/test_feed_domains.py::TestNormalisation::test_the_open_is_SCALED_into_the_as_traded_domain PASSED [ 76%]
tests/sentinel/test_feed_domains.py::TestNormalisation::test_a_bar_with_no_as_traded_close_is_DROPPED_not_substituted PASSED [ 78%]
tests/sentinel/test_feed_domains.py::TestNormalisation::test_an_unresolvable_identity_is_DROPPED_not_keyed_on_the_ticker PASSED [ 79%]
tests/sentinel/test_feed_domains.py::TestNormalisation::test_the_split_ratio_follows_the_SECURITY_not_the_symbol PASSED [ 81%]
tests/sentinel/test_feed_domains.py::TestNormalisation::test_dividends_are_attached_per_ticker_session PASSED [ 82%]
tests/sentinel/test_feed_domains.py::TestNormalisation::test_both_column_spellings_are_accepted PASSED [ 84%]
tests/sentinel/test_feed_domains.py::TestTheCoverageRefusal::test_a_mostly_empty_raw_domain_REFUSES PASSED [ 85%]
tests/sentinel/test_feed_domains.py::TestTheCoverageRefusal::test_ordinary_gaps_do_NOT_refuse PASSED [ 86%]
tests/sentinel/test_feed_domains.py::TestTheCoverageRefusal::test_an_empty_feed_does_not_divide_by_zero PASSED [ 88%]
tests/sentinel/test_v5_opening_execution_freshness.py::test_public_late_opening_suppresses_buy_and_preserves_pending_sale[False] PASSED [ 89%]
tests/sentinel/test_v5_opening_execution_freshness.py::test_public_late_opening_suppresses_buy_and_preserves_pending_sale[True] PASSED [ 91%]
tests/sentinel/test_v5_opening_execution_freshness.py::test_late_restart_with_durable_opening_projection_remains_permitted PASSED [ 92%]
tests/sentinel/test_v5_opening_execution_freshness.py::test_fresh_v5_opening_without_certificate_retains_sizing_on_retry PASSED [ 94%]
tests/median5/test_warmup.py::test_prospective_warmup_keeps_book_cold_and_binds_peer_inputs PASSED [ 95%]
tests/sentinel/test_rolling_initialization.py::test_composed_input_keeps_spy_equity_and_bil_domains_separate[cold] PASSED [ 97%]
tests/sentinel/test_rolling_initialization.py::test_composed_input_keeps_spy_equity_and_bil_domains_separate[formed] PASSED [ 98%]
tests/sentinel/test_status_memory.py::test_formed_checkpoint_reuses_verified_observer_and_retains_economics PASSED [100%]

============================= 69 passed in 40.00s ==============================
