FROZEN_VALIDATION_SOURCE_SHA256=8783f1dde9c1b07ce07da111949f676a0485beb655340917951516deedfe59ad
formed_oracle_price_unchecked KILLED
MUTATION_RESULTS=[
  {
    "name": "formed_oracle_price_unchecked",
    "killed": true,
    "returncode": 1,
    "command": [
      "/usr/local/bin/python",
      "-B",
      "-m",
      "pytest",
      "tests/sentinel/test_rolling_restore_integrity.py::test_published_price_oracle_refuses_a_dollar_of_invented_cash",
      "-q",
      "--tb=short",
      "-p",
      "no:cacheprovider"
    ]
  }
]
MUTATION_LOG=formed_oracle_price_unchecked.baseline.log
.                                                                        [100%]
1 passed in 40.38s

MUTATION_LOG=formed_oracle_price_unchecked.log
F                                                                        [100%]
=================================== FAILURES ===================================
________ test_published_price_oracle_refuses_a_dollar_of_invented_cash _________
tests/sentinel/test_rolling_restore_integrity.py:212: in test_published_price_oracle_refuses_a_dollar_of_invented_cash
    with pytest.raises(AssertionError, match=reason):
         ^^^^^^^^^^^^^^^^^^^^^^^^^^^^^^^^^^^^^^^^^^^
E   Failed: DID NOT RAISE <class 'AssertionError'>
---------------------------- Captured stderr setup -----------------------------
SENTINEL_FEED_PROGRESS={"elapsed_ms": 0, "job_id": "36130153-0887-4e96-ac27-ddc502e301d3", "rows": 0, "stage": "rolling_identity", "status": "started", "subphase": "alias_discovery"}
SENTINEL_FEED_PROGRESS={"elapsed_ms": 0, "job_id": "36130153-0887-4e96-ac27-ddc502e301d3", "rows": 5000, "stage": "rolling_identity", "status": "working", "subphase": "alias_discovery"}
SENTINEL_FEED_PROGRESS={"elapsed_ms": 207, "job_id": "36130153-0887-4e96-ac27-ddc502e301d3", "rows": 9475, "stage": "rolling_identity", "status": "completed", "subphase": "alias_discovery"}
SENTINEL_FEED_PROGRESS={"elapsed_ms": 0, "job_id": "36130153-0887-4e96-ac27-ddc502e301d3", "rows": 0, "stage": "rolling_identity", "status": "started", "subphase": "independent_coverage"}
SENTINEL_FEED_PROGRESS={"elapsed_ms": 0, "job_id": "36130153-0887-4e96-ac27-ddc502e301d3", "rows": 5000, "stage": "rolling_identity", "status": "working", "subphase": "independent_coverage"}
SENTINEL_FEED_PROGRESS={"elapsed_ms": 211, "job_id": "36130153-0887-4e96-ac27-ddc502e301d3", "rows": 9475, "stage": "rolling_identity", "status": "completed", "subphase": "independent_coverage"}
SENTINEL_FEED_PROGRESS={"elapsed_ms": 0, "job_id": "36130153-0887-4e96-ac27-ddc502e301d3", "rows": 0, "stage": "rolling_normalization", "status": "started"}
SENTINEL_FEED_PROGRESS={"elapsed_ms": 0, "job_id": "36130153-0887-4e96-ac27-ddc502e301d3", "rows": 5000, "stage": "rolling_normalization", "status": "working"}
SENTINEL_FEED_PROGRESS={"elapsed_ms": 0, "job_id": "36130153-0887-4e96-ac27-ddc502e301d3", "rows": 9475, "stage": "rolling_normalization", "status": "working"}
SENTINEL_FEED_PROGRESS={"elapsed_ms": 520, "job_id": "36130153-0887-4e96-ac27-ddc502e301d3", "rows": 9475, "stage": "rolling_normalization", "status": "completed"}
SENTINEL_FEED_PROGRESS={"elapsed_ms": 0, "job_id": "36130153-0887-4e96-ac27-ddc502e301d3", "rows": 0, "stage": "rolling_seal", "status": "started"}
SENTINEL_FEED_PROGRESS={"elapsed_ms": 128, "job_id": "36130153-0887-4e96-ac27-ddc502e301d3", "rows": 9475, "stage": "rolling_seal", "status": "completed"}
SENTINEL_FEED_PROGRESS={"elapsed_ms": 0, "job_id": "36130153-0887-4e96-ac27-ddc502e301d3", "rows": 0, "stage": "rolling_operational_validation", "status": "started"}
SENTINEL_FEED_PROGRESS={"elapsed_ms": 194, "job_id": "36130153-0887-4e96-ac27-ddc502e301d3", "rows": 0, "stage": "rolling_operational_validation", "status": "completed"}
SENTINEL_FEED_PROGRESS={"elapsed_ms": 0, "job_id": "36130153-0887-4e96-ac27-ddc502e301d3", "rows": 0, "stage": "rolling_operational_publication", "status": "started"}
SENTINEL_FEED_PROGRESS={"elapsed_ms": 65, "job_id": "36130153-0887-4e96-ac27-ddc502e301d3", "rows": 0, "stage": "rolling_operational_publication", "status": "completed"}
----------------------------- Captured stderr call -----------------------------
SENTINEL_FEED_PROGRESS={"elapsed_ms": 0, "required_sessions": 126, "rows": 0, "sessions": 0, "stage": "historical_formation", "status": "started"}
SENTINEL_FEED_PROGRESS={"elapsed_ms": 0, "required_sessions": 126, "rows": 0, "session": "2026-03-26", "sessions": 10, "stage": "historical_formation", "status": "working"}
SENTINEL_FEED_PROGRESS={"elapsed_ms": 0, "required_sessions": 126, "rows": 0, "session": "2026-04-10", "sessions": 20, "stage": "historical_formation", "status": "working"}
SENTINEL_FEED_PROGRESS={"elapsed_ms": 0, "required_sessions": 126, "rows": 0, "session": "2026-04-24", "sessions": 30, "stage": "historical_formation", "status": "working"}
SENTINEL_FEED_PROGRESS={"elapsed_ms": 0, "required_sessions": 126, "rows": 0, "session": "2026-05-08", "sessions": 40, "stage": "historical_formation", "status": "working"}
SENTINEL_FEED_PROGRESS={"elapsed_ms": 0, "required_sessions": 126, "rows": 0, "session": "2026-05-22", "sessions": 50, "stage": "historical_formation", "status": "working"}
SENTINEL_FEED_PROGRESS={"elapsed_ms": 0, "required_sessions": 126, "rows": 0, "session": "2026-06-08", "sessions": 60, "stage": "historical_formation", "status": "working"}
SENTINEL_FEED_PROGRESS={"elapsed_ms": 0, "required_sessions": 126, "rows": 0, "session": "2026-06-23", "sessions": 70, "stage": "historical_formation", "status": "working"}
SENTINEL_FEED_PROGRESS={"elapsed_ms": 0, "required_sessions": 126, "rows": 0, "session": "2026-07-08", "sessions": 80, "stage": "historical_formation", "status": "working"}
SENTINEL_FEED_PROGRESS={"elapsed_ms": 0, "required_sessions": 126, "rows": 0, "session": "2026-07-22", "sessions": 90, "stage": "historical_formation", "status": "working"}
SENTINEL_FEED_PROGRESS={"elapsed_ms": 0, "required_sessions": 126, "rows": 0, "session": "2026-08-05", "sessions": 100, "stage": "historical_formation", "status": "working"}
SENTINEL_FEED_PROGRESS={"elapsed_ms": 0, "required_sessions": 126, "rows": 0, "session": "2026-08-19", "sessions": 110, "stage": "historical_formation", "status": "working"}
SENTINEL_FEED_PROGRESS={"elapsed_ms": 0, "required_sessions": 126, "rows": 0, "session": "2026-09-02", "sessions": 120, "stage": "historical_formation", "status": "working"}
SENTINEL_FEED_PROGRESS={"elapsed_ms": 0, "required_sessions": 126, "rows": 0, "session": "2026-09-11", "sessions": 126, "stage": "historical_formation", "status": "completed"}
SENTINEL_FEED_PROGRESS={"elapsed_ms": 0, "job_id": "f3301658-b9b2-447f-8866-aa98f1704aab", "rows": 0, "stage": "rolling_identity", "status": "started", "subphase": "alias_discovery"}
SENTINEL_FEED_PROGRESS={"elapsed_ms": 0, "job_id": "f3301658-b9b2-447f-8866-aa98f1704aab", "rows": 5000, "stage": "rolling_identity", "status": "working", "subphase": "alias_discovery"}
SENTINEL_FEED_PROGRESS={"elapsed_ms": 176, "job_id": "f3301658-b9b2-447f-8866-aa98f1704aab", "rows": 7500, "stage": "rolling_identity", "status": "completed", "subphase": "alias_discovery"}
SENTINEL_FEED_PROGRESS={"elapsed_ms": 0, "job_id": "f3301658-b9b2-447f-8866-aa98f1704aab", "rows": 0, "stage": "rolling_identity", "status": "started", "subphase": "independent_coverage"}
SENTINEL_FEED_PROGRESS={"elapsed_ms": 0, "job_id": "f3301658-b9b2-447f-8866-aa98f1704aab", "rows": 5000, "stage": "rolling_identity", "status": "working", "subphase": "independent_coverage"}
SENTINEL_FEED_PROGRESS={"elapsed_ms": 165, "job_id": "f3301658-b9b2-447f-8866-aa98f1704aab", "rows": 7500, "stage": "rolling_identity", "status": "completed", "subphase": "independent_coverage"}
SENTINEL_FEED_PROGRESS={"elapsed_ms": 0, "job_id": "f3301658-b9b2-447f-8866-aa98f1704aab", "rows": 0, "stage": "rolling_normalization", "status": "started"}
SENTINEL_FEED_PROGRESS={"elapsed_ms": 0, "job_id": "f3301658-b9b2-447f-8866-aa98f1704aab", "rows": 5000, "stage": "rolling_normalization", "status": "working"}
SENTINEL_FEED_PROGRESS={"elapsed_ms": 0, "job_id": "f3301658-b9b2-447f-8866-aa98f1704aab", "rows": 7500, "stage": "rolling_normalization", "status": "working"}
SENTINEL_FEED_PROGRESS={"elapsed_ms": 380, "job_id": "f3301658-b9b2-447f-8866-aa98f1704aab", "rows": 7500, "stage": "rolling_normalization", "status": "completed"}
SENTINEL_FEED_PROGRESS={"elapsed_ms": 0, "job_id": "f3301658-b9b2-447f-8866-aa98f1704aab", "rows": 0, "stage": "rolling_seal", "status": "started"}
SENTINEL_FEED_PROGRESS={"elapsed_ms": 153, "job_id": "f3301658-b9b2-447f-8866-aa98f1704aab", "rows": 7500, "stage": "rolling_seal", "status": "completed"}
SENTINEL_FEED_PROGRESS={"elapsed_ms": 0, "job_id": "f3301658-b9b2-447f-8866-aa98f1704aab", "rows": 0, "stage": "rolling_operational_validation", "status": "started"}
SENTINEL_FEED_PROGRESS={"elapsed_ms": 164, "job_id": "f3301658-b9b2-447f-8866-aa98f1704aab", "rows": 0, "stage": "rolling_operational_validation", "status": "completed"}
SENTINEL_FEED_PROGRESS={"elapsed_ms": 0, "job_id": "f3301658-b9b2-447f-8866-aa98f1704aab", "rows": 0, "stage": "rolling_operational_publication", "status": "started"}
SENTINEL_FEED_PROGRESS={"elapsed_ms": 42, "job_id": "f3301658-b9b2-447f-8866-aa98f1704aab", "rows": 0, "stage": "rolling_operational_publication", "status": "completed"}
=========================== short test summary info ============================
FAILED tests/sentinel/test_rolling_restore_integrity.py::test_published_price_oracle_refuses_a_dollar_of_invented_cash
1 failed in 42.45s
