FROZEN_VALIDATION_SOURCE_SHA256=cf25bd6c84cce2f517523a68a66ef81d43e4becbb9601b74fa6ced27ace0c2f1
============================= test session starts ==============================
platform linux -- Python 3.12.13, pytest-8.4.2, pluggy-1.6.0 -- /usr/local/bin/python
rootdir: /tmp/repo
configfile: pytest.ini
plugins: asyncio-1.2.0, anyio-4.14.2
asyncio: mode=Mode.STRICT, debug=False, asyncio_default_fixture_loop_scope=None, asyncio_default_test_loop_scope=function
collecting ... collected 83 items

tests/sentinel/test_formed_startup.py::test_first_funded_open_accounts_for_entry_and_preserves_formed_identity PASSED [  1%]
tests/sentinel/test_rolling_go_inputs.py::test_first_prepare_is_idempotent_without_behavioral_state PASSED [  2%]
tests/sentinel/test_rolling_go_inputs.py::test_preparation_retry_reuses_job_and_original_deadline PASSED [  3%]
tests/sentinel/test_rolling_go_inputs.py::test_source_final_target_cannot_be_selected_by_caller PASSED [  4%]
tests/sentinel/test_rolling_go_inputs.py::test_failed_attempt_book_is_preserved_and_not_adopted PASSED [  6%]
tests/sentinel/test_rolling_go_inputs.py::test_readiness_reads_snapshot_without_legacy_tables PASSED [  7%]
tests/sentinel/test_rolling_go_inputs.py::test_readiness_refuses_stale_frontier PASSED [  8%]
tests/sentinel/test_rolling_go_inputs.py::test_readiness_checks_canonical_current_inputs[domain] PASSED [  9%]
tests/sentinel/test_rolling_go_inputs.py::test_readiness_checks_canonical_current_inputs[warmup] PASSED [ 10%]
tests/sentinel/test_rolling_go_inputs.py::test_readiness_checks_canonical_current_inputs[population] PASSED [ 12%]
tests/sentinel/test_rolling_go_inputs.py::test_readiness_checks_canonical_current_inputs[issuer] PASSED [ 13%]
tests/sentinel/test_rolling_go_inputs.py::test_readiness_checks_canonical_current_inputs[bil] PASSED [ 14%]
tests/sentinel/test_rolling_go_inputs.py::test_strategy_request_is_bound_to_current_source PASSED [ 15%]
tests/sentinel/test_rolling_go_inputs.py::test_sealed_payload_tamper_refuses PASSED [ 16%]
tests/sentinel/test_rolling_go_inputs.py::test_database_health_measures_actual_snapshot_queries_and_pin PASSED [ 18%]
tests/sentinel/test_rolling_go_inputs.py::test_database_health_refuses_a_missing_publication_pin PASSED [ 19%]
tests/sentinel/test_rolling_go_inputs.py::test_supported_go_preparation_and_readiness_payloads_use_rolling PASSED [ 20%]
tests/sentinel/test_rolling_go_inputs.py::test_snapshot_parity_uses_canonical_warmup_without_creating_a_book PASSED [ 21%]
tests/scripts/test_sentinel_go_validate.py::test_gate_ids_and_bundle_members_are_exact_contract PASSED [ 22%]
tests/scripts/test_sentinel_go_validate.py::test_shadow_and_paper_verdicts_are_independent PASSED [ 24%]
tests/scripts/test_sentinel_go_validate.py::test_paper_go_requires_every_gate_to_pass PASSED [ 25%]
tests/scripts/test_sentinel_go_validate.py::test_dual_run_requires_shadow_go_and_read_only_cash_only_paper_account PASSED [ 26%]
tests/scripts/test_sentinel_go_validate.py::test_any_mutation_boundary_breach_blocks_both_verdicts[1-0] PASSED [ 27%]
tests/scripts/test_sentinel_go_validate.py::test_any_mutation_boundary_breach_blocks_both_verdicts[0-1] PASSED [ 28%]
tests/scripts/test_sentinel_go_validate.py::test_any_mutation_boundary_breach_blocks_both_verdicts[2-3] PASSED [ 30%]
tests/scripts/test_sentinel_go_validate.py::test_development_input_can_never_authorize_deployment PASSED [ 31%]
tests/scripts/test_sentinel_go_validate.py::test_prevalidation_preparation_is_required_for_both_verdicts PASSED [ 32%]
tests/scripts/test_sentinel_go_validate.py::test_database_financial_health_is_an_independent_mandatory_gate PASSED [ 33%]
tests/scripts/test_sentinel_go_validate.py::test_validation_reports_preparation_outside_zero_write_boundary PASSED [ 34%]
tests/scripts/test_sentinel_go_validate.py::test_bundle_contains_only_allowlisted_sanitized_members PASSED [ 36%]
tests/scripts/test_sentinel_go_validate.py::test_same_inputs_create_byte_identical_zip PASSED [ 37%]
tests/scripts/test_sentinel_go_validate.py::test_bundle_write_is_no_clobber PASSED [ 38%]
tests/scripts/test_sentinel_go_validate.py::test_secret_scanner_detects_raw_and_encoded_values PASSED [ 39%]
tests/scripts/test_sentinel_go_validate.py::test_zip_with_extra_member_is_refused PASSED [ 40%]
tests/scripts/test_sentinel_go_validate.py::test_alpaca_probe_is_get_only_and_retains_no_raw_financial_values PASSED [ 42%]
tests/scripts/test_sentinel_go_validate.py::test_alpaca_probe_refuses_credentials_for_a_different_configured_account PASSED [ 43%]
tests/scripts/test_sentinel_go_validate.py::test_missing_command_becomes_a_nonzero_observation_not_an_exception PASSED [ 44%]
tests/scripts/test_sentinel_go_validate.py::test_git_probe_refreshes_origin_main_before_comparison[0-PASS] PASSED [ 45%]
tests/scripts/test_sentinel_go_validate.py::test_git_probe_refreshes_origin_main_before_comparison[1-FAIL] PASSED [ 46%]
tests/scripts/test_sentinel_go_validate.py::test_readiness_probe_code_enforces_read_only_and_never_saves_snapshot PASSED [ 48%]
tests/scripts/test_sentinel_go_validate.py::test_readiness_runs_exact_runtime_digest_and_requires_sharadar_authority PASSED [ 49%]
tests/scripts/test_sentinel_go_validate.py::test_database_health_probe_is_read_only_pinned_and_reports_exact_margin PASSED [ 50%]
tests/scripts/test_sentinel_go_validate.py::test_database_health_probe_fails_closed_on_timing_or_plan_margin PASSED [ 51%]
tests/scripts/test_sentinel_go_validate.py::test_active_wealth_parity_runs_candidate_in_read_only_compose_boundary[None] PASSED [ 53%]
tests/scripts/test_sentinel_go_validate.py::test_active_wealth_parity_runs_candidate_in_read_only_compose_boundary[100000] PASSED [ 54%]
tests/scripts/test_sentinel_go_validate.py::test_rolling_data_proof_cannot_grant_legacy_runtime_authority PASSED [ 55%]
tests/scripts/test_sentinel_go_validate.py::test_rolling_go_proof_requires_supported_runtime_and_exact_input_scope[None] PASSED [ 56%]
tests/scripts/test_sentinel_go_validate.py::test_rolling_go_proof_requires_supported_runtime_and_exact_input_scope[contract] PASSED [ 57%]
tests/scripts/test_sentinel_go_validate.py::test_rolling_go_proof_requires_supported_runtime_and_exact_input_scope[scope] PASSED [ 59%]
tests/scripts/test_sentinel_go_validate.py::test_rolling_go_proof_requires_supported_runtime_and_exact_input_scope[version] PASSED [ 60%]
tests/scripts/test_sentinel_go_validate.py::test_rolling_go_proof_requires_supported_runtime_and_exact_input_scope[snapshot] PASSED [ 61%]
tests/scripts/test_sentinel_go_validate.py::test_rolling_go_proof_requires_supported_runtime_and_exact_input_scope[identity] PASSED [ 62%]
tests/scripts/test_sentinel_go_validate.py::test_rolling_go_proof_requires_supported_runtime_and_exact_input_scope[authority] PASSED [ 63%]
tests/scripts/test_sentinel_go_validate.py::test_owned55_go_requires_the_formed_book_proof[None] PASSED [ 65%]
tests/scripts/test_sentinel_go_validate.py::test_owned55_go_requires_the_formed_book_proof[missing] PASSED [ 66%]
tests/scripts/test_sentinel_go_validate.py::test_owned55_go_requires_the_formed_book_proof[policy] PASSED [ 67%]
tests/scripts/test_sentinel_go_validate.py::test_owned55_go_requires_the_formed_book_proof[count] PASSED [ 68%]
tests/scripts/test_sentinel_go_validate.py::test_owned55_go_requires_the_formed_book_proof[state] PASSED [ 69%]
tests/scripts/test_sentinel_go_validate.py::test_owned55_go_requires_the_formed_book_proof[legacy_scope] PASSED [ 71%]
tests/scripts/test_sentinel_go_validate.py::test_shadow_configuration_digest_is_exact_runtime_contract PASSED [ 72%]
tests/scripts/test_sentinel_go_validate.py::test_shadow_configuration_rejects_invalid_model_inputs PASSED [ 73%]
tests/scripts/test_sentinel_go_validate.py::test_active_wealth_parity_refuses_a_non_read_only_report PASSED [ 74%]
tests/scripts/test_sentinel_go_validate.py::test_operational_parity_rejects_invalid_or_different_image_evidence[sha256:bbbbbbbbbbbbbbbbbbbbbbbbbbbbbbbbbbbbbbbbbbbbbbbbbbbbbbbbbbbbbbbb-path0-8888888888888888888888888888888888888888888888888888888888888888] PASSED [ 75%]
tests/scripts/test_sentinel_go_validate.py::test_operational_parity_rejects_invalid_or_different_image_evidence[sha256:bbbbbbbbbbbbbbbbbbbbbbbbbbbbbbbbbbbbbbbbbbbbbbbbbbbbbbbbbbbbbbbb-path1-8888888888888888888888888888888888888888888888888888888888888888] PASSED [ 77%]
tests/scripts/test_sentinel_go_validate.py::test_operational_parity_rejects_invalid_or_different_image_evidence[sha256:bbbbbbbbbbbbbbbbbbbbbbbbbbbbbbbbbbbbbbbbbbbbbbbbbbbbbbbbbbbbbbbb-path2-8888888888888888888888888888888888888888888888888888888888888888] PASSED [ 78%]
tests/scripts/test_sentinel_go_validate.py::test_operational_parity_rejects_invalid_or_different_image_evidence[sha256:bbbbbbbbbbbbbbbbbbbbbbbbbbbbbbbbbbbbbbbbbbbbbbbbbbbbbbbbbbbbbbbb-path3-8888888888888888888888888888888888888888888888888888888888888888] PASSED [ 79%]
tests/scripts/test_sentinel_go_validate.py::test_operational_parity_rejects_invalid_or_different_image_evidence[sha256:bbbbbbbbbbbbbbbbbbbbbbbbbbbbbbbbbbbbbbbbbbbbbbbbbbbbbbbbbbbbbbbb-path4-legacy-strategy] PASSED [ 80%]
tests/scripts/test_sentinel_go_validate.py::test_operational_parity_rejects_invalid_or_different_image_evidence[sha256:bbbbbbbbbbbbbbbbbbbbbbbbbbbbbbbbbbbbbbbbbbbbbbbbbbbbbbbbbbbbbbbb-path5-8888888888888888888888888888888888888888888888888888888888888888] PASSED [ 81%]
tests/scripts/test_sentinel_go_validate.py::test_operational_parity_rejects_invalid_or_different_image_evidence[sha256:bbbbbbbbbbbbbbbbbbbbbbbbbbbbbbbbbbbbbbbbbbbbbbbbbbbbbbbbbbbbbbbb-path6-different] PASSED [ 83%]
tests/scripts/test_sentinel_go_validate.py::test_operational_parity_rejects_invalid_or_different_image_evidence[sha256:bbbbbbbbbbbbbbbbbbbbbbbbbbbbbbbbbbbbbbbbbbbbbbbbbbbbbbbbbbbbbbbb-path7-8888888888888888888888888888888888888888] PASSED [ 84%]
tests/scripts/test_sentinel_go_validate.py::test_operational_parity_rejects_invalid_or_different_image_evidence[sha256:cccccccccccccccccccccccccccccccccccccccccccccccccccccccccccccccc-path8-8888888888888888888888888888888888888888888888888888888888888888] PASSED [ 85%]
tests/scripts/test_sentinel_go_validate.py::test_operational_parity_rejects_invalid_or_different_image_evidence[sha256:cccccccccccccccccccccccccccccccccccccccccccccccccccccccccccccccc-path9-251] PASSED [ 86%]
tests/scripts/test_sentinel_go_validate.py::test_operational_parity_rejects_invalid_or_different_image_evidence[sha256:cccccccccccccccccccccccccccccccccccccccccccccccccccccccccccccccc-path10-False] PASSED [ 87%]
tests/scripts/test_sentinel_go_validate.py::test_operational_parity_rejects_invalid_or_different_image_evidence[sha256:cccccccccccccccccccccccccccccccccccccccccccccccccccccccccccccccc-path11-value11] PASSED [ 89%]
tests/scripts/test_sentinel_go_validate.py::test_operational_parity_rejects_invalid_or_different_image_evidence[sha256:cccccccccccccccccccccccccccccccccccccccccccccccccccccccccccccccc-path12-malformed] PASSED [ 90%]
tests/scripts/test_sentinel_go_validate.py::test_operational_parity_rejects_invalid_or_different_image_evidence[sha256:cccccccccccccccccccccccccccccccccccccccccccccccccccccccccccccccc-path13-value13] PASSED [ 91%]
tests/scripts/test_sentinel_go_validate.py::test_operational_parity_reuses_identical_certified_image_and_binds_cash PASSED [ 92%]
tests/scripts/test_sentinel_go_validate.py::test_upgrade_preparation_uses_exact_runtime_without_broker_authority PASSED [ 93%]
tests/scripts/test_sentinel_go_validate.py::test_upgrade_preparation_without_sharadar_is_not_proven PASSED [ 95%]
tests/scripts/test_sentinel_go_validate.py::test_certified_probe_runs_all_three_merge_critical_suites_without_network PASSED [ 96%]
tests/scripts/test_sentinel_go_validate.py::test_certified_probe_treats_a_signal_terminated_suite_as_failure PASSED [ 97%]
tests/scripts/test_sentinel_go_validate.py::test_dev_cli_emits_no_go_bundle_without_docker_network_or_keys PASSED [ 98%]
tests/scripts/test_sentinel_go_validate.py::test_shell_launcher_never_sources_dotenv_or_echoes_credentials PASSED [100%]

======================== 83 passed in 92.05s (0:01:32) =========================
