FROZEN_VALIDATION_SOURCE_SHA256=fc6c9b17958e633c8eaca1fc0991022b716f756180e8eb9a248b43b305d47698
============================= test session starts ==============================
platform linux -- Python 3.12.13, pytest-8.4.2, pluggy-1.6.0 -- /usr/local/bin/python
rootdir: /tmp/repo
configfile: pytest.ini
plugins: asyncio-1.2.0, anyio-4.14.2
asyncio: mode=Mode.STRICT, debug=False, asyncio_default_fixture_loop_scope=None, asyncio_default_test_loop_scope=function
collecting ... collected 90 items

tests/production_composition/test_canonical_go_e2e_harness.py::test_full_go_is_manual_but_fast_checks_remain_automatic PASSED [  1%]
tests/production_composition/test_canonical_go_e2e_harness.py::test_script_process_can_load_production_session_calendar PASSED [  2%]
tests/production_composition/test_canonical_go_e2e_harness.py::test_canonical_entrypoint_is_real_production_go PASSED [  3%]
tests/production_composition/test_canonical_go_e2e_harness.py::test_full_go_budget_covers_measured_work_and_preserves_refusal PASSED [  4%]
tests/production_composition/test_canonical_go_e2e_harness.py::test_fixture_pages_satisfy_consumed_sharadar_protocol PASSED [  5%]
tests/production_composition/test_canonical_go_e2e_harness.py::test_fixture_vendor_clock_is_bound_to_latest_closed_session PASSED [  6%]
tests/production_composition/test_canonical_go_e2e_harness.py::test_fixture_supplies_an_issuer_key_for_every_security PASSED [  7%]
tests/production_composition/test_canonical_go_e2e_harness.py::test_fixture_supplies_seed_reference_tickers PASSED [  8%]
tests/production_composition/test_canonical_go_e2e_harness.py::test_fixture_is_large_enough_for_readiness_history PASSED [ 10%]
tests/production_composition/test_canonical_go_e2e_harness.py::test_fixture_supports_the_current_cash_adjudication_migration PASSED [ 11%]
tests/production_composition/test_canonical_go_e2e_harness.py::test_fixture_represents_the_complete_tri_cash_and_consolidation PASSED [ 12%]
tests/production_composition/test_canonical_go_e2e_harness.py::test_fixture_action_filter_preserves_the_complete_unfiltered_table[dividend-expected0] PASSED [ 13%]
tests/production_composition/test_canonical_go_e2e_harness.py::test_fixture_action_filter_preserves_the_complete_unfiltered_table[split-expected1] PASSED [ 14%]
tests/production_composition/test_canonical_go_e2e_harness.py::test_fixture_action_filter_preserves_the_complete_unfiltered_table[dividend,split-expected2] PASSED [ 15%]
tests/production_composition/test_canonical_go_e2e_harness.py::test_fixture_action_filter_preserves_the_complete_unfiltered_table[tickerchangeto,tickerchangefrom-expected3] PASSED [ 16%]
tests/production_composition/test_canonical_go_e2e_harness.py::test_bootstrapped_fixture_leaves_a_bounded_real_backup_authority[selected] PASSED [ 17%]
tests/production_composition/test_canonical_go_e2e_harness.py::test_bootstrapped_fixture_leaves_a_bounded_real_backup_authority[stale] PASSED [ 18%]
tests/production_composition/test_canonical_go_e2e_harness.py::test_publication_observer_authenticates_with_the_fixture_receipt_key PASSED [ 20%]
tests/production_composition/test_canonical_go_e2e_harness.py::test_publication_observer_reads_the_selected_generation[legacy-seed] PASSED [ 21%]
tests/production_composition/test_canonical_go_e2e_harness.py::test_publication_observer_reads_the_selected_generation[rolling-startup] PASSED [ 22%]
tests/production_composition/test_canonical_go_e2e_harness.py::test_compose_propagates_sharadar_transport_with_safe_defaults PASSED [ 23%]
tests/production_composition/test_canonical_go_e2e_harness.py::test_phase_parser_is_stage_sensitive PASSED [ 24%]
tests/production_composition/test_canonical_go_e2e_harness.py::test_fixture_refuses_dropped_container_transport_setting[NDL_BASE_URL] PASSED [ 25%]
tests/production_composition/test_canonical_go_e2e_harness.py::test_fixture_refuses_dropped_container_transport_setting[SHARADAR_ALLOW_INSECURE_BASE_URL] PASSED [ 26%]
tests/production_composition/test_canonical_go_e2e_harness.py::test_fixture_refuses_dropped_container_transport_setting[SHARADAR_FETCH_RETRIES] PASSED [ 27%]
tests/production_composition/test_canonical_go_e2e_harness.py::test_fixture_refuses_dropped_container_transport_setting[SHARADAR_FETCH_BACKOFF] PASSED [ 28%]
tests/production_composition/test_canonical_go_e2e_harness.py::test_real_source_membrane_consumes_local_pages_and_complete_exports PASSED [ 30%]
tests/production_composition/test_internal_go_stage_faults.py::test_campaigns_cover_each_internal_stage_once PASSED [ 31%]
tests/production_composition/test_internal_go_stage_faults.py::test_injected_fault_remains_visible_through_production_redaction[schema-feed-permission] PASSED [ 32%]
tests/production_composition/test_internal_go_stage_faults.py::test_injected_fault_remains_visible_through_production_redaction[schema-migration] PASSED [ 33%]
tests/production_composition/test_internal_go_stage_faults.py::test_injected_fault_remains_visible_through_production_redaction[feed-catchup] PASSED [ 34%]
tests/production_composition/test_internal_go_stage_faults.py::test_injected_fault_remains_visible_through_production_redaction[publication-check] PASSED [ 35%]
tests/production_composition/test_internal_go_stage_faults.py::test_injected_fault_remains_visible_through_production_redaction[operational-parity] PASSED [ 36%]
tests/production_composition/test_internal_go_stage_faults.py::test_injected_fault_remains_visible_through_production_redaction[sharadar-readiness] PASSED [ 37%]
tests/production_composition/test_internal_go_stage_faults.py::test_injected_fault_remains_visible_through_production_redaction[database-health] PASSED [ 38%]
tests/production_composition/test_internal_go_stage_faults.py::test_injected_fault_remains_visible_through_production_redaction[validation-evidence] PASSED [ 40%]
tests/production_composition/test_internal_go_stage_faults.py::test_injected_fault_remains_visible_through_production_redaction[requested-target-proof] PASSED [ 41%]
tests/production_composition/test_internal_go_stage_faults.py::test_injected_fault_remains_visible_through_production_redaction[panel-recreation] PASSED [ 42%]
tests/production_composition/test_internal_go_stage_faults.py::test_injected_fault_remains_visible_through_production_redaction[handoff-write] PASSED [ 43%]
tests/production_composition/test_internal_go_stage_faults.py::test_selected_fault_keeps_unrelated_docker_commands_exact[schema-feed-permission] PASSED [ 44%]
tests/production_composition/test_internal_go_stage_faults.py::test_selected_fault_keeps_unrelated_docker_commands_exact[schema-migration] PASSED [ 45%]
tests/production_composition/test_internal_go_stage_faults.py::test_selected_fault_keeps_unrelated_docker_commands_exact[feed-catchup] PASSED [ 46%]
tests/production_composition/test_internal_go_stage_faults.py::test_selected_fault_keeps_unrelated_docker_commands_exact[publication-check] PASSED [ 47%]
tests/production_composition/test_internal_go_stage_faults.py::test_selected_fault_keeps_unrelated_docker_commands_exact[operational-parity] PASSED [ 48%]
tests/production_composition/test_internal_go_stage_faults.py::test_selected_fault_keeps_unrelated_docker_commands_exact[sharadar-readiness] PASSED [ 50%]
tests/production_composition/test_internal_go_stage_faults.py::test_selected_fault_keeps_unrelated_docker_commands_exact[database-health] PASSED [ 51%]
tests/production_composition/test_internal_go_stage_faults.py::test_selected_fault_keeps_unrelated_docker_commands_exact[validation-evidence] PASSED [ 52%]
tests/production_composition/test_internal_go_stage_faults.py::test_selected_fault_keeps_unrelated_docker_commands_exact[requested-target-proof] PASSED [ 53%]
tests/production_composition/test_internal_go_stage_faults.py::test_selected_fault_keeps_unrelated_docker_commands_exact[panel-recreation] PASSED [ 54%]
tests/production_composition/test_internal_go_stage_faults.py::test_selected_fault_keeps_unrelated_docker_commands_exact[handoff-write] PASSED [ 55%]
tests/production_composition/test_internal_go_stage_faults.py::test_schema_fault_raises_at_the_actual_selected_call PASSED [ 56%]
tests/production_composition/test_internal_go_stage_faults.py::test_rolling_fault_reaches_the_production_call_site[feed-catchup-prepare] PASSED [ 57%]
tests/production_composition/test_internal_go_stage_faults.py::test_rolling_fault_reaches_the_production_call_site[sharadar-readiness-readiness] PASSED [ 58%]
tests/production_composition/test_internal_go_stage_faults.py::test_positive_campaign_cannot_claim_sensitivity PASSED [ 60%]
tests/production_composition/test_internal_go_stage_faults.py::test_publication_fault_preserves_catchup_then_refuses_final_check PASSED [ 61%]
tests/production_composition/test_internal_go_stage_faults.py::test_host_evidence_fault_occurs_when_writer_is_called PASSED [ 62%]
tests/production_composition/test_internal_go_stage_faults.py::test_operational_fault_retains_canonical_parity_cli_arguments PASSED [ 63%]
tests/production_composition/test_internal_go_stage_faults.py::test_success_requires_actual_publication_advance_bound_to_go[None] PASSED [ 64%]
tests/production_composition/test_internal_go_stage_faults.py::test_success_requires_actual_publication_advance_bound_to_go[same-version] PASSED [ 65%]
tests/production_composition/test_internal_go_stage_faults.py::test_success_requires_actual_publication_advance_bound_to_go[same-frontier] PASSED [ 66%]
tests/production_composition/test_internal_go_stage_faults.py::test_success_requires_actual_publication_advance_bound_to_go[wrong-subject] PASSED [ 67%]
tests/scripts/test_sentinel_go_suites.py::test_any_incomplete_partition_blocks_go[-9-10 passed in 1s-general] PASSED [ 68%]
tests/scripts/test_sentinel_go_suites.py::test_any_incomplete_partition_blocks_go[-9-10 passed in 1s-rolling] PASSED [ 70%]
tests/scripts/test_sentinel_go_suites.py::test_any_incomplete_partition_blocks_go[-9-10 passed in 1s-warmup] PASSED [ 71%]
tests/scripts/test_sentinel_go_suites.py::test_any_incomplete_partition_blocks_go[-9-10 passed in 1s-automation] PASSED [ 72%]
tests/scripts/test_sentinel_go_suites.py::test_any_incomplete_partition_blocks_go[1-9 passed, 1 failed in 1s-general] PASSED [ 73%]
tests/scripts/test_sentinel_go_suites.py::test_any_incomplete_partition_blocks_go[1-9 passed, 1 failed in 1s-rolling] PASSED [ 74%]
tests/scripts/test_sentinel_go_suites.py::test_any_incomplete_partition_blocks_go[1-9 passed, 1 failed in 1s-warmup] PASSED [ 75%]
tests/scripts/test_sentinel_go_suites.py::test_any_incomplete_partition_blocks_go[1-9 passed, 1 failed in 1s-automation] PASSED [ 76%]
tests/scripts/test_sentinel_go_suites.py::test_any_incomplete_partition_blocks_go[0--general] PASSED [ 77%]
tests/scripts/test_sentinel_go_suites.py::test_any_incomplete_partition_blocks_go[0--rolling] PASSED [ 78%]
tests/scripts/test_sentinel_go_suites.py::test_any_incomplete_partition_blocks_go[0--warmup] PASSED [ 80%]
tests/scripts/test_sentinel_go_suites.py::test_any_incomplete_partition_blocks_go[0--automation] PASSED [ 81%]
tests/scripts/test_sentinel_go_suites.py::test_any_incomplete_partition_blocks_go[0-1 skipped in 1s-general] PASSED [ 82%]
tests/scripts/test_sentinel_go_suites.py::test_any_incomplete_partition_blocks_go[0-1 skipped in 1s-rolling] PASSED [ 83%]
tests/scripts/test_sentinel_go_suites.py::test_any_incomplete_partition_blocks_go[0-1 skipped in 1s-warmup] PASSED [ 84%]
tests/scripts/test_sentinel_go_suites.py::test_any_incomplete_partition_blocks_go[0-1 skipped in 1s-automation] PASSED [ 85%]
tests/scripts/test_sentinel_go_suites.py::test_any_incomplete_partition_blocks_go[0-9 passed, 1 xfailed in 1s-general] PASSED [ 86%]
tests/scripts/test_sentinel_go_suites.py::test_any_incomplete_partition_blocks_go[0-9 passed, 1 xfailed in 1s-rolling] PASSED [ 87%]
tests/scripts/test_sentinel_go_suites.py::test_any_incomplete_partition_blocks_go[0-9 passed, 1 xfailed in 1s-warmup] PASSED [ 88%]
tests/scripts/test_sentinel_go_suites.py::test_any_incomplete_partition_blocks_go[0-9 passed, 1 xfailed in 1s-automation] PASSED [ 90%]
tests/scripts/test_sentinel_go_suites.py::test_any_incomplete_partition_blocks_go[0-9 passed, 1 xpassed in 1s-general] PASSED [ 91%]
tests/scripts/test_sentinel_go_suites.py::test_any_incomplete_partition_blocks_go[0-9 passed, 1 xpassed in 1s-rolling] PASSED [ 92%]
tests/scripts/test_sentinel_go_suites.py::test_any_incomplete_partition_blocks_go[0-9 passed, 1 xpassed in 1s-warmup] PASSED [ 93%]
tests/scripts/test_sentinel_go_suites.py::test_any_incomplete_partition_blocks_go[0-9 passed, 1 xpassed in 1s-automation] PASSED [ 94%]
tests/scripts/test_sentinel_go_suites.py::test_any_incomplete_partition_blocks_go[0-9 passed, 1 error in 1s-general] PASSED [ 95%]
tests/scripts/test_sentinel_go_suites.py::test_any_incomplete_partition_blocks_go[0-9 passed, 1 error in 1s-rolling] PASSED [ 96%]
tests/scripts/test_sentinel_go_suites.py::test_any_incomplete_partition_blocks_go[0-9 passed, 1 error in 1s-warmup] PASSED [ 97%]
tests/scripts/test_sentinel_go_suites.py::test_any_incomplete_partition_blocks_go[0-9 passed, 1 error in 1s-automation] PASSED [ 98%]
tests/scripts/test_sentinel_go_suites.py::test_partition_plugin_covers_unknown_and_nested_modules_once PASSED [100%]

============================== 90 passed in 5.40s ==============================
