FROZEN_VALIDATION_SOURCE_SHA256=4dd5e5a5bfa4141ca4ee5af8c439f833eb705c059ef48f194913cb02b357e9da
============================= test session starts ==============================
platform linux -- Python 3.12.13, pytest-8.4.2, pluggy-1.6.0 -- /usr/local/bin/python
rootdir: /tmp/repo
configfile: pytest.ini
plugins: asyncio-1.2.0, anyio-4.14.2
asyncio: mode=Mode.STRICT, debug=False, asyncio_default_fixture_loop_scope=None, asyncio_default_test_loop_scope=function
collecting ... collected 78 items

tests/sentinel/test_rolling_go_health_auth.py::test_go_health_payload_uses_authenticated_connection_for_writer_exclusion PASSED [  1%]
tests/sentinel/test_rolling_go_inputs.py::test_database_health_measures_actual_snapshot_queries_and_pin PASSED [  2%]
tests/sentinel/test_rolling_go_inputs.py::test_database_health_refuses_a_missing_publication_pin PASSED [  3%]
tests/scripts/test_sentinel_go_validate.py::test_gate_ids_and_bundle_members_are_exact_contract PASSED [  5%]
tests/scripts/test_sentinel_go_validate.py::test_shadow_and_paper_verdicts_are_independent PASSED [  6%]
tests/scripts/test_sentinel_go_validate.py::test_paper_go_requires_every_gate_to_pass PASSED [  7%]
tests/scripts/test_sentinel_go_validate.py::test_dual_run_requires_shadow_go_and_read_only_cash_only_paper_account PASSED [  8%]
tests/scripts/test_sentinel_go_validate.py::test_any_mutation_boundary_breach_blocks_both_verdicts[1-0] PASSED [ 10%]
tests/scripts/test_sentinel_go_validate.py::test_any_mutation_boundary_breach_blocks_both_verdicts[0-1] PASSED [ 11%]
tests/scripts/test_sentinel_go_validate.py::test_any_mutation_boundary_breach_blocks_both_verdicts[2-3] PASSED [ 12%]
tests/scripts/test_sentinel_go_validate.py::test_development_input_can_never_authorize_deployment PASSED [ 14%]
tests/scripts/test_sentinel_go_validate.py::test_prevalidation_preparation_is_required_for_both_verdicts PASSED [ 15%]
tests/scripts/test_sentinel_go_validate.py::test_database_financial_health_is_an_independent_mandatory_gate PASSED [ 16%]
tests/scripts/test_sentinel_go_validate.py::test_validation_reports_preparation_outside_zero_write_boundary PASSED [ 17%]
tests/scripts/test_sentinel_go_validate.py::test_bundle_contains_only_allowlisted_sanitized_members PASSED [ 19%]
tests/scripts/test_sentinel_go_validate.py::test_same_inputs_create_byte_identical_zip PASSED [ 20%]
tests/scripts/test_sentinel_go_validate.py::test_bundle_write_is_no_clobber PASSED [ 21%]
tests/scripts/test_sentinel_go_validate.py::test_secret_scanner_detects_raw_and_encoded_values PASSED [ 23%]
tests/scripts/test_sentinel_go_validate.py::test_zip_with_extra_member_is_refused PASSED [ 24%]
tests/scripts/test_sentinel_go_validate.py::test_alpaca_probe_is_get_only_and_retains_no_raw_financial_values PASSED [ 25%]
tests/scripts/test_sentinel_go_validate.py::test_alpaca_probe_refuses_credentials_for_a_different_configured_account PASSED [ 26%]
tests/scripts/test_sentinel_go_validate.py::test_missing_command_becomes_a_nonzero_observation_not_an_exception PASSED [ 28%]
tests/scripts/test_sentinel_go_validate.py::test_git_probe_refreshes_origin_main_before_comparison[0-PASS] PASSED [ 29%]
tests/scripts/test_sentinel_go_validate.py::test_git_probe_refreshes_origin_main_before_comparison[1-FAIL] PASSED [ 30%]
tests/scripts/test_sentinel_go_validate.py::test_readiness_probe_code_enforces_read_only_and_never_saves_snapshot PASSED [ 32%]
tests/scripts/test_sentinel_go_validate.py::test_readiness_runs_exact_runtime_digest_and_requires_sharadar_authority PASSED [ 33%]
tests/scripts/test_sentinel_go_validate.py::test_database_health_probe_is_read_only_pinned_and_reports_exact_margin PASSED [ 34%]
tests/scripts/test_sentinel_go_validate.py::test_database_health_probe_fails_closed_on_timing_or_plan_margin PASSED [ 35%]
tests/scripts/test_sentinel_go_validate.py::test_active_wealth_parity_runs_candidate_in_read_only_compose_boundary[None] PASSED [ 37%]
tests/scripts/test_sentinel_go_validate.py::test_active_wealth_parity_runs_candidate_in_read_only_compose_boundary[100000] PASSED [ 38%]
tests/scripts/test_sentinel_go_validate.py::test_rolling_data_proof_cannot_grant_legacy_runtime_authority PASSED [ 39%]
tests/scripts/test_sentinel_go_validate.py::test_rolling_go_proof_requires_supported_runtime_and_exact_input_scope[None] PASSED [ 41%]
tests/scripts/test_sentinel_go_validate.py::test_rolling_go_proof_requires_supported_runtime_and_exact_input_scope[contract] PASSED [ 42%]
tests/scripts/test_sentinel_go_validate.py::test_rolling_go_proof_requires_supported_runtime_and_exact_input_scope[scope] PASSED [ 43%]
tests/scripts/test_sentinel_go_validate.py::test_rolling_go_proof_requires_supported_runtime_and_exact_input_scope[version] PASSED [ 44%]
tests/scripts/test_sentinel_go_validate.py::test_rolling_go_proof_requires_supported_runtime_and_exact_input_scope[snapshot] PASSED [ 46%]
tests/scripts/test_sentinel_go_validate.py::test_rolling_go_proof_requires_supported_runtime_and_exact_input_scope[identity] PASSED [ 47%]
tests/scripts/test_sentinel_go_validate.py::test_rolling_go_proof_requires_supported_runtime_and_exact_input_scope[authority] PASSED [ 48%]
tests/scripts/test_sentinel_go_validate.py::test_owned55_go_requires_the_formed_book_proof[None] PASSED [ 50%]
tests/scripts/test_sentinel_go_validate.py::test_owned55_go_requires_the_formed_book_proof[missing] PASSED [ 51%]
tests/scripts/test_sentinel_go_validate.py::test_owned55_go_requires_the_formed_book_proof[policy] PASSED [ 52%]
tests/scripts/test_sentinel_go_validate.py::test_owned55_go_requires_the_formed_book_proof[count] PASSED [ 53%]
tests/scripts/test_sentinel_go_validate.py::test_owned55_go_requires_the_formed_book_proof[state] PASSED [ 55%]
tests/scripts/test_sentinel_go_validate.py::test_owned55_go_requires_the_formed_book_proof[legacy_scope] PASSED [ 56%]
tests/scripts/test_sentinel_go_validate.py::test_shadow_configuration_digest_is_exact_runtime_contract PASSED [ 57%]
tests/scripts/test_sentinel_go_validate.py::test_shadow_configuration_rejects_invalid_model_inputs PASSED [ 58%]
tests/scripts/test_sentinel_go_validate.py::test_active_wealth_parity_refuses_a_non_read_only_report PASSED [ 60%]
tests/scripts/test_sentinel_go_validate.py::test_operational_parity_rejects_invalid_or_different_image_evidence[sha256:bbbbbbbbbbbbbbbbbbbbbbbbbbbbbbbbbbbbbbbbbbbbbbbbbbbbbbbbbbbbbbbb-path0-8888888888888888888888888888888888888888888888888888888888888888] PASSED [ 61%]
tests/scripts/test_sentinel_go_validate.py::test_operational_parity_rejects_invalid_or_different_image_evidence[sha256:bbbbbbbbbbbbbbbbbbbbbbbbbbbbbbbbbbbbbbbbbbbbbbbbbbbbbbbbbbbbbbbb-path1-8888888888888888888888888888888888888888888888888888888888888888] PASSED [ 62%]
tests/scripts/test_sentinel_go_validate.py::test_operational_parity_rejects_invalid_or_different_image_evidence[sha256:bbbbbbbbbbbbbbbbbbbbbbbbbbbbbbbbbbbbbbbbbbbbbbbbbbbbbbbbbbbbbbbb-path2-8888888888888888888888888888888888888888888888888888888888888888] PASSED [ 64%]
tests/scripts/test_sentinel_go_validate.py::test_operational_parity_rejects_invalid_or_different_image_evidence[sha256:bbbbbbbbbbbbbbbbbbbbbbbbbbbbbbbbbbbbbbbbbbbbbbbbbbbbbbbbbbbbbbbb-path3-8888888888888888888888888888888888888888888888888888888888888888] PASSED [ 65%]
tests/scripts/test_sentinel_go_validate.py::test_operational_parity_rejects_invalid_or_different_image_evidence[sha256:bbbbbbbbbbbbbbbbbbbbbbbbbbbbbbbbbbbbbbbbbbbbbbbbbbbbbbbbbbbbbbbb-path4-legacy-strategy] PASSED [ 66%]
tests/scripts/test_sentinel_go_validate.py::test_operational_parity_rejects_invalid_or_different_image_evidence[sha256:bbbbbbbbbbbbbbbbbbbbbbbbbbbbbbbbbbbbbbbbbbbbbbbbbbbbbbbbbbbbbbbb-path5-8888888888888888888888888888888888888888888888888888888888888888] PASSED [ 67%]
tests/scripts/test_sentinel_go_validate.py::test_operational_parity_rejects_invalid_or_different_image_evidence[sha256:bbbbbbbbbbbbbbbbbbbbbbbbbbbbbbbbbbbbbbbbbbbbbbbbbbbbbbbbbbbbbbbb-path6-different] PASSED [ 69%]
tests/scripts/test_sentinel_go_validate.py::test_operational_parity_rejects_invalid_or_different_image_evidence[sha256:bbbbbbbbbbbbbbbbbbbbbbbbbbbbbbbbbbbbbbbbbbbbbbbbbbbbbbbbbbbbbbbb-path7-8888888888888888888888888888888888888888] PASSED [ 70%]
tests/scripts/test_sentinel_go_validate.py::test_operational_parity_rejects_invalid_or_different_image_evidence[sha256:cccccccccccccccccccccccccccccccccccccccccccccccccccccccccccccccc-path8-8888888888888888888888888888888888888888888888888888888888888888] PASSED [ 71%]
tests/scripts/test_sentinel_go_validate.py::test_operational_parity_rejects_invalid_or_different_image_evidence[sha256:cccccccccccccccccccccccccccccccccccccccccccccccccccccccccccccccc-path9-251] PASSED [ 73%]
tests/scripts/test_sentinel_go_validate.py::test_operational_parity_rejects_invalid_or_different_image_evidence[sha256:cccccccccccccccccccccccccccccccccccccccccccccccccccccccccccccccc-path10-False] PASSED [ 74%]
tests/scripts/test_sentinel_go_validate.py::test_operational_parity_rejects_invalid_or_different_image_evidence[sha256:cccccccccccccccccccccccccccccccccccccccccccccccccccccccccccccccc-path11-value11] PASSED [ 75%]
tests/scripts/test_sentinel_go_validate.py::test_operational_parity_rejects_invalid_or_different_image_evidence[sha256:cccccccccccccccccccccccccccccccccccccccccccccccccccccccccccccccc-path12-malformed] PASSED [ 76%]
tests/scripts/test_sentinel_go_validate.py::test_operational_parity_rejects_invalid_or_different_image_evidence[sha256:cccccccccccccccccccccccccccccccccccccccccccccccccccccccccccccccc-path13-value13] PASSED [ 78%]
tests/scripts/test_sentinel_go_validate.py::test_operational_parity_reuses_identical_certified_image_and_binds_cash PASSED [ 79%]
tests/scripts/test_sentinel_go_validate.py::test_upgrade_preparation_uses_exact_runtime_without_broker_authority PASSED [ 80%]
tests/scripts/test_sentinel_go_validate.py::test_upgrade_preparation_without_sharadar_is_not_proven PASSED [ 82%]
tests/scripts/test_sentinel_go_validate.py::test_certified_probe_runs_all_three_merge_critical_suites_without_network PASSED [ 83%]
tests/scripts/test_sentinel_go_validate.py::test_certified_probe_treats_a_signal_terminated_suite_as_failure PASSED [ 84%]
tests/scripts/test_sentinel_go_validate.py::test_dev_cli_emits_no_go_bundle_without_docker_network_or_keys PASSED [ 85%]
tests/scripts/test_sentinel_go_validate.py::test_shell_launcher_never_sources_dotenv_or_echoes_credentials PASSED [ 87%]
tests/production_composition/test_go_database_preflight.py::test_real_cursor_loader_is_read_only[load_sep_cursor-False] PASSED [ 88%]
tests/production_composition/test_go_database_preflight.py::test_real_cursor_loader_is_read_only[load_sep_cursor-True] PASSED [ 89%]
tests/production_composition/test_go_database_preflight.py::test_real_cursor_loader_is_read_only[load_actions_cursor-False] PASSED [ 91%]
tests/production_composition/test_go_database_preflight.py::test_real_cursor_loader_is_read_only[load_actions_cursor-True] PASSED [ 92%]
tests/production_composition/test_go_database_preflight.py::test_real_cursor_loader_is_read_only[load_cursor-False] PASSED [ 93%]
tests/production_composition/test_go_database_preflight.py::test_real_cursor_loader_is_read_only[load_cursor-True] PASSED [ 94%]
tests/production_composition/test_go_database_preflight.py::test_bounded_lookup_requires_order_bounds_and_limit[idx_sentinel_bars_predecessor-Forward] PASSED [ 96%]
tests/production_composition/test_go_database_preflight.py::test_bounded_lookup_requires_order_bounds_and_limit[sentinel_bars_pkey-Backward] PASSED [ 97%]
tests/production_composition/test_go_database_preflight.py::test_plan_guard_distinguishes_metadata_and_price_history_sorts PASSED [ 98%]
tests/production_composition/test_go_database_preflight.py::test_real_predecessor_plan_with_publication_metadata PASSED [100%]

============================= 78 passed in 41.02s ==============================
