FROZEN_VALIDATION_SOURCE_SHA256=bd03dbfbb4588127710afc8fa63f884f07148983dc9402c029d22db767ec11eb
============================= test session starts ==============================
platform linux -- Python 3.12.13, pytest-8.4.2, pluggy-1.6.0 -- /usr/local/bin/python
rootdir: /tmp/repo
configfile: pytest.ini
plugins: asyncio-1.2.0, anyio-4.14.2
asyncio: mode=Mode.STRICT, debug=False, asyncio_default_fixture_loop_scope=None, asyncio_default_test_loop_scope=function
collecting ... collected 109 items

tests/scripts/test_sentinel_go_validate.py::test_gate_ids_and_bundle_members_are_exact_contract PASSED [  0%]
tests/scripts/test_sentinel_go_validate.py::test_shadow_and_paper_verdicts_are_independent PASSED [  1%]
tests/scripts/test_sentinel_go_validate.py::test_paper_go_requires_every_gate_to_pass PASSED [  2%]
tests/scripts/test_sentinel_go_validate.py::test_dual_run_requires_shadow_go_and_read_only_cash_only_paper_account PASSED [  3%]
tests/scripts/test_sentinel_go_validate.py::test_any_mutation_boundary_breach_blocks_both_verdicts[1-0] PASSED [  4%]
tests/scripts/test_sentinel_go_validate.py::test_any_mutation_boundary_breach_blocks_both_verdicts[0-1] PASSED [  5%]
tests/scripts/test_sentinel_go_validate.py::test_any_mutation_boundary_breach_blocks_both_verdicts[2-3] PASSED [  6%]
tests/scripts/test_sentinel_go_validate.py::test_development_input_can_never_authorize_deployment PASSED [  7%]
tests/scripts/test_sentinel_go_validate.py::test_prevalidation_preparation_is_required_for_both_verdicts PASSED [  8%]
tests/scripts/test_sentinel_go_validate.py::test_database_financial_health_is_an_independent_mandatory_gate PASSED [  9%]
tests/scripts/test_sentinel_go_validate.py::test_validation_reports_preparation_outside_zero_write_boundary PASSED [ 10%]
tests/scripts/test_sentinel_go_validate.py::test_bundle_contains_only_allowlisted_sanitized_members PASSED [ 11%]
tests/scripts/test_sentinel_go_validate.py::test_same_inputs_create_byte_identical_zip PASSED [ 11%]
tests/scripts/test_sentinel_go_validate.py::test_bundle_write_is_no_clobber PASSED [ 12%]
tests/scripts/test_sentinel_go_validate.py::test_secret_scanner_detects_raw_and_encoded_values PASSED [ 13%]
tests/scripts/test_sentinel_go_validate.py::test_zip_with_extra_member_is_refused PASSED [ 14%]
tests/scripts/test_sentinel_go_validate.py::test_alpaca_probe_is_get_only_and_retains_no_raw_financial_values PASSED [ 15%]
tests/scripts/test_sentinel_go_validate.py::test_alpaca_probe_refuses_credentials_for_a_different_configured_account PASSED [ 16%]
tests/scripts/test_sentinel_go_validate.py::test_missing_command_becomes_a_nonzero_observation_not_an_exception PASSED [ 17%]
tests/scripts/test_sentinel_go_validate.py::test_git_probe_refreshes_origin_main_before_comparison[0-PASS] PASSED [ 18%]
tests/scripts/test_sentinel_go_validate.py::test_git_probe_refreshes_origin_main_before_comparison[1-FAIL] PASSED [ 19%]
tests/scripts/test_sentinel_go_validate.py::test_readiness_probe_code_enforces_read_only_and_never_saves_snapshot PASSED [ 20%]
tests/scripts/test_sentinel_go_validate.py::test_readiness_runs_exact_runtime_digest_and_requires_sharadar_authority PASSED [ 21%]
tests/scripts/test_sentinel_go_validate.py::test_database_health_probe_is_read_only_pinned_and_reports_exact_margin PASSED [ 22%]
tests/scripts/test_sentinel_go_validate.py::test_database_health_probe_fails_closed_on_timing_or_plan_margin PASSED [ 22%]
tests/scripts/test_sentinel_go_validate.py::test_active_wealth_parity_runs_candidate_in_read_only_compose_boundary[None] PASSED [ 23%]
tests/scripts/test_sentinel_go_validate.py::test_active_wealth_parity_runs_candidate_in_read_only_compose_boundary[100000] PASSED [ 24%]
tests/scripts/test_sentinel_go_validate.py::test_rolling_data_proof_cannot_grant_legacy_runtime_authority PASSED [ 25%]
tests/scripts/test_sentinel_go_validate.py::test_rolling_go_proof_requires_supported_runtime_and_exact_input_scope[None] PASSED [ 26%]
tests/scripts/test_sentinel_go_validate.py::test_rolling_go_proof_requires_supported_runtime_and_exact_input_scope[contract] PASSED [ 27%]
tests/scripts/test_sentinel_go_validate.py::test_rolling_go_proof_requires_supported_runtime_and_exact_input_scope[scope] PASSED [ 28%]
tests/scripts/test_sentinel_go_validate.py::test_rolling_go_proof_requires_supported_runtime_and_exact_input_scope[version] PASSED [ 29%]
tests/scripts/test_sentinel_go_validate.py::test_rolling_go_proof_requires_supported_runtime_and_exact_input_scope[snapshot] PASSED [ 30%]
tests/scripts/test_sentinel_go_validate.py::test_rolling_go_proof_requires_supported_runtime_and_exact_input_scope[identity] PASSED [ 31%]
tests/scripts/test_sentinel_go_validate.py::test_rolling_go_proof_requires_supported_runtime_and_exact_input_scope[authority] PASSED [ 32%]
tests/scripts/test_sentinel_go_validate.py::test_owned55_go_requires_the_formed_book_proof[None] PASSED [ 33%]
tests/scripts/test_sentinel_go_validate.py::test_owned55_go_requires_the_formed_book_proof[missing] PASSED [ 33%]
tests/scripts/test_sentinel_go_validate.py::test_owned55_go_requires_the_formed_book_proof[policy] PASSED [ 34%]
tests/scripts/test_sentinel_go_validate.py::test_owned55_go_requires_the_formed_book_proof[count] PASSED [ 35%]
tests/scripts/test_sentinel_go_validate.py::test_owned55_go_requires_the_formed_book_proof[state] PASSED [ 36%]
tests/scripts/test_sentinel_go_validate.py::test_owned55_go_requires_the_formed_book_proof[legacy_scope] PASSED [ 37%]
tests/scripts/test_sentinel_go_validate.py::test_shadow_configuration_digest_is_exact_runtime_contract PASSED [ 38%]
tests/scripts/test_sentinel_go_validate.py::test_shadow_configuration_rejects_invalid_model_inputs PASSED [ 39%]
tests/scripts/test_sentinel_go_validate.py::test_active_wealth_parity_refuses_a_non_read_only_report PASSED [ 40%]
tests/scripts/test_sentinel_go_validate.py::test_operational_parity_rejects_invalid_or_different_image_evidence[sha256:bbbbbbbbbbbbbbbbbbbbbbbbbbbbbbbbbbbbbbbbbbbbbbbbbbbbbbbbbbbbbbbb-path0-8888888888888888888888888888888888888888888888888888888888888888] PASSED [ 41%]
tests/scripts/test_sentinel_go_validate.py::test_operational_parity_rejects_invalid_or_different_image_evidence[sha256:bbbbbbbbbbbbbbbbbbbbbbbbbbbbbbbbbbbbbbbbbbbbbbbbbbbbbbbbbbbbbbbb-path1-8888888888888888888888888888888888888888888888888888888888888888] PASSED [ 42%]
tests/scripts/test_sentinel_go_validate.py::test_operational_parity_rejects_invalid_or_different_image_evidence[sha256:bbbbbbbbbbbbbbbbbbbbbbbbbbbbbbbbbbbbbbbbbbbbbbbbbbbbbbbbbbbbbbbb-path2-8888888888888888888888888888888888888888888888888888888888888888] PASSED [ 43%]
tests/scripts/test_sentinel_go_validate.py::test_operational_parity_rejects_invalid_or_different_image_evidence[sha256:bbbbbbbbbbbbbbbbbbbbbbbbbbbbbbbbbbbbbbbbbbbbbbbbbbbbbbbbbbbbbbbb-path3-8888888888888888888888888888888888888888888888888888888888888888] PASSED [ 44%]
tests/scripts/test_sentinel_go_validate.py::test_operational_parity_rejects_invalid_or_different_image_evidence[sha256:bbbbbbbbbbbbbbbbbbbbbbbbbbbbbbbbbbbbbbbbbbbbbbbbbbbbbbbbbbbbbbbb-path4-legacy-strategy] PASSED [ 44%]
tests/scripts/test_sentinel_go_validate.py::test_operational_parity_rejects_invalid_or_different_image_evidence[sha256:bbbbbbbbbbbbbbbbbbbbbbbbbbbbbbbbbbbbbbbbbbbbbbbbbbbbbbbbbbbbbbbb-path5-8888888888888888888888888888888888888888888888888888888888888888] PASSED [ 45%]
tests/scripts/test_sentinel_go_validate.py::test_operational_parity_rejects_invalid_or_different_image_evidence[sha256:bbbbbbbbbbbbbbbbbbbbbbbbbbbbbbbbbbbbbbbbbbbbbbbbbbbbbbbbbbbbbbbb-path6-different] PASSED [ 46%]
tests/scripts/test_sentinel_go_validate.py::test_operational_parity_rejects_invalid_or_different_image_evidence[sha256:bbbbbbbbbbbbbbbbbbbbbbbbbbbbbbbbbbbbbbbbbbbbbbbbbbbbbbbbbbbbbbbb-path7-8888888888888888888888888888888888888888] PASSED [ 47%]
tests/scripts/test_sentinel_go_validate.py::test_operational_parity_rejects_invalid_or_different_image_evidence[sha256:cccccccccccccccccccccccccccccccccccccccccccccccccccccccccccccccc-path8-8888888888888888888888888888888888888888888888888888888888888888] PASSED [ 48%]
tests/scripts/test_sentinel_go_validate.py::test_operational_parity_rejects_invalid_or_different_image_evidence[sha256:cccccccccccccccccccccccccccccccccccccccccccccccccccccccccccccccc-path9-251] PASSED [ 49%]
tests/scripts/test_sentinel_go_validate.py::test_operational_parity_rejects_invalid_or_different_image_evidence[sha256:cccccccccccccccccccccccccccccccccccccccccccccccccccccccccccccccc-path10-False] PASSED [ 50%]
tests/scripts/test_sentinel_go_validate.py::test_operational_parity_rejects_invalid_or_different_image_evidence[sha256:cccccccccccccccccccccccccccccccccccccccccccccccccccccccccccccccc-path11-value11] PASSED [ 51%]
tests/scripts/test_sentinel_go_validate.py::test_operational_parity_rejects_invalid_or_different_image_evidence[sha256:cccccccccccccccccccccccccccccccccccccccccccccccccccccccccccccccc-path12-malformed] PASSED [ 52%]
tests/scripts/test_sentinel_go_validate.py::test_operational_parity_rejects_invalid_or_different_image_evidence[sha256:cccccccccccccccccccccccccccccccccccccccccccccccccccccccccccccccc-path13-value13] PASSED [ 53%]
tests/scripts/test_sentinel_go_validate.py::test_operational_parity_reuses_identical_certified_image_and_binds_cash PASSED [ 54%]
tests/scripts/test_sentinel_go_validate.py::test_upgrade_preparation_uses_exact_runtime_without_broker_authority PASSED [ 55%]
tests/scripts/test_sentinel_go_validate.py::test_upgrade_preparation_without_sharadar_is_not_proven PASSED [ 55%]
tests/scripts/test_sentinel_go_validate.py::test_certified_probe_runs_all_three_merge_critical_suites_without_network PASSED [ 56%]
tests/scripts/test_sentinel_go_validate.py::test_certified_probe_treats_a_signal_terminated_suite_as_failure PASSED [ 57%]
tests/scripts/test_sentinel_go_validate.py::test_dev_cli_emits_no_go_bundle_without_docker_network_or_keys PASSED [ 58%]
tests/scripts/test_sentinel_go_validate.py::test_shell_launcher_never_sources_dotenv_or_echoes_credentials PASSED [ 59%]
tests/scripts/test_sentinel_go_suites.py::test_any_incomplete_partition_blocks_go[-9-10 passed in 1s-general] PASSED [ 60%]
tests/scripts/test_sentinel_go_suites.py::test_any_incomplete_partition_blocks_go[-9-10 passed in 1s-rolling] PASSED [ 61%]
tests/scripts/test_sentinel_go_suites.py::test_any_incomplete_partition_blocks_go[-9-10 passed in 1s-warmup] PASSED [ 62%]
tests/scripts/test_sentinel_go_suites.py::test_any_incomplete_partition_blocks_go[-9-10 passed in 1s-automation] PASSED [ 63%]
tests/scripts/test_sentinel_go_suites.py::test_any_incomplete_partition_blocks_go[1-9 passed, 1 failed in 1s-general] PASSED [ 64%]
tests/scripts/test_sentinel_go_suites.py::test_any_incomplete_partition_blocks_go[1-9 passed, 1 failed in 1s-rolling] PASSED [ 65%]
tests/scripts/test_sentinel_go_suites.py::test_any_incomplete_partition_blocks_go[1-9 passed, 1 failed in 1s-warmup] PASSED [ 66%]
tests/scripts/test_sentinel_go_suites.py::test_any_incomplete_partition_blocks_go[1-9 passed, 1 failed in 1s-automation] PASSED [ 66%]
tests/scripts/test_sentinel_go_suites.py::test_any_incomplete_partition_blocks_go[0--general] PASSED [ 67%]
tests/scripts/test_sentinel_go_suites.py::test_any_incomplete_partition_blocks_go[0--rolling] PASSED [ 68%]
tests/scripts/test_sentinel_go_suites.py::test_any_incomplete_partition_blocks_go[0--warmup] PASSED [ 69%]
tests/scripts/test_sentinel_go_suites.py::test_any_incomplete_partition_blocks_go[0--automation] PASSED [ 70%]
tests/scripts/test_sentinel_go_suites.py::test_any_incomplete_partition_blocks_go[0-1 skipped in 1s-general] PASSED [ 71%]
tests/scripts/test_sentinel_go_suites.py::test_any_incomplete_partition_blocks_go[0-1 skipped in 1s-rolling] PASSED [ 72%]
tests/scripts/test_sentinel_go_suites.py::test_any_incomplete_partition_blocks_go[0-1 skipped in 1s-warmup] PASSED [ 73%]
tests/scripts/test_sentinel_go_suites.py::test_any_incomplete_partition_blocks_go[0-1 skipped in 1s-automation] PASSED [ 74%]
tests/scripts/test_sentinel_go_suites.py::test_any_incomplete_partition_blocks_go[0-9 passed, 1 xfailed in 1s-general] PASSED [ 75%]
tests/scripts/test_sentinel_go_suites.py::test_any_incomplete_partition_blocks_go[0-9 passed, 1 xfailed in 1s-rolling] PASSED [ 76%]
tests/scripts/test_sentinel_go_suites.py::test_any_incomplete_partition_blocks_go[0-9 passed, 1 xfailed in 1s-warmup] PASSED [ 77%]
tests/scripts/test_sentinel_go_suites.py::test_any_incomplete_partition_blocks_go[0-9 passed, 1 xfailed in 1s-automation] PASSED [ 77%]
tests/scripts/test_sentinel_go_suites.py::test_any_incomplete_partition_blocks_go[0-9 passed, 1 xpassed in 1s-general] PASSED [ 78%]
tests/scripts/test_sentinel_go_suites.py::test_any_incomplete_partition_blocks_go[0-9 passed, 1 xpassed in 1s-rolling] PASSED [ 79%]
tests/scripts/test_sentinel_go_suites.py::test_any_incomplete_partition_blocks_go[0-9 passed, 1 xpassed in 1s-warmup] PASSED [ 80%]
tests/scripts/test_sentinel_go_suites.py::test_any_incomplete_partition_blocks_go[0-9 passed, 1 xpassed in 1s-automation] PASSED [ 81%]
tests/scripts/test_sentinel_go_suites.py::test_any_incomplete_partition_blocks_go[0-9 passed, 1 error in 1s-general] PASSED [ 82%]
tests/scripts/test_sentinel_go_suites.py::test_any_incomplete_partition_blocks_go[0-9 passed, 1 error in 1s-rolling] PASSED [ 83%]
tests/scripts/test_sentinel_go_suites.py::test_any_incomplete_partition_blocks_go[0-9 passed, 1 error in 1s-warmup] PASSED [ 84%]
tests/scripts/test_sentinel_go_suites.py::test_any_incomplete_partition_blocks_go[0-9 passed, 1 error in 1s-automation] PASSED [ 85%]
tests/scripts/test_sentinel_go_suites.py::test_partition_plugin_covers_unknown_and_nested_modules_once PASSED [ 86%]
tests/scripts/test_sentinel_single_runtime_go_build.py::test_production_go_certification_builds_runtime_then_test_lens_only[probe_certified_suite] PASSED [ 87%]
tests/scripts/test_sentinel_single_runtime_go_build.py::test_production_go_certification_builds_runtime_then_test_lens_only[certify_local_full] PASSED [ 88%]
tests/scripts/test_sentinel_go_ci_runtime.py::test_cached_exact_registry_digest_is_reused_without_pull PASSED [ 88%]
tests/scripts/test_sentinel_go_ci_runtime.py::test_runtime_requires_current_operational_parity_helper[True] PASSED [ 89%]
tests/scripts/test_sentinel_go_ci_runtime.py::test_runtime_requires_current_operational_parity_helper[False] PASSED [ 90%]
tests/scripts/test_sentinel_go_ci_runtime.py::test_missing_exact_registry_digest_is_pulled_then_bound PASSED [ 91%]
tests/scripts/test_sentinel_go_ci_runtime.py::test_wrong_cached_repo_digest_refuses PASSED [ 92%]
tests/scripts/test_sentinel_go_ci_runtime.py::test_wrong_certificate_reference_digest_refuses_before_docker PASSED [ 93%]
tests/scripts/test_sentinel_go_ci_runtime.py::test_current_run_binding_cannot_be_reused_by_another_go_invocation PASSED [ 94%]
tests/scripts/test_sentinel_go_ci_runtime.py::test_verifier_refusal_fails_software_certification_gate PASSED [ 95%]
tests/scripts/test_sentinel_go_ci_runtime.py::test_test_count_read_is_pinned_to_already_verified_publication PASSED [ 96%]
tests/scripts/test_sentinel_go_ci_runtime.py::test_local_full_build_graph_has_one_runtime_and_one_test_lens_only PASSED [ 97%]
tests/scripts/test_sentinel_go_ci_runtime.py::test_default_launcher_uses_ci_and_local_full_is_explicit PASSED [ 98%]
tests/scripts/test_sentinel_go_ci_runtime.py::test_ci_promotion_selects_registry_digest_only_after_target_proof PASSED [ 99%]
tests/scripts/test_sentinel_go_ci_runtime.py::test_compose_pointer_accepts_registry_digest_and_rejects_mutable_tag PASSED [100%]

============================= 109 passed in 0.46s ==============================
