FROZEN_VALIDATION_SOURCE_SHA256=546e4842d9024a9b43da7782eeb40f9e5c6053eaaf90a5c3cef0694af17ef9b9
observation_cold_proof_allowed KILLED
MUTATION_RESULTS=[
  {
    "name": "observation_cold_proof_allowed",
    "killed": true,
    "returncode": 1,
    "command": [
      "/usr/local/bin/python",
      "-B",
      "-m",
      "pytest",
      "tests/sentinel/test_rolling_admission_readers.py::test_owned_candidate_and_issuer_refuse_rehashed_cold_warmup",
      "-q",
      "--tb=short",
      "-p",
      "no:cacheprovider"
    ]
  }
]
MUTATION_LOG=observation_cold_proof_allowed.baseline.log
.                                                                        [100%]
1 passed in 19.04s

MUTATION_LOG=observation_cold_proof_allowed.log
F                                                                        [100%]
=================================== FAILURES ===================================
_________ test_owned_candidate_and_issuer_refuse_rehashed_cold_warmup __________
tests/sentinel/test_rolling_admission_readers.py:100: in test_owned_candidate_and_issuer_refuse_rehashed_cold_warmup
    with pytest.raises(authority.AuthorityRefused, match='formed startup proof'):
         ^^^^^^^^^^^^^^^^^^^^^^^^^^^^^^^^^^^^^^^^^^^^^^^^^^^^^^^^^^^^^^^^^^^^^^^
E   Failed: DID NOT RAISE <class 'sentinel.authority.model.AuthorityRefused'>
---------------------------- Captured stderr setup -----------------------------
SENTINEL_FEED_PROGRESS={"elapsed_ms": 0, "job_id": "6afc91d4-66b6-4cd3-973e-ab7576c32c81", "rows": 0, "stage": "rolling_identity", "status": "started", "subphase": "alias_discovery"}
SENTINEL_FEED_PROGRESS={"elapsed_ms": 0, "job_id": "6afc91d4-66b6-4cd3-973e-ab7576c32c81", "rows": 5000, "stage": "rolling_identity", "status": "working", "subphase": "alias_discovery"}
SENTINEL_FEED_PROGRESS={"elapsed_ms": 197, "job_id": "6afc91d4-66b6-4cd3-973e-ab7576c32c81", "rows": 9475, "stage": "rolling_identity", "status": "completed", "subphase": "alias_discovery"}
SENTINEL_FEED_PROGRESS={"elapsed_ms": 0, "job_id": "6afc91d4-66b6-4cd3-973e-ab7576c32c81", "rows": 0, "stage": "rolling_identity", "status": "started", "subphase": "independent_coverage"}
SENTINEL_FEED_PROGRESS={"elapsed_ms": 0, "job_id": "6afc91d4-66b6-4cd3-973e-ab7576c32c81", "rows": 5000, "stage": "rolling_identity", "status": "working", "subphase": "independent_coverage"}
SENTINEL_FEED_PROGRESS={"elapsed_ms": 195, "job_id": "6afc91d4-66b6-4cd3-973e-ab7576c32c81", "rows": 9475, "stage": "rolling_identity", "status": "completed", "subphase": "independent_coverage"}
SENTINEL_FEED_PROGRESS={"elapsed_ms": 0, "job_id": "6afc91d4-66b6-4cd3-973e-ab7576c32c81", "rows": 0, "stage": "rolling_normalization", "status": "started"}
SENTINEL_FEED_PROGRESS={"elapsed_ms": 0, "job_id": "6afc91d4-66b6-4cd3-973e-ab7576c32c81", "rows": 5000, "stage": "rolling_normalization", "status": "working"}
SENTINEL_FEED_PROGRESS={"elapsed_ms": 0, "job_id": "6afc91d4-66b6-4cd3-973e-ab7576c32c81", "rows": 9475, "stage": "rolling_normalization", "status": "working"}
SENTINEL_FEED_PROGRESS={"elapsed_ms": 506, "job_id": "6afc91d4-66b6-4cd3-973e-ab7576c32c81", "rows": 9475, "stage": "rolling_normalization", "status": "completed"}
SENTINEL_FEED_PROGRESS={"elapsed_ms": 0, "job_id": "6afc91d4-66b6-4cd3-973e-ab7576c32c81", "rows": 0, "stage": "rolling_seal", "status": "started"}
SENTINEL_FEED_PROGRESS={"elapsed_ms": 125, "job_id": "6afc91d4-66b6-4cd3-973e-ab7576c32c81", "rows": 9475, "stage": "rolling_seal", "status": "completed"}
SENTINEL_FEED_PROGRESS={"elapsed_ms": 0, "job_id": "6afc91d4-66b6-4cd3-973e-ab7576c32c81", "rows": 0, "stage": "rolling_operational_validation", "status": "started"}
SENTINEL_FEED_PROGRESS={"elapsed_ms": 180, "job_id": "6afc91d4-66b6-4cd3-973e-ab7576c32c81", "rows": 0, "stage": "rolling_operational_validation", "status": "completed"}
SENTINEL_FEED_PROGRESS={"elapsed_ms": 0, "job_id": "6afc91d4-66b6-4cd3-973e-ab7576c32c81", "rows": 0, "stage": "rolling_operational_publication", "status": "started"}
SENTINEL_FEED_PROGRESS={"elapsed_ms": 56, "job_id": "6afc91d4-66b6-4cd3-973e-ab7576c32c81", "rows": 0, "stage": "rolling_operational_publication", "status": "completed"}
=========================== short test summary info ============================
FAILED tests/sentinel/test_rolling_admission_readers.py::test_owned_candidate_and_issuer_refuse_rehashed_cold_warmup
1 failed in 18.54s
