FROZEN_VALIDATION_SOURCE_SHA256=546e4842d9024a9b43da7782eeb40f9e5c6053eaaf90a5c3cef0694af17ef9b9
observation_cold_fallback KILLED
MUTATION_RESULTS=[
  {
    "name": "observation_cold_fallback",
    "killed": true,
    "returncode": 1,
    "command": [
      "/usr/local/bin/python",
      "-B",
      "-m",
      "pytest",
      "tests/sentinel/test_rolling_admission_readers.py::test_warmup_is_the_selected_canonical_production_transition",
      "-q",
      "--tb=short",
      "-p",
      "no:cacheprovider"
    ]
  }
]
MUTATION_LOG=observation_cold_fallback.baseline.log
.                                                                        [100%]
1 passed in 45.31s

MUTATION_LOG=observation_cold_fallback.log
F                                                                        [100%]
=================================== FAILURES ===================================
_________ test_warmup_is_the_selected_canonical_production_transition __________
tests/sentinel/test_rolling_admission_readers.py:66: in test_warmup_is_the_selected_canonical_production_transition
    evidence = observation.current_warmup_evidence(conn, starting_cash=100000)
               ^^^^^^^^^^^^^^^^^^^^^^^^^^^^^^^^^^^^^^^^^^^^^^^^^^^^^^^^^^^^^^^
sentinel/observation_authority.py:272: in current_warmup_evidence
    observation_startup.require(record, strategy_sha256=canonical_sha256(strategy),
sentinel/observation_startup.py:29: in require
    raise AuthorityRefused('Owned55 observation requires the current formed startup proof')
E   sentinel.authority.model.AuthorityRefused: Owned55 observation requires the current formed startup proof
---------------------------- Captured stderr setup -----------------------------
SENTINEL_FEED_PROGRESS={"elapsed_ms": 0, "job_id": "8f61a954-36d1-45c6-9f7c-9c2faae4c1bc", "rows": 0, "stage": "rolling_identity", "status": "started", "subphase": "alias_discovery"}
SENTINEL_FEED_PROGRESS={"elapsed_ms": 0, "job_id": "8f61a954-36d1-45c6-9f7c-9c2faae4c1bc", "rows": 5000, "stage": "rolling_identity", "status": "working", "subphase": "alias_discovery"}
SENTINEL_FEED_PROGRESS={"elapsed_ms": 202, "job_id": "8f61a954-36d1-45c6-9f7c-9c2faae4c1bc", "rows": 9475, "stage": "rolling_identity", "status": "completed", "subphase": "alias_discovery"}
SENTINEL_FEED_PROGRESS={"elapsed_ms": 0, "job_id": "8f61a954-36d1-45c6-9f7c-9c2faae4c1bc", "rows": 0, "stage": "rolling_identity", "status": "started", "subphase": "independent_coverage"}
SENTINEL_FEED_PROGRESS={"elapsed_ms": 0, "job_id": "8f61a954-36d1-45c6-9f7c-9c2faae4c1bc", "rows": 5000, "stage": "rolling_identity", "status": "working", "subphase": "independent_coverage"}
SENTINEL_FEED_PROGRESS={"elapsed_ms": 199, "job_id": "8f61a954-36d1-45c6-9f7c-9c2faae4c1bc", "rows": 9475, "stage": "rolling_identity", "status": "completed", "subphase": "independent_coverage"}
SENTINEL_FEED_PROGRESS={"elapsed_ms": 0, "job_id": "8f61a954-36d1-45c6-9f7c-9c2faae4c1bc", "rows": 0, "stage": "rolling_normalization", "status": "started"}
SENTINEL_FEED_PROGRESS={"elapsed_ms": 0, "job_id": "8f61a954-36d1-45c6-9f7c-9c2faae4c1bc", "rows": 5000, "stage": "rolling_normalization", "status": "working"}
SENTINEL_FEED_PROGRESS={"elapsed_ms": 0, "job_id": "8f61a954-36d1-45c6-9f7c-9c2faae4c1bc", "rows": 9475, "stage": "rolling_normalization", "status": "working"}
SENTINEL_FEED_PROGRESS={"elapsed_ms": 526, "job_id": "8f61a954-36d1-45c6-9f7c-9c2faae4c1bc", "rows": 9475, "stage": "rolling_normalization", "status": "completed"}
SENTINEL_FEED_PROGRESS={"elapsed_ms": 0, "job_id": "8f61a954-36d1-45c6-9f7c-9c2faae4c1bc", "rows": 0, "stage": "rolling_seal", "status": "started"}
SENTINEL_FEED_PROGRESS={"elapsed_ms": 125, "job_id": "8f61a954-36d1-45c6-9f7c-9c2faae4c1bc", "rows": 9475, "stage": "rolling_seal", "status": "completed"}
SENTINEL_FEED_PROGRESS={"elapsed_ms": 0, "job_id": "8f61a954-36d1-45c6-9f7c-9c2faae4c1bc", "rows": 0, "stage": "rolling_operational_validation", "status": "started"}
SENTINEL_FEED_PROGRESS={"elapsed_ms": 187, "job_id": "8f61a954-36d1-45c6-9f7c-9c2faae4c1bc", "rows": 0, "stage": "rolling_operational_validation", "status": "completed"}
SENTINEL_FEED_PROGRESS={"elapsed_ms": 0, "job_id": "8f61a954-36d1-45c6-9f7c-9c2faae4c1bc", "rows": 0, "stage": "rolling_operational_publication", "status": "started"}
SENTINEL_FEED_PROGRESS={"elapsed_ms": 68, "job_id": "8f61a954-36d1-45c6-9f7c-9c2faae4c1bc", "rows": 0, "stage": "rolling_operational_publication", "status": "completed"}
=========================== short test summary info ============================
FAILED tests/sentinel/test_rolling_admission_readers.py::test_warmup_is_the_selected_canonical_production_transition
1 failed in 10.55s
