FROZEN_VALIDATION_SOURCE_SHA256=8030785a418d9824309dbaca76b9828d804e1712d74be57101bbab01eb21a89e
go_false_sensitivity_claim KILLED
MUTATION_RESULTS=[
  {
    "name": "go_false_sensitivity_claim",
    "killed": true,
    "returncode": 1,
    "command": [
      "/usr/local/bin/python",
      "-B",
      "-m",
      "pytest",
      "tests/production_composition/test_internal_go_stage_faults.py::test_positive_campaign_cannot_claim_sensitivity",
      "-q",
      "--tb=short",
      "-p",
      "no:cacheprovider"
    ]
  }
]
MUTATION_LOG=go_false_sensitivity_claim.baseline.log
.                                                                        [100%]
1 passed in 0.10s

MUTATION_LOG=go_false_sensitivity_claim.log
F                                                                        [100%]
=================================== FAILURES ===================================
_______________ test_positive_campaign_cannot_claim_sensitivity ________________
tests/production_composition/test_internal_go_stage_faults.py:89: in test_positive_campaign_cannot_claim_sensitivity
    audit.run(output=tmp_path / "evidence.json", sensitivity=True, sensitivity_group="positive")
tools/production_go_e2e_audit.py:497: in run
    commit = base._git_head()
             ^^^^^^^^^^^^^^^^
tests/production_composition/test_internal_go_stage_faults.py:87: in <lambda>
    monkeypatch.setattr(audit.base, "_git_head", lambda: pytest.fail("invalid campaign reached GO setup"))
                                                         ^^^^^^^^^^^^^^^^^^^^^^^^^^^^^^^^^^^^^^^^^^^^^^^^
E   Failed: invalid campaign reached GO setup
=========================== short test summary info ============================
FAILED tests/production_composition/test_internal_go_stage_faults.py::test_positive_campaign_cannot_claim_sensitivity
1 failed in 0.13s
