FROZEN_VALIDATION_SOURCE_SHA256=8030785a418d9824309dbaca76b9828d804e1712d74be57101bbab01eb21a89e
go_disconnected_readiness_fault KILLED
MUTATION_RESULTS=[
  {
    "name": "go_disconnected_readiness_fault",
    "killed": true,
    "returncode": 1,
    "command": [
      "/usr/local/bin/python",
      "-B",
      "-m",
      "pytest",
      "tests/production_composition/test_internal_go_stage_faults.py::test_rolling_fault_reaches_the_production_call_site[sharadar-readiness-readiness]",
      "-q",
      "--tb=short",
      "-p",
      "no:cacheprovider"
    ]
  }
]
MUTATION_LOG=go_disconnected_readiness_fault.baseline.log
.                                                                        [100%]
1 passed in 0.44s

MUTATION_LOG=go_disconnected_readiness_fault.log
F                                                                        [100%]
=================================== FAILURES ===================================
_ test_rolling_fault_reaches_the_production_call_site[sharadar-readiness-readiness] _
tests/production_composition/test_internal_go_stage_faults.py:78: in test_rolling_fault_reaches_the_production_call_site
    with pytest.raises(RuntimeError, match="E2E_STAGE_FAULT:" + fault):
         ^^^^^^^^^^^^^^^^^^^^^^^^^^^^^^^^^^^^^^^^^^^^^^^^^^^^^^^^^^^^^
E   Failed: DID NOT RAISE <class 'RuntimeError'>
=========================== short test summary info ============================
FAILED tests/production_composition/test_internal_go_stage_faults.py::test_rolling_fault_reaches_the_production_call_site[sharadar-readiness-readiness]
1 failed in 0.49s
