FROZEN_VALIDATION_SOURCE_SHA256=1b4659e149a9b51ea7e4031e146a85da36a348f8461776f611000da67a61c8bd
============================= test session starts ==============================
platform linux -- Python 3.12.13, pytest-8.4.2, pluggy-1.6.0 -- /usr/local/bin/python
rootdir: /tmp/repo
configfile: pytest.ini
plugins: asyncio-1.2.0, anyio-4.14.2
asyncio: mode=Mode.STRICT, debug=False, asyncio_default_fixture_loop_scope=None, asyncio_default_test_loop_scope=function
collecting ... collected 1 item

tests/sentinel/test_rolling_admission_readers.py::test_warmup_is_the_selected_canonical_production_transition FAILED [100%]

=================================== FAILURES ===================================
_________ test_warmup_is_the_selected_canonical_production_transition __________
tests/sentinel/test_rolling_admission_readers.py:77: in test_warmup_is_the_selected_canonical_production_transition
    assert not actual.wealth_core["episodes"] and actual.wealth_core["cash"] == 100000
E   AssertionError: assert (not {'0': {'current_shares': 24, 'entry_date': '2026-03-16', 'entry_raw_open': 202.64, 'entry_split_adjusted_price': 101.32, ...}, '1': {'current_shares': 24, 'entry_date': '2026-03-16', 'entry_raw_open': 202.58, 'entry_split_adjusted_price': 101.29, ...}, '10': {'current_shares': 24, 'entry_date': '2026-03-16', 'entry_raw_open': 202.04, 'entry_split_adjusted_price': 101.02, ...}, '11': {'current_shares': 24, 'entry_date': '2026-03-16', 'entry_raw_open': 201.98, 'entry_split_adjusted_price': 100.99, ...}, ...})
---------------------------- Captured stderr setup -----------------------------
SENTINEL_FEED_PROGRESS={"elapsed_ms": 0, "job_id": "707ec06e-f620-4d16-9541-9ffa9a67a657", "rows": 0, "stage": "rolling_identity", "status": "started", "subphase": "alias_discovery"}
SENTINEL_FEED_PROGRESS={"elapsed_ms": 0, "job_id": "707ec06e-f620-4d16-9541-9ffa9a67a657", "rows": 5000, "stage": "rolling_identity", "status": "working", "subphase": "alias_discovery"}
SENTINEL_FEED_PROGRESS={"elapsed_ms": 202, "job_id": "707ec06e-f620-4d16-9541-9ffa9a67a657", "rows": 9475, "stage": "rolling_identity", "status": "completed", "subphase": "alias_discovery"}
SENTINEL_FEED_PROGRESS={"elapsed_ms": 0, "job_id": "707ec06e-f620-4d16-9541-9ffa9a67a657", "rows": 0, "stage": "rolling_identity", "status": "started", "subphase": "independent_coverage"}
SENTINEL_FEED_PROGRESS={"elapsed_ms": 0, "job_id": "707ec06e-f620-4d16-9541-9ffa9a67a657", "rows": 5000, "stage": "rolling_identity", "status": "working", "subphase": "independent_coverage"}
SENTINEL_FEED_PROGRESS={"elapsed_ms": 196, "job_id": "707ec06e-f620-4d16-9541-9ffa9a67a657", "rows": 9475, "stage": "rolling_identity", "status": "completed", "subphase": "independent_coverage"}
SENTINEL_FEED_PROGRESS={"elapsed_ms": 0, "job_id": "707ec06e-f620-4d16-9541-9ffa9a67a657", "rows": 0, "stage": "rolling_normalization", "status": "started"}
SENTINEL_FEED_PROGRESS={"elapsed_ms": 0, "job_id": "707ec06e-f620-4d16-9541-9ffa9a67a657", "rows": 5000, "stage": "rolling_normalization", "status": "working"}
SENTINEL_FEED_PROGRESS={"elapsed_ms": 0, "job_id": "707ec06e-f620-4d16-9541-9ffa9a67a657", "rows": 9475, "stage": "rolling_normalization", "status": "working"}
SENTINEL_FEED_PROGRESS={"elapsed_ms": 515, "job_id": "707ec06e-f620-4d16-9541-9ffa9a67a657", "rows": 9475, "stage": "rolling_normalization", "status": "completed"}
SENTINEL_FEED_PROGRESS={"elapsed_ms": 0, "job_id": "707ec06e-f620-4d16-9541-9ffa9a67a657", "rows": 0, "stage": "rolling_seal", "status": "started"}
SENTINEL_FEED_PROGRESS={"elapsed_ms": 121, "job_id": "707ec06e-f620-4d16-9541-9ffa9a67a657", "rows": 9475, "stage": "rolling_seal", "status": "completed"}
SENTINEL_FEED_PROGRESS={"elapsed_ms": 0, "job_id": "707ec06e-f620-4d16-9541-9ffa9a67a657", "rows": 0, "stage": "rolling_operational_validation", "status": "started"}
SENTINEL_FEED_PROGRESS={"elapsed_ms": 183, "job_id": "707ec06e-f620-4d16-9541-9ffa9a67a657", "rows": 0, "stage": "rolling_operational_validation", "status": "completed"}
SENTINEL_FEED_PROGRESS={"elapsed_ms": 0, "job_id": "707ec06e-f620-4d16-9541-9ffa9a67a657", "rows": 0, "stage": "rolling_operational_publication", "status": "started"}
SENTINEL_FEED_PROGRESS={"elapsed_ms": 54, "job_id": "707ec06e-f620-4d16-9541-9ffa9a67a657", "rows": 0, "stage": "rolling_operational_publication", "status": "completed"}
----------------------------- Captured stderr call -----------------------------
SENTINEL_FEED_PROGRESS={"elapsed_ms": 0, "required_sessions": 126, "rows": 0, "sessions": 0, "stage": "historical_formation", "status": "started"}
SENTINEL_FEED_PROGRESS={"elapsed_ms": 0, "required_sessions": 126, "rows": 0, "session": "2026-03-26", "sessions": 10, "stage": "historical_formation", "status": "working"}
SENTINEL_FEED_PROGRESS={"elapsed_ms": 0, "required_sessions": 126, "rows": 0, "session": "2026-04-10", "sessions": 20, "stage": "historical_formation", "status": "working"}
SENTINEL_FEED_PROGRESS={"elapsed_ms": 0, "required_sessions": 126, "rows": 0, "session": "2026-04-24", "sessions": 30, "stage": "historical_formation", "status": "working"}
SENTINEL_FEED_PROGRESS={"elapsed_ms": 0, "required_sessions": 126, "rows": 0, "session": "2026-05-08", "sessions": 40, "stage": "historical_formation", "status": "working"}
SENTINEL_FEED_PROGRESS={"elapsed_ms": 0, "required_sessions": 126, "rows": 0, "session": "2026-05-22", "sessions": 50, "stage": "historical_formation", "status": "working"}
SENTINEL_FEED_PROGRESS={"elapsed_ms": 0, "required_sessions": 126, "rows": 0, "session": "2026-06-08", "sessions": 60, "stage": "historical_formation", "status": "working"}
SENTINEL_FEED_PROGRESS={"elapsed_ms": 0, "required_sessions": 126, "rows": 0, "session": "2026-06-23", "sessions": 70, "stage": "historical_formation", "status": "working"}
SENTINEL_FEED_PROGRESS={"elapsed_ms": 0, "required_sessions": 126, "rows": 0, "session": "2026-07-08", "sessions": 80, "stage": "historical_formation", "status": "working"}
SENTINEL_FEED_PROGRESS={"elapsed_ms": 0, "required_sessions": 126, "rows": 0, "session": "2026-07-22", "sessions": 90, "stage": "historical_formation", "status": "working"}
SENTINEL_FEED_PROGRESS={"elapsed_ms": 0, "required_sessions": 126, "rows": 0, "session": "2026-08-05", "sessions": 100, "stage": "historical_formation", "status": "working"}
SENTINEL_FEED_PROGRESS={"elapsed_ms": 0, "required_sessions": 126, "rows": 0, "session": "2026-08-19", "sessions": 110, "stage": "historical_formation", "status": "working"}
SENTINEL_FEED_PROGRESS={"elapsed_ms": 0, "required_sessions": 126, "rows": 0, "session": "2026-09-02", "sessions": 120, "stage": "historical_formation", "status": "working"}
SENTINEL_FEED_PROGRESS={"elapsed_ms": 0, "required_sessions": 126, "rows": 0, "session": "2026-09-11", "sessions": 126, "stage": "historical_formation", "status": "completed"}
=========================== short test summary info ============================
FAILED tests/sentinel/test_rolling_admission_readers.py::test_warmup_is_the_selected_canonical_production_transition
============================== 1 failed in 32.23s ==============================
