FROZEN_VALIDATION_SOURCE_SHA256=3cbd0539133ea002ea21a8721642edf5442d2f8c6a099fe6c4e7d28ff99bcd4b
============================= test session starts ==============================
platform linux -- Python 3.12.13, pytest-8.4.2, pluggy-1.6.0 -- /usr/local/bin/python
rootdir: /tmp/repo
configfile: pytest.ini
plugins: asyncio-1.2.0, anyio-4.14.2
asyncio: mode=Mode.STRICT, debug=False, asyncio_default_fixture_loop_scope=None, asyncio_default_test_loop_scope=function
collecting ... collected 179 items

tests/scripts/test_sentinel_go_validate.py::test_gate_ids_and_bundle_members_are_exact_contract PASSED [  0%]
tests/scripts/test_sentinel_go_validate.py::test_shadow_and_paper_verdicts_are_independent PASSED [  1%]
tests/scripts/test_sentinel_go_validate.py::test_paper_go_requires_every_gate_to_pass PASSED [  1%]
tests/scripts/test_sentinel_go_validate.py::test_dual_run_requires_shadow_go_and_read_only_cash_only_paper_account PASSED [  2%]
tests/scripts/test_sentinel_go_validate.py::test_any_mutation_boundary_breach_blocks_both_verdicts[1-0] PASSED [  2%]
tests/scripts/test_sentinel_go_validate.py::test_any_mutation_boundary_breach_blocks_both_verdicts[0-1] PASSED [  3%]
tests/scripts/test_sentinel_go_validate.py::test_any_mutation_boundary_breach_blocks_both_verdicts[2-3] PASSED [  3%]
tests/scripts/test_sentinel_go_validate.py::test_development_input_can_never_authorize_deployment PASSED [  4%]
tests/scripts/test_sentinel_go_validate.py::test_prevalidation_preparation_is_required_for_both_verdicts PASSED [  5%]
tests/scripts/test_sentinel_go_validate.py::test_database_financial_health_is_an_independent_mandatory_gate PASSED [  5%]
tests/scripts/test_sentinel_go_validate.py::test_validation_reports_preparation_outside_zero_write_boundary PASSED [  6%]
tests/scripts/test_sentinel_go_validate.py::test_bundle_contains_only_allowlisted_sanitized_members PASSED [  6%]
tests/scripts/test_sentinel_go_validate.py::test_same_inputs_create_byte_identical_zip PASSED [  7%]
tests/scripts/test_sentinel_go_validate.py::test_bundle_write_is_no_clobber PASSED [  7%]
tests/scripts/test_sentinel_go_validate.py::test_secret_scanner_detects_raw_and_encoded_values PASSED [  8%]
tests/scripts/test_sentinel_go_validate.py::test_zip_with_extra_member_is_refused PASSED [  8%]
tests/scripts/test_sentinel_go_validate.py::test_alpaca_probe_is_get_only_and_retains_no_raw_financial_values PASSED [  9%]
tests/scripts/test_sentinel_go_validate.py::test_alpaca_probe_refuses_credentials_for_a_different_configured_account PASSED [ 10%]
tests/scripts/test_sentinel_go_validate.py::test_missing_command_becomes_a_nonzero_observation_not_an_exception PASSED [ 10%]
tests/scripts/test_sentinel_go_validate.py::test_git_probe_refreshes_origin_main_before_comparison[0-PASS] PASSED [ 11%]
tests/scripts/test_sentinel_go_validate.py::test_git_probe_refreshes_origin_main_before_comparison[1-FAIL] PASSED [ 11%]
tests/scripts/test_sentinel_go_validate.py::test_readiness_probe_code_enforces_read_only_and_never_saves_snapshot PASSED [ 12%]
tests/scripts/test_sentinel_go_validate.py::test_readiness_runs_exact_runtime_digest_and_requires_sharadar_authority PASSED [ 12%]
tests/scripts/test_sentinel_go_validate.py::test_database_health_probe_is_read_only_pinned_and_reports_exact_margin PASSED [ 13%]
tests/scripts/test_sentinel_go_validate.py::test_database_health_probe_fails_closed_on_timing_or_plan_margin PASSED [ 13%]
tests/scripts/test_sentinel_go_validate.py::test_active_wealth_parity_runs_candidate_in_read_only_compose_boundary[None] PASSED [ 14%]
tests/scripts/test_sentinel_go_validate.py::test_active_wealth_parity_runs_candidate_in_read_only_compose_boundary[100000] PASSED [ 15%]
tests/scripts/test_sentinel_go_validate.py::test_rolling_data_proof_cannot_grant_legacy_runtime_authority PASSED [ 15%]
tests/scripts/test_sentinel_go_validate.py::test_rolling_go_proof_requires_supported_runtime_and_exact_input_scope[None] PASSED [ 16%]
tests/scripts/test_sentinel_go_validate.py::test_rolling_go_proof_requires_supported_runtime_and_exact_input_scope[contract] PASSED [ 16%]
tests/scripts/test_sentinel_go_validate.py::test_rolling_go_proof_requires_supported_runtime_and_exact_input_scope[scope] PASSED [ 17%]
tests/scripts/test_sentinel_go_validate.py::test_rolling_go_proof_requires_supported_runtime_and_exact_input_scope[version] PASSED [ 17%]
tests/scripts/test_sentinel_go_validate.py::test_rolling_go_proof_requires_supported_runtime_and_exact_input_scope[snapshot] PASSED [ 18%]
tests/scripts/test_sentinel_go_validate.py::test_rolling_go_proof_requires_supported_runtime_and_exact_input_scope[identity] PASSED [ 18%]
tests/scripts/test_sentinel_go_validate.py::test_rolling_go_proof_requires_supported_runtime_and_exact_input_scope[authority] PASSED [ 19%]
tests/scripts/test_sentinel_go_validate.py::test_owned55_go_requires_the_formed_book_proof[None] PASSED [ 20%]
tests/scripts/test_sentinel_go_validate.py::test_owned55_go_requires_the_formed_book_proof[missing] PASSED [ 20%]
tests/scripts/test_sentinel_go_validate.py::test_owned55_go_requires_the_formed_book_proof[policy] PASSED [ 21%]
tests/scripts/test_sentinel_go_validate.py::test_owned55_go_requires_the_formed_book_proof[count] PASSED [ 21%]
tests/scripts/test_sentinel_go_validate.py::test_owned55_go_requires_the_formed_book_proof[state] PASSED [ 22%]
tests/scripts/test_sentinel_go_validate.py::test_owned55_go_requires_the_formed_book_proof[legacy_scope] PASSED [ 22%]
tests/scripts/test_sentinel_go_validate.py::test_shadow_configuration_digest_is_exact_runtime_contract PASSED [ 23%]
tests/scripts/test_sentinel_go_validate.py::test_shadow_configuration_rejects_invalid_model_inputs PASSED [ 24%]
tests/scripts/test_sentinel_go_validate.py::test_active_wealth_parity_refuses_a_non_read_only_report PASSED [ 24%]
tests/scripts/test_sentinel_go_validate.py::test_operational_parity_rejects_invalid_or_different_image_evidence[sha256:bbbbbbbbbbbbbbbbbbbbbbbbbbbbbbbbbbbbbbbbbbbbbbbbbbbbbbbbbbbbbbbb-path0-8888888888888888888888888888888888888888888888888888888888888888] PASSED [ 25%]
tests/scripts/test_sentinel_go_validate.py::test_operational_parity_rejects_invalid_or_different_image_evidence[sha256:bbbbbbbbbbbbbbbbbbbbbbbbbbbbbbbbbbbbbbbbbbbbbbbbbbbbbbbbbbbbbbbb-path1-8888888888888888888888888888888888888888888888888888888888888888] PASSED [ 25%]
tests/scripts/test_sentinel_go_validate.py::test_operational_parity_rejects_invalid_or_different_image_evidence[sha256:bbbbbbbbbbbbbbbbbbbbbbbbbbbbbbbbbbbbbbbbbbbbbbbbbbbbbbbbbbbbbbbb-path2-8888888888888888888888888888888888888888888888888888888888888888] PASSED [ 26%]
tests/scripts/test_sentinel_go_validate.py::test_operational_parity_rejects_invalid_or_different_image_evidence[sha256:bbbbbbbbbbbbbbbbbbbbbbbbbbbbbbbbbbbbbbbbbbbbbbbbbbbbbbbbbbbbbbbb-path3-8888888888888888888888888888888888888888888888888888888888888888] PASSED [ 26%]
tests/scripts/test_sentinel_go_validate.py::test_operational_parity_rejects_invalid_or_different_image_evidence[sha256:bbbbbbbbbbbbbbbbbbbbbbbbbbbbbbbbbbbbbbbbbbbbbbbbbbbbbbbbbbbbbbbb-path4-legacy-strategy] PASSED [ 27%]
tests/scripts/test_sentinel_go_validate.py::test_operational_parity_rejects_invalid_or_different_image_evidence[sha256:bbbbbbbbbbbbbbbbbbbbbbbbbbbbbbbbbbbbbbbbbbbbbbbbbbbbbbbbbbbbbbbb-path5-8888888888888888888888888888888888888888888888888888888888888888] PASSED [ 27%]
tests/scripts/test_sentinel_go_validate.py::test_operational_parity_rejects_invalid_or_different_image_evidence[sha256:bbbbbbbbbbbbbbbbbbbbbbbbbbbbbbbbbbbbbbbbbbbbbbbbbbbbbbbbbbbbbbbb-path6-different] PASSED [ 28%]
tests/scripts/test_sentinel_go_validate.py::test_operational_parity_rejects_invalid_or_different_image_evidence[sha256:bbbbbbbbbbbbbbbbbbbbbbbbbbbbbbbbbbbbbbbbbbbbbbbbbbbbbbbbbbbbbbbb-path7-8888888888888888888888888888888888888888] PASSED [ 29%]
tests/scripts/test_sentinel_go_validate.py::test_operational_parity_rejects_invalid_or_different_image_evidence[sha256:cccccccccccccccccccccccccccccccccccccccccccccccccccccccccccccccc-path8-8888888888888888888888888888888888888888888888888888888888888888] PASSED [ 29%]
tests/scripts/test_sentinel_go_validate.py::test_operational_parity_rejects_invalid_or_different_image_evidence[sha256:cccccccccccccccccccccccccccccccccccccccccccccccccccccccccccccccc-path9-251] PASSED [ 30%]
tests/scripts/test_sentinel_go_validate.py::test_operational_parity_rejects_invalid_or_different_image_evidence[sha256:cccccccccccccccccccccccccccccccccccccccccccccccccccccccccccccccc-path10-False] PASSED [ 30%]
tests/scripts/test_sentinel_go_validate.py::test_operational_parity_rejects_invalid_or_different_image_evidence[sha256:cccccccccccccccccccccccccccccccccccccccccccccccccccccccccccccccc-path11-value11] PASSED [ 31%]
tests/scripts/test_sentinel_go_validate.py::test_operational_parity_rejects_invalid_or_different_image_evidence[sha256:cccccccccccccccccccccccccccccccccccccccccccccccccccccccccccccccc-path12-malformed] PASSED [ 31%]
tests/scripts/test_sentinel_go_validate.py::test_operational_parity_rejects_invalid_or_different_image_evidence[sha256:cccccccccccccccccccccccccccccccccccccccccccccccccccccccccccccccc-path13-value13] PASSED [ 32%]
tests/scripts/test_sentinel_go_validate.py::test_operational_parity_reuses_identical_certified_image_and_binds_cash PASSED [ 32%]
tests/scripts/test_sentinel_go_validate.py::test_upgrade_preparation_uses_exact_runtime_without_broker_authority PASSED [ 33%]
tests/scripts/test_sentinel_go_validate.py::test_upgrade_preparation_without_sharadar_is_not_proven PASSED [ 34%]
tests/scripts/test_sentinel_go_validate.py::test_certified_probe_runs_all_three_merge_critical_suites_without_network PASSED [ 34%]
tests/scripts/test_sentinel_go_validate.py::test_certified_probe_treats_a_signal_terminated_suite_as_failure PASSED [ 35%]
tests/scripts/test_sentinel_go_validate.py::test_dev_cli_emits_no_go_bundle_without_docker_network_or_keys PASSED [ 35%]
tests/scripts/test_sentinel_go_validate.py::test_shell_launcher_never_sources_dotenv_or_echoes_credentials PASSED [ 36%]
tests/scripts/test_sentinel_go_suites.py::test_any_incomplete_partition_blocks_go[-9-10 passed in 1s-general] PASSED [ 36%]
tests/scripts/test_sentinel_go_suites.py::test_any_incomplete_partition_blocks_go[-9-10 passed in 1s-rolling] PASSED [ 37%]
tests/scripts/test_sentinel_go_suites.py::test_any_incomplete_partition_blocks_go[-9-10 passed in 1s-warmup] PASSED [ 37%]
tests/scripts/test_sentinel_go_suites.py::test_any_incomplete_partition_blocks_go[-9-10 passed in 1s-automation] PASSED [ 38%]
tests/scripts/test_sentinel_go_suites.py::test_any_incomplete_partition_blocks_go[1-9 passed, 1 failed in 1s-general] PASSED [ 39%]
tests/scripts/test_sentinel_go_suites.py::test_any_incomplete_partition_blocks_go[1-9 passed, 1 failed in 1s-rolling] PASSED [ 39%]
tests/scripts/test_sentinel_go_suites.py::test_any_incomplete_partition_blocks_go[1-9 passed, 1 failed in 1s-warmup] PASSED [ 40%]
tests/scripts/test_sentinel_go_suites.py::test_any_incomplete_partition_blocks_go[1-9 passed, 1 failed in 1s-automation] PASSED [ 40%]
tests/scripts/test_sentinel_go_suites.py::test_any_incomplete_partition_blocks_go[0--general] PASSED [ 41%]
tests/scripts/test_sentinel_go_suites.py::test_any_incomplete_partition_blocks_go[0--rolling] PASSED [ 41%]
tests/scripts/test_sentinel_go_suites.py::test_any_incomplete_partition_blocks_go[0--warmup] PASSED [ 42%]
tests/scripts/test_sentinel_go_suites.py::test_any_incomplete_partition_blocks_go[0--automation] PASSED [ 43%]
tests/scripts/test_sentinel_go_suites.py::test_any_incomplete_partition_blocks_go[0-1 skipped in 1s-general] PASSED [ 43%]
tests/scripts/test_sentinel_go_suites.py::test_any_incomplete_partition_blocks_go[0-1 skipped in 1s-rolling] PASSED [ 44%]
tests/scripts/test_sentinel_go_suites.py::test_any_incomplete_partition_blocks_go[0-1 skipped in 1s-warmup] PASSED [ 44%]
tests/scripts/test_sentinel_go_suites.py::test_any_incomplete_partition_blocks_go[0-1 skipped in 1s-automation] PASSED [ 45%]
tests/scripts/test_sentinel_go_suites.py::test_any_incomplete_partition_blocks_go[0-9 passed, 1 xfailed in 1s-general] PASSED [ 45%]
tests/scripts/test_sentinel_go_suites.py::test_any_incomplete_partition_blocks_go[0-9 passed, 1 xfailed in 1s-rolling] PASSED [ 46%]
tests/scripts/test_sentinel_go_suites.py::test_any_incomplete_partition_blocks_go[0-9 passed, 1 xfailed in 1s-warmup] PASSED [ 46%]
tests/scripts/test_sentinel_go_suites.py::test_any_incomplete_partition_blocks_go[0-9 passed, 1 xfailed in 1s-automation] PASSED [ 47%]
tests/scripts/test_sentinel_go_suites.py::test_any_incomplete_partition_blocks_go[0-9 passed, 1 xpassed in 1s-general] PASSED [ 48%]
tests/scripts/test_sentinel_go_suites.py::test_any_incomplete_partition_blocks_go[0-9 passed, 1 xpassed in 1s-rolling] PASSED [ 48%]
tests/scripts/test_sentinel_go_suites.py::test_any_incomplete_partition_blocks_go[0-9 passed, 1 xpassed in 1s-warmup] PASSED [ 49%]
tests/scripts/test_sentinel_go_suites.py::test_any_incomplete_partition_blocks_go[0-9 passed, 1 xpassed in 1s-automation] PASSED [ 49%]
tests/scripts/test_sentinel_go_suites.py::test_any_incomplete_partition_blocks_go[0-9 passed, 1 error in 1s-general] PASSED [ 50%]
tests/scripts/test_sentinel_go_suites.py::test_any_incomplete_partition_blocks_go[0-9 passed, 1 error in 1s-rolling] PASSED [ 50%]
tests/scripts/test_sentinel_go_suites.py::test_any_incomplete_partition_blocks_go[0-9 passed, 1 error in 1s-warmup] PASSED [ 51%]
tests/scripts/test_sentinel_go_suites.py::test_any_incomplete_partition_blocks_go[0-9 passed, 1 error in 1s-automation] PASSED [ 51%]
tests/scripts/test_sentinel_go_suites.py::test_partition_plugin_covers_unknown_and_nested_modules_once PASSED [ 52%]
tests/scripts/test_sentinel_single_runtime_go_build.py::test_production_go_certification_builds_runtime_then_test_lens_only PASSED [ 53%]
tests/scripts/test_sentinel_go_ci_runtime.py::test_cached_exact_registry_digest_is_reused_without_pull PASSED [ 53%]
tests/scripts/test_sentinel_go_ci_runtime.py::test_runtime_requires_current_operational_parity_helper[True] PASSED [ 54%]
tests/scripts/test_sentinel_go_ci_runtime.py::test_runtime_requires_current_operational_parity_helper[False] PASSED [ 54%]
tests/scripts/test_sentinel_go_ci_runtime.py::test_missing_exact_registry_digest_is_pulled_then_bound PASSED [ 55%]
tests/scripts/test_sentinel_go_ci_runtime.py::test_wrong_cached_repo_digest_refuses PASSED [ 55%]
tests/scripts/test_sentinel_go_ci_runtime.py::test_wrong_certificate_reference_digest_refuses_before_docker PASSED [ 56%]
tests/scripts/test_sentinel_go_ci_runtime.py::test_current_run_binding_cannot_be_reused_by_another_go_invocation PASSED [ 56%]
tests/scripts/test_sentinel_go_ci_runtime.py::test_verifier_refusal_fails_software_certification_gate PASSED [ 57%]
tests/scripts/test_sentinel_go_ci_runtime.py::test_test_count_read_is_pinned_to_already_verified_publication PASSED [ 58%]
tests/scripts/test_sentinel_go_ci_runtime.py::test_local_full_build_graph_has_one_runtime_and_one_test_lens_only PASSED [ 58%]
tests/scripts/test_sentinel_go_ci_runtime.py::test_default_launcher_uses_ci_and_local_full_is_explicit PASSED [ 59%]
tests/scripts/test_sentinel_go_ci_runtime.py::test_ci_promotion_selects_registry_digest_only_after_target_proof PASSED [ 59%]
tests/scripts/test_sentinel_go_ci_runtime.py::test_compose_pointer_accepts_registry_digest_and_rejects_mutable_tag PASSED [ 60%]
tests/sentinel/test_rolling_admission_readers.py::test_warmup_is_the_selected_canonical_production_transition PASSED [ 60%]
tests/sentinel/test_rolling_admission_readers.py::test_owned_candidate_and_issuer_refuse_rehashed_cold_warmup PASSED [ 61%]
tests/sentinel/test_rolling_admission_readers.py::test_signed_rolling_candidate_installs_and_activates_with_reobserved_inputs PASSED [ 62%]
tests/sentinel/test_rolling_admission_readers.py::test_public_candidate_cli_holds_one_generation_across_all_stages PASSED [ 62%]
tests/sentinel/test_rolling_admission_readers.py::test_offline_issuer_refuses_rehashed_evidence_for_different_strategy_or_corpus PASSED [ 63%]
tests/sentinel/test_rolling_admission_readers.py::test_candidate_refuses_warmup_for_different_generation_or_strategy[publication_fingerprint] PASSED [ 63%]
tests/sentinel/test_rolling_admission_readers.py::test_candidate_refuses_warmup_for_different_generation_or_strategy[strategy_identity_sha256] PASSED [ 64%]
tests/sentinel/test_rolling_admission_readers.py::test_candidate_refuses_warmup_for_different_generation_or_strategy[decision_session] FAILED [ 64%]
tests/sentinel/test_rolling_admission_readers.py::test_readiness_cache_is_bound_to_authenticated_publication PASSED [ 65%]
tests/sentinel/test_rolling_admission_readers.py::test_informational_paper_panel_receives_the_rolling_frontier PASSED [ 65%]
tests/sentinel/test_rolling_admission_readers.py::test_stale_readiness_is_a_failure_not_a_provider_retry_permission PASSED [ 66%]
tests/sentinel/test_rolling_admission_readers.py::test_integrity_refusal_never_dispatches_to_a_different_reader PASSED [ 67%]
tests/sentinel/test_rolling_admission_readers.py::test_generated_installer_programs_read_real_rolling_publication PASSED [ 67%]
tests/sentinel/test_paper_observation_authority.py::test_live_endpoint_and_nonpaper_account_claims_refuse PASSED [ 68%]
tests/sentinel/test_paper_observation_authority.py::test_float_warmup_evidence_and_comparison_are_canonical PASSED [ 68%]
tests/sentinel/test_paper_observation_authority.py::test_offline_issuer_refuses_legacy_warmup_without_selected_strategy_binding PASSED [ 69%]
tests/sentinel/test_paper_observation_authority.py::test_expiry_limit_expiry_and_signature_tamper_refuse PASSED [ 69%]
tests/sentinel/test_paper_observation_authority.py::test_digest_corpus_metadata_and_account_mismatch_refuse PASSED [ 70%]
tests/sentinel/test_paper_observation_authority.py::test_restart_persistence_and_expired_safety_scope PASSED [ 70%]
tests/sentinel/test_operational_parity.py::test_current_champion_real_startup_and_restart_from_operational_window PASSED [ 71%]
tests/sentinel/test_operational_parity.py::test_legacy_observation_warmup_uses_the_same_selected_production_strategy PASSED [ 72%]
tests/sentinel/test_operational_parity.py::test_real_transition_faults_refuse_and_rollback[mutate_prior] PASSED [ 72%]
tests/sentinel/test_operational_parity.py::test_real_transition_faults_refuse_and_rollback[mutate_input] PASSED [ 73%]
tests/sentinel/test_operational_parity.py::test_real_transition_faults_refuse_and_rollback[restart_diverges] PASSED [ 73%]
tests/sentinel/test_operational_parity.py::test_real_transition_faults_refuse_and_rollback[wrong_version] PASSED [ 74%]
tests/sentinel/test_operational_parity.py::test_real_transition_faults_refuse_and_rollback[no_advance] PASSED [ 74%]
tests/sentinel/test_operational_parity.py::test_writable_snapshot_is_refused_before_loading_inputs PASSED [ 75%]
tests/sentinel/test_operational_parity.py::test_wrong_image_revision_is_refused_before_database_reads PASSED [ 75%]
tests/sentinel/test_image_layout.py::TestCopyDirectiveReconstruction::test_copy_forms[COPY source /app/target\n-expected0] PASSED [ 76%]
tests/sentinel/test_image_layout.py::TestCopyDirectiveReconstruction::test_copy_forms[COPY source \\\n  /app/target\n-expected1] PASSED [ 77%]
tests/sentinel/test_image_layout.py::TestCopyDirectiveReconstruction::test_copy_forms[COPY source \\\r\n  /app/target\r\n-expected2] PASSED [ 77%]
tests/sentinel/test_image_layout.py::TestCopyDirectiveReconstruction::test_copy_forms[COPY one two /tmp/req/\n-expected3] PASSED [ 78%]
tests/sentinel/test_image_layout.py::TestCopyDirectiveReconstruction::test_copy_forms[COPY one \\\n two \\\n /tmp/req/\n-expected4] PASSED [ 78%]
tests/sentinel/test_image_layout.py::TestCopyDirectiveReconstruction::test_copy_forms[COPY "source file" "/app/target file"\n-expected5] PASSED [ 79%]
tests/sentinel/test_image_layout.py::TestCopyDirectiveReconstruction::test_copy_forms[COPY ["source file", "/app/target file"]\n-expected6] PASSED [ 79%]
tests/sentinel/test_image_layout.py::TestCopyDirectiveReconstruction::test_copy_forms[COPY --chown=10001:10001 --chmod=0444 source /app/target\n-expected7] PASSED [ 80%]
tests/sentinel/test_image_layout.py::TestCopyDirectiveReconstruction::test_copy_forms[# COPY ignored /ignored\nRUN echo COPY ignored /ignored\n-expected8] PASSED [ 81%]
tests/sentinel/test_image_layout.py::TestCopyDirectiveReconstruction::test_unsupported_or_incomplete_copy_refuses[COPY source\n] PASSED [ 81%]
tests/sentinel/test_image_layout.py::TestCopyDirectiveReconstruction::test_unsupported_or_incomplete_copy_refuses[COPY source \\\n] PASSED [ 82%]
tests/sentinel/test_image_layout.py::TestCopyDirectiveReconstruction::test_unsupported_or_incomplete_copy_refuses[COPY --from=builder source /target\n] PASSED [ 82%]
tests/sentinel/test_image_layout.py::TestCopyDirectiveReconstruction::test_reconstruction_preserves_all_paths_and_file_bytes PASSED [ 83%]
tests/sentinel/test_image_layout.py::TestCopyDirectiveReconstruction::test_reconstruction_still_refuses_missing_source PASSED [ 83%]
tests/sentinel/test_image_layout.py::TestTheImageLayout::test_sentinel_runs_with_the_repo_ABSENT PASSED [ 84%]
tests/sentinel/test_image_layout.py::TestTheImageLayout::test_the_default_command_does_not_TRADE PASSED [ 84%]
tests/sentinel/test_image_layout.py::TestTheImageCarriesItsRUNTIME_DEPENDENCIES::test_EVERY_reachable_third_party_import_is_installed PASSED [ 85%]
tests/sentinel/test_image_layout.py::TestTheImageCarriesItsRUNTIME_DEPENDENCIES::test_shared_still_does_not_declare_the_driver PASSED [ 86%]
tests/sentinel/test_image_layout.py::TestTheImageCarriesItsRUNTIME_DEPENDENCIES::test_the_walk_actually_reaches_the_BROKER PASSED [ 86%]
tests/sentinel/test_image_layout.py::TestRetirementProperties::test_the_image_does_not_build_FROM_stocker_base PASSED [ 87%]
tests/sentinel/test_image_layout.py::TestRetirementProperties::test_no_stocker_SERVICE_is_imported_by_sentinel PASSED [ 87%]
tests/sentinel/test_image_layout.py::TestComposeSafety::test_the_ownership_log_is_on_a_NAMED_VOLUME PASSED [ 88%]
tests/sentinel/test_image_layout.py::TestComposeSafety::test_it_has_its_OWN_compose_project PASSED [ 88%]
tests/sentinel/test_image_layout.py::TestComposeSafety::test_up_does_not_start_a_liquidation PASSED [ 89%]
tests/sentinel/test_image_layout.py::TestComposeSafety::test_the_default_endpoint_is_PAPER PASSED [ 89%]
tests/sentinel/test_image_layout.py::TestTheBuildContextCarriesWhatTheDockerfilesCOPY::test_there_are_copies_to_check PASSED [ 90%]
tests/sentinel/test_image_layout.py::TestTheBuildContextCarriesWhatTheDockerfilesCOPY::test_no_dockerfile_copies_an_ignored_path PASSED [ 91%]
tests/sentinel/test_image_layout.py::TestTheBuildContextCarriesWhatTheDockerfilesCOPY::test_the_context_is_still_pruned PASSED [ 91%]
tests/sentinel/test_image_layout.py::TestTheBuildContextCarriesWhatTheDockerfilesCOPY::test_the_matcher_understands_re_inclusion PASSED [ 92%]
tests/sentinel/test_image_layout.py::TestTheBuildContextCarriesWhatTheDockerfilesCOPY::test_no_dockerfile_copies_the_whole_context PASSED [ 92%]
tests/sentinel/test_image_layout.py::TestTheCleanCertificationImageInspectionBundle::test_every_repository_inspection_input_is_copied_to_the_nonimportable_root PASSED [ 93%]
tests/sentinel/test_image_layout.py::TestTheCleanCertificationImageInspectionBundle::test_runnable_suite_inputs_stay_on_the_work_root PASSED [ 93%]
tests/sentinel/test_image_layout.py::TestTheCleanCertificationImageInspectionBundle::test_the_inspected_docs_survive_the_pruned_build_context PASSED [ 94%]
tests/sentinel/test_image_layout.py::TestEveryRepoPathTheCodeREADS_IsCopiedIn::test_the_extractor_still_finds_the_known_ones PASSED [ 94%]
tests/sentinel/test_image_layout.py::TestEveryRepoPathTheCodeREADS_IsCopiedIn::test_the_RUNTIME_image_carries_every_path_sentinel_reads PASSED [ 95%]
tests/sentinel/test_image_layout.py::TestEveryRepoPathTheCodeREADS_IsCopiedIn::test_the_TEST_image_carries_every_path_the_suite_reads PASSED [ 96%]
tests/sentinel/test_image_layout.py::TestEveryRepoPathTheCodeREADS_IsCopiedIn::test_the_runtime_paths_also_resolve_under_the_TEST_image_repo_root PASSED [ 96%]
tests/sentinel/test_image_layout.py::TestEveryRepoPathTheCodeREADS_IsCopiedIn::test_every_named_path_actually_EXISTS PASSED [ 97%]
tests/sentinel/test_image_layout.py::TestNoRepoFileIsReadThroughROOT::test_both_sides_of_the_rule_are_populated PASSED [ 97%]
tests/sentinel/test_image_layout.py::TestNoRepoFileIsReadThroughROOT::test_no_test_module_reads_a_repo_file_through_ROOT PASSED [ 98%]
tests/sentinel/test_image_layout.py::TestEveryBinaryTheSuiteShellsOutToIsInstalled::test_the_bash_exemption_still_has_its_PREMISE PASSED [ 98%]
tests/sentinel/test_image_layout.py::TestEveryBinaryTheSuiteShellsOutToIsInstalled::test_the_parser_sees_the_install_line PASSED [ 99%]
tests/sentinel/test_image_layout.py::TestEveryBinaryTheSuiteShellsOutToIsInstalled::test_every_invoked_binary_is_installed PASSED [100%]

=================================== FAILURES ===================================
_ test_candidate_refuses_warmup_for_different_generation_or_strategy[decision_session] _
sentinel/observation_startup.py:31: in require
    days = calendar.previous_sessions(warmup.get('decision_session'), 379)
           ^^^^^^^^^^^^^^^^^^^^^^^^^^^^^^^^^^^^^^^^^^^^^^^^^^^^^^^^^^^^^^^
sentinel/feed/calendar.py:163: in previous_sessions
    anchor = cal.date_to_session(pd.Timestamp(str(end)), direction="previous")
                                 ^^^^^^^^^^^^^^^^^^^^^^
pandas/_libs/tslibs/timestamps.pyx:2738: in pandas._libs.tslibs.timestamps.Timestamp.__new__
    ???
pandas/_libs/tslibs/conversion.pyx:367: in pandas._libs.tslibs.conversion.convert_to_tsobject
    ???
pandas/_libs/tslibs/conversion.pyx:658: in pandas._libs.tslibs.conversion.convert_str_to_tsobject
    ???
pandas/_libs/tslibs/parsing.pyx:321: in pandas._libs.tslibs.parsing.parse_datetime_string
    ???
pandas/_libs/tslibs/parsing.pyx:652: in pandas._libs.tslibs.parsing.dateutil_parse
    ???
E   pandas._libs.tslibs.parsing.DateParseError: Unknown datetime string format, unable to parse: different

The above exception was the direct cause of the following exception:
tests/sentinel/test_rolling_admission_readers.py:226: in test_candidate_refuses_warmup_for_different_generation_or_strategy
    _candidate(conn, warmup)
tests/sentinel/test_rolling_admission_readers.py:51: in _candidate
    return observation.build_candidate(
sentinel/observation_authority.py:356: in build_candidate
    observation_startup.require(warmup, strategy_sha256=canonical_sha256(strategy_identity),
sentinel/observation_startup.py:33: in require
    raise AuthorityRefused('Owned55 observation decision session is invalid') from exc
E   sentinel.authority.model.AuthorityRefused: Owned55 observation decision session is invalid

During handling of the above exception, another exception occurred:
tests/sentinel/test_rolling_admission_readers.py:225: in test_candidate_refuses_warmup_for_different_generation_or_strategy
    with pytest.raises(authority.AuthorityRefused, match="warmup publication or strategy"):
         ^^^^^^^^^^^^^^^^^^^^^^^^^^^^^^^^^^^^^^^^^^^^^^^^^^^^^^^^^^^^^^^^^^^^^^^^^^^^^^^^^
E   AssertionError: Regex pattern did not match.
E    Regex: 'warmup publication or strategy'
E    Input: 'Owned55 observation decision session is invalid'
---------------------------- Captured stderr setup -----------------------------
SENTINEL_FEED_PROGRESS={"elapsed_ms": 0, "job_id": "faebb2de-1bc6-4507-9034-714b380d3519", "rows": 0, "stage": "rolling_identity", "status": "started", "subphase": "alias_discovery"}
SENTINEL_FEED_PROGRESS={"elapsed_ms": 0, "job_id": "faebb2de-1bc6-4507-9034-714b380d3519", "rows": 5000, "stage": "rolling_identity", "status": "working", "subphase": "alias_discovery"}
SENTINEL_FEED_PROGRESS={"elapsed_ms": 205, "job_id": "faebb2de-1bc6-4507-9034-714b380d3519", "rows": 9475, "stage": "rolling_identity", "status": "completed", "subphase": "alias_discovery"}
SENTINEL_FEED_PROGRESS={"elapsed_ms": 0, "job_id": "faebb2de-1bc6-4507-9034-714b380d3519", "rows": 0, "stage": "rolling_identity", "status": "started", "subphase": "independent_coverage"}
SENTINEL_FEED_PROGRESS={"elapsed_ms": 0, "job_id": "faebb2de-1bc6-4507-9034-714b380d3519", "rows": 5000, "stage": "rolling_identity", "status": "working", "subphase": "independent_coverage"}
SENTINEL_FEED_PROGRESS={"elapsed_ms": 207, "job_id": "faebb2de-1bc6-4507-9034-714b380d3519", "rows": 9475, "stage": "rolling_identity", "status": "completed", "subphase": "independent_coverage"}
SENTINEL_FEED_PROGRESS={"elapsed_ms": 0, "job_id": "faebb2de-1bc6-4507-9034-714b380d3519", "rows": 0, "stage": "rolling_normalization", "status": "started"}
SENTINEL_FEED_PROGRESS={"elapsed_ms": 0, "job_id": "faebb2de-1bc6-4507-9034-714b380d3519", "rows": 5000, "stage": "rolling_normalization", "status": "working"}
SENTINEL_FEED_PROGRESS={"elapsed_ms": 0, "job_id": "faebb2de-1bc6-4507-9034-714b380d3519", "rows": 9475, "stage": "rolling_normalization", "status": "working"}
SENTINEL_FEED_PROGRESS={"elapsed_ms": 533, "job_id": "faebb2de-1bc6-4507-9034-714b380d3519", "rows": 9475, "stage": "rolling_normalization", "status": "completed"}
SENTINEL_FEED_PROGRESS={"elapsed_ms": 0, "job_id": "faebb2de-1bc6-4507-9034-714b380d3519", "rows": 0, "stage": "rolling_seal", "status": "started"}
SENTINEL_FEED_PROGRESS={"elapsed_ms": 122, "job_id": "faebb2de-1bc6-4507-9034-714b380d3519", "rows": 9475, "stage": "rolling_seal", "status": "completed"}
SENTINEL_FEED_PROGRESS={"elapsed_ms": 0, "job_id": "faebb2de-1bc6-4507-9034-714b380d3519", "rows": 0, "stage": "rolling_operational_validation", "status": "started"}
SENTINEL_FEED_PROGRESS={"elapsed_ms": 190, "job_id": "faebb2de-1bc6-4507-9034-714b380d3519", "rows": 0, "stage": "rolling_operational_validation", "status": "completed"}
SENTINEL_FEED_PROGRESS={"elapsed_ms": 0, "job_id": "faebb2de-1bc6-4507-9034-714b380d3519", "rows": 0, "stage": "rolling_operational_publication", "status": "started"}
SENTINEL_FEED_PROGRESS={"elapsed_ms": 57, "job_id": "faebb2de-1bc6-4507-9034-714b380d3519", "rows": 0, "stage": "rolling_operational_publication", "status": "completed"}
=========================== short test summary info ============================
FAILED tests/sentinel/test_rolling_admission_readers.py::test_candidate_refuses_warmup_for_different_generation_or_strategy[decision_session]
================== 1 failed, 178 passed in 179.13s (0:02:59) ===================
